../Core/Src/w5500/w5500_spi.c:7:9:SPIReadWrite	16	static
../Core/Src/w5500/w5500_spi.c:15:6:wizchip_select	8	static
../Core/Src/w5500/w5500_spi.c:19:6:wizchip_deselect	8	static
../Core/Src/w5500/w5500_spi.c:23:9:wizchip_read	16	static
../Core/Src/w5500/w5500_spi.c:29:6:wizchip_write	16	static
../Core/Src/w5500/w5500_spi.c:33:6:wizchip_readburst	24	static
../Core/Src/w5500/w5500_spi.c:39:6:wizchip_writeburst	24	static
../Core/Src/w5500/w5500_spi.c:46:6:W5500IOInit	32	static
../Core/Src/w5500/w5500_spi.c:58:6:W5500Init	40	static
