Archive member included to satisfy reference by file (symbol)

C:/ST/STM32CubeIDE_1.13.2/STM32CubeIDE/plugins/com.st.stm32cube.ide.mcu.externaltools.gnu-tools-for-stm32.11.3.rel1.win32_1.1.1.202309131626/tools/bin/../lib/gcc/arm-none-eabi/11.3.1/../../../../arm-none-eabi/lib/thumb/v7-m/nofp\libc_nano.a(libc_a-exit.o)
                              C:/ST/STM32CubeIDE_1.13.2/STM32CubeIDE/plugins/com.st.stm32cube.ide.mcu.externaltools.gnu-tools-for-stm32.11.3.rel1.win32_1.1.1.202309131626/tools/bin/../lib/gcc/arm-none-eabi/11.3.1/../../../../arm-none-eabi/lib/thumb/v7-m/nofp/crt0.o (exit)
C:/ST/STM32CubeIDE_1.13.2/STM32CubeIDE/plugins/com.st.stm32cube.ide.mcu.externaltools.gnu-tools-for-stm32.11.3.rel1.win32_1.1.1.202309131626/tools/bin/../lib/gcc/arm-none-eabi/11.3.1/../../../../arm-none-eabi/lib/thumb/v7-m/nofp\libc_nano.a(libc_a-findfp.o)
                              C:/ST/STM32CubeIDE_1.13.2/STM32CubeIDE/plugins/com.st.stm32cube.ide.mcu.externaltools.gnu-tools-for-stm32.11.3.rel1.win32_1.1.1.202309131626/tools/bin/../lib/gcc/arm-none-eabi/11.3.1/../../../../arm-none-eabi/lib/thumb/v7-m/nofp\libc_nano.a(libc_a-exit.o) (__stdio_exit_handler)
C:/ST/STM32CubeIDE_1.13.2/STM32CubeIDE/plugins/com.st.stm32cube.ide.mcu.externaltools.gnu-tools-for-stm32.11.3.rel1.win32_1.1.1.202309131626/tools/bin/../lib/gcc/arm-none-eabi/11.3.1/../../../../arm-none-eabi/lib/thumb/v7-m/nofp\libc_nano.a(libc_a-fwalk.o)
                              C:/ST/STM32CubeIDE_1.13.2/STM32CubeIDE/plugins/com.st.stm32cube.ide.mcu.externaltools.gnu-tools-for-stm32.11.3.rel1.win32_1.1.1.202309131626/tools/bin/../lib/gcc/arm-none-eabi/11.3.1/../../../../arm-none-eabi/lib/thumb/v7-m/nofp\libc_nano.a(libc_a-findfp.o) (_fwalk_sglue)
C:/ST/STM32CubeIDE_1.13.2/STM32CubeIDE/plugins/com.st.stm32cube.ide.mcu.externaltools.gnu-tools-for-stm32.11.3.rel1.win32_1.1.1.202309131626/tools/bin/../lib/gcc/arm-none-eabi/11.3.1/../../../../arm-none-eabi/lib/thumb/v7-m/nofp\libc_nano.a(libc_a-puts.o)
                              ./Core/Src/w5500/w5500_spi.o (puts)
C:/ST/STM32CubeIDE_1.13.2/STM32CubeIDE/plugins/com.st.stm32cube.ide.mcu.externaltools.gnu-tools-for-stm32.11.3.rel1.win32_1.1.1.202309131626/tools/bin/../lib/gcc/arm-none-eabi/11.3.1/../../../../arm-none-eabi/lib/thumb/v7-m/nofp\libc_nano.a(libc_a-stdio.o)
                              C:/ST/STM32CubeIDE_1.13.2/STM32CubeIDE/plugins/com.st.stm32cube.ide.mcu.externaltools.gnu-tools-for-stm32.11.3.rel1.win32_1.1.1.202309131626/tools/bin/../lib/gcc/arm-none-eabi/11.3.1/../../../../arm-none-eabi/lib/thumb/v7-m/nofp\libc_nano.a(libc_a-findfp.o) (__sread)
C:/ST/STM32CubeIDE_1.13.2/STM32CubeIDE/plugins/com.st.stm32cube.ide.mcu.externaltools.gnu-tools-for-stm32.11.3.rel1.win32_1.1.1.202309131626/tools/bin/../lib/gcc/arm-none-eabi/11.3.1/../../../../arm-none-eabi/lib/thumb/v7-m/nofp\libc_nano.a(libc_a-wbuf.o)
                              C:/ST/STM32CubeIDE_1.13.2/STM32CubeIDE/plugins/com.st.stm32cube.ide.mcu.externaltools.gnu-tools-for-stm32.11.3.rel1.win32_1.1.1.202309131626/tools/bin/../lib/gcc/arm-none-eabi/11.3.1/../../../../arm-none-eabi/lib/thumb/v7-m/nofp\libc_nano.a(libc_a-puts.o) (__swbuf_r)
C:/ST/STM32CubeIDE_1.13.2/STM32CubeIDE/plugins/com.st.stm32cube.ide.mcu.externaltools.gnu-tools-for-stm32.11.3.rel1.win32_1.1.1.202309131626/tools/bin/../lib/gcc/arm-none-eabi/11.3.1/../../../../arm-none-eabi/lib/thumb/v7-m/nofp\libc_nano.a(libc_a-wsetup.o)
                              C:/ST/STM32CubeIDE_1.13.2/STM32CubeIDE/plugins/com.st.stm32cube.ide.mcu.externaltools.gnu-tools-for-stm32.11.3.rel1.win32_1.1.1.202309131626/tools/bin/../lib/gcc/arm-none-eabi/11.3.1/../../../../arm-none-eabi/lib/thumb/v7-m/nofp\libc_nano.a(libc_a-puts.o) (__swsetup_r)
C:/ST/STM32CubeIDE_1.13.2/STM32CubeIDE/plugins/com.st.stm32cube.ide.mcu.externaltools.gnu-tools-for-stm32.11.3.rel1.win32_1.1.1.202309131626/tools/bin/../lib/gcc/arm-none-eabi/11.3.1/../../../../arm-none-eabi/lib/thumb/v7-m/nofp\libc_nano.a(libc_a-memset.o)
                              C:/ST/STM32CubeIDE_1.13.2/STM32CubeIDE/plugins/com.st.stm32cube.ide.mcu.externaltools.gnu-tools-for-stm32.11.3.rel1.win32_1.1.1.202309131626/tools/bin/../lib/gcc/arm-none-eabi/11.3.1/../../../../arm-none-eabi/lib/thumb/v7-m/nofp/crt0.o (memset)
C:/ST/STM32CubeIDE_1.13.2/STM32CubeIDE/plugins/com.st.stm32cube.ide.mcu.externaltools.gnu-tools-for-stm32.11.3.rel1.win32_1.1.1.202309131626/tools/bin/../lib/gcc/arm-none-eabi/11.3.1/../../../../arm-none-eabi/lib/thumb/v7-m/nofp\libc_nano.a(libc_a-closer.o)
                              C:/ST/STM32CubeIDE_1.13.2/STM32CubeIDE/plugins/com.st.stm32cube.ide.mcu.externaltools.gnu-tools-for-stm32.11.3.rel1.win32_1.1.1.202309131626/tools/bin/../lib/gcc/arm-none-eabi/11.3.1/../../../../arm-none-eabi/lib/thumb/v7-m/nofp\libc_nano.a(libc_a-stdio.o) (_close_r)
[...]
Memory Configuration

Name             Origin             Length             Attributes
RAM              0x0000000020000000 0x0000000000005000 xrw
FLASH            0x0000000008000000 0x0000000000010000 xr
*default*        0x0000000000000000 0xffffffffffffffff

Linker script and memory map

LOAD C:/ST/STM32CubeIDE_1.13.2/STM32CubeIDE/plugins/com.st.stm32cube.ide.mcu.externaltools.gnu-tools-for-stm32.11.3.rel1.win32_1.1.1.202309131626/tools/bin/../lib/gcc/arm-none-eabi/11.3.1/thumb/v7-m/nofp/crti.o
LOAD C:/ST/STM32CubeIDE_1.13.2/STM32CubeIDE/plugins/com.st.stm32cube.ide.mcu.externaltools.gnu-tools-for-stm32.11.3.rel1.win32_1.1.1.202309131626/tools/bin/../lib/gcc/arm-none-eabi/11.3.1/thumb/v7-m/nofp/crtbegin.o
LOAD C:/ST/STM32CubeIDE_1.13.2/STM32CubeIDE/plugins/com.st.stm32cube.ide.mcu.externaltools.gnu-tools-for-stm32.11.3.rel1.win32_1.1.1.202309131626/tools/bin/../lib/gcc/arm-none-eabi/11.3.1/../../../../arm-none-eabi/lib/thumb/v7-m/nofp/crt0.o
LOAD ./Core/Src/main.o
LOAD ./Core/Src/stm32f1xx_hal_msp.o
LOAD ./Core/Src/stm32f1xx_it.o
LOAD ./Core/Src/syscalls.o
LOAD ./Core/Src/sysmem.o
LOAD ./Core/Src/system_stm32f1xx.o
LOAD ./Core/Src/w5500/W5500/w5500.o
LOAD ./Core/Src/w5500/socket.o
LOAD ./Core/Src/w5500/w5500_spi.o
LOAD ./Core/Src/w5500/wizchip_conf.o
LOAD ./Core/Startup/startup_stm32f103c8tx.o
LOAD ./Drivers/STM32F1xx_HAL_Driver/Src/stm32f1xx_hal.o
LOAD ./Drivers/STM32F1xx_HAL_Driver/Src/stm32f1xx_hal_cortex.o
LOAD ./Drivers/STM32F1xx_HAL_Driver/Src/stm32f1xx_hal_dma.o
LOAD ./Drivers/STM32F1xx_HAL_Driver/Src/stm32f1xx_hal_exti.o
LOAD ./Drivers/STM32F1xx_HAL_Driver/Src/stm32f1xx_hal_flash.o
LOAD ./Drivers/STM32F1xx_HAL_Driver/Src/stm32f1xx_hal_flash_ex.o
LOAD ./Drivers/STM32F1xx_HAL_Driver/Src/stm32f1xx_hal_gpio.o
LOAD ./Drivers/STM32F1xx_HAL_Driver/Src/stm32f1xx_hal_gpio_ex.o
LOAD ./Drivers/STM32F1xx_HAL_Driver/Src/stm32f1xx_hal_pwr.o
LOAD ./Drivers/STM32F1xx_HAL_Driver/Src/stm32f1xx_hal_rcc.o
LOAD ./Drivers/STM32F1xx_HAL_Driver/Src/stm32f1xx_hal_rcc_ex.o
LOAD ./Drivers/STM32F1xx_HAL_Driver/Src/stm32f1xx_hal_spi.o
START GROUP
LOAD C:/ST/STM32CubeIDE_1.13.2/STM32CubeIDE/plugins/com.st.stm32cube.ide.mcu.externaltools.gnu-tools-for-stm32.11.3.rel1.win32_1.1.1.202309131626/tools/bin/../lib/gcc/arm-none-eabi/11.3.1/../../../../arm-none-eabi/lib/thumb/v7-m/nofp\libc_nano.a
LOAD C:/ST/STM32CubeIDE_1.13.2/STM32CubeIDE/plugins/com.st.stm32cube.ide.mcu.externaltools.gnu-tools-for-stm32.11.3.rel1.win32_1.1.1.202309131626/tools/bin/../lib/gcc/arm-none-eabi/11.3.1/../../../../arm-none-eabi/lib/thumb/v7-m/nofp\libm.a
END GROUP
START GROUP
LOAD C:/ST/STM32CubeIDE_1.13.2/STM32CubeIDE/plugins/com.st.stm32cube.ide.mcu.externaltools.gnu-tools-for-stm32.11.3.rel1.win32_1.1.1.202309131626/tools/bin/../lib/gcc/arm-none-eabi/11.3.1/thumb/v7-m/nofp\libgcc.a
LOAD C:/ST/STM32CubeIDE_1.13.2/STM32CubeIDE/plugins/com.st.stm32cube.ide.mcu.externaltools.gnu-tools-for-stm32.11.3.rel1.win32_1.1.1.202309131626/tools/bin/../lib/gcc/arm-none-eabi/11.3.1/../../../../arm-none-eabi/lib/thumb/v7-m/nofp\libc_nano.a
END GROUP
START GROUP
LOAD C:/ST/STM32CubeIDE_1.13.2/STM32CubeIDE/plugins/com.st.stm32cube.ide.mcu.externaltools.gnu-tools-for-stm32.11.3.rel1.win32_1.1.1.202309131626/tools/bin/../lib/gcc/arm-none-eabi/11.3.1/thumb/v7-m/nofp\libgcc.a
LOAD C:/ST/STM32CubeIDE_1.13.2/STM32CubeIDE/plugins/com.st.stm32cube.ide.mcu.externaltools.gnu-tools-for-stm32.11.3.rel1.win32_1.1.1.202309131626/tools/bin/../lib/gcc/arm-none-eabi/11.3.1/../../../../arm-none-eabi/lib/thumb/v7-m/nofp\libc_nano.a
LOAD C:/ST/STM32CubeIDE_1.13.2/STM32CubeIDE/plugins/com.st.stm32cube.ide.mcu.externaltools.gnu-tools-for-stm32.11.3.rel1.win32_1.1.1.202309131626/tools/bin/../lib/gcc/arm-none-eabi/11.3.1/../../../../arm-none-eabi/lib/thumb/v7-m/nofp\libnosys.a
END GROUP
START GROUP
LOAD C:/ST/STM32CubeIDE_1.13.2/STM32CubeIDE/plugins/com.st.stm32cube.ide.mcu.externaltools.gnu-tools-for-stm32.11.3.rel1.win32_1.1.1.202309131626/tools/bin/../lib/gcc/arm-none-eabi/11.3.1/thumb/v7-m/nofp\libgcc.a
LOAD C:/ST/STM32CubeIDE_1.13.2/STM32CubeIDE/plugins/com.st.stm32cube.ide.mcu.externaltools.gnu-tools-for-stm32.11.3.rel1.win32_1.1.1.202309131626/tools/bin/../lib/gcc/arm-none-eabi/11.3.1/../../../../arm-none-eabi/lib/thumb/v7-m/nofp\libc_nano.a
LOAD C:/ST/STM32CubeIDE_1.13.2/STM32CubeIDE/plugins/com.st.stm32cube.ide.mcu.externaltools.gnu-tools-for-stm32.11.3.rel1.win32_1.1.1.202309131626/tools/bin/../lib/gcc/arm-none-eabi/11.3.1/../../../../arm-none-eabi/lib/thumb/v7-m/nofp\libnosys.a
END GROUP
LOAD C:/ST/STM32CubeIDE_1.13.2/STM32CubeIDE/plugins/com.st.stm32cube.ide.mcu.externaltools.gnu-tools-for-stm32.11.3.rel1.win32_1.1.1.202309131626/tools/bin/../lib/gcc/arm-none-eabi/11.3.1/thumb/v7-m/nofp/crtend.o
LOAD C:/ST/STM32CubeIDE_1.13.2/STM32CubeIDE/plugins/com.st.stm32cube.ide.mcu.externaltools.gnu-tools-for-stm32.11.3.rel1.win32_1.1.1.202309131626/tools/bin/../lib/gcc/arm-none-eabi/11.3.1/thumb/v7-m/nofp/crtn.o
                0x0000000020005000                _estack = (ORIGIN (RAM) + LENGTH (RAM))
                0x0000000000000200                _Min_Heap_Size = 0x200
                0x0000000000000400                _Min_Stack_Size = 0x400

.isr_vector     0x0000000008000000      0x10c
                0x0000000008000000                . = ALIGN (0x4)
 *(.isr_vector)
 .isr_vector    0x0000000008000000      0x10c ./Core/Startup/startup_stm32f103c8tx.o
                0x0000000008000000                g_pfnVectors
                0x000000000800010c                . = ALIGN (0x4)

.text           0x000000000800010c     0x2c48
                0x000000000800010c                . = ALIGN (0x4)
 *(.text)
 .text          0x000000000800010c       0x40 C:/ST/STM32CubeIDE_1.13.2/STM32CubeIDE/plugins/com.st.stm32cube.ide.mcu.externaltools.gnu-tools-for-stm32.11.3.rel1.win32_1.1.1.202309131626/tools/bin/../lib/gcc/arm-none-eabi/11.3.1/thumb/v7-m/nofp/crtbegin.o
 *(.text*)
 .text.main     0x000000000800014c       0x28 ./Core/Src/main.o
                0x000000000800014c                main
 .text.SystemClock_Config
                0x0000000008000174       0x76 ./Core/Src/main.o
                0x0000000008000174                SystemClock_Config
 *fill*         0x00000000080001ea        0x2 
 .text.MX_SPI1_Init
                0x00000000080001ec       0x6c ./Core/Src/main.o
 .text.MX_GPIO_Init
                0x0000000008000258       0x2c ./Core/Src/main.o
 .text.Error_Handler
                0x0000000008000284        0xa ./Core/Src/main.o
                0x0000000008000284                Error_Handler
 *fill*         0x000000000800028e        0x2 
 .text.HAL_MspInit
                0x0000000008000290       0x44 ./Core/Src/stm32f1xx_hal_msp.o
                0x0000000008000290                HAL_MspInit
 .text.HAL_SPI_MspInit
                0x00000000080002d4       0x94 ./Core/Src/stm32f1xx_hal_msp.o
                0x00000000080002d4                HAL_SPI_MspInit
 .text.NMI_Handler
                0x0000000008000368        0x6 ./Core/Src/stm32f1xx_it.o
                0x0000000008000368                NMI_Handler
 .text.HardFault_Handler
                0x000000000800036e        0x6 ./Core/Src/stm32f1xx_it.o
                0x000000000800036e                HardFault_Handler
 .text.MemManage_Handler
                0x0000000008000374        0x6 ./Core/Src/stm32f1xx_it.o
                0x0000000008000374                MemManage_Handler
 .text.BusFault_Handler
                0x000000000800037a        0x6 ./Core/Src/stm32f1xx_it.o
                0x000000000800037a                BusFault_Handler
 .text.UsageFault_Handler
                0x0000000008000380        0x6 ./Core/Src/stm32f1xx_it.o
                0x0000000008000380                UsageFault_Handler
 .text.SVC_Handler
                0x0000000008000386        0xc ./Core/Src/stm32f1xx_it.o
                0x0000000008000386                SVC_Handler
 .text.DebugMon_Handler
                0x0000000008000392        0xc ./Core/Src/stm32f1xx_it.o
                0x0000000008000392                DebugMon_Handler
 .text.PendSV_Handler
                0x000000000800039e        0xc ./Core/Src/stm32f1xx_it.o
                0x000000000800039e                PendSV_Handler
 .text.SysTick_Handler
                0x00000000080003aa        0xc ./Core/Src/stm32f1xx_it.o
                0x00000000080003aa                SysTick_Handler
 .text._read    0x00000000080003b6       0x3a ./Core/Src/syscalls.o
                0x00000000080003b6                _read
 .text._write   0x00000000080003f0       0x38 ./Core/Src/syscalls.o
                0x00000000080003f0                _write
 .text._close   0x0000000008000428       0x16 ./Core/Src/syscalls.o
                0x0000000008000428                _close
 .text._fstat   0x000000000800043e       0x1e ./Core/Src/syscalls.o
                0x000000000800043e                _fstat
 .text._isatty  0x000000000800045c       0x14 ./Core/Src/syscalls.o
                0x000000000800045c                _isatty
 .text._lseek   0x0000000008000470       0x18 ./Core/Src/syscalls.o
                0x0000000008000470                _lseek
 .text._sbrk    0x0000000008000488       0x6c ./Core/Src/sysmem.o
                0x0000000008000488                _sbrk
 .text.SystemInit
                0x00000000080004f4        0xc ./Core/Src/system_stm32f1xx.o
                0x00000000080004f4                SystemInit
 .text.WIZCHIP_READ
                0x0000000008000500       0x98 ./Core/Src/w5500/W5500/w5500.o
                0x0000000008000500                WIZCHIP_READ
 .text.WIZCHIP_WRITE
                0x0000000008000598       0x9c ./Core/Src/w5500/W5500/w5500.o
                0x0000000008000598                WIZCHIP_WRITE
 .text.WIZCHIP_READ_BUF
                0x0000000008000634       0xc0 ./Core/Src/w5500/W5500/w5500.o
                0x0000000008000634                WIZCHIP_READ_BUF
 .text.WIZCHIP_WRITE_BUF
                0x00000000080006f4       0xc0 ./Core/Src/w5500/W5500/w5500.o
                0x00000000080006f4                WIZCHIP_WRITE_BUF
 .text.SPIReadWrite
                0x00000000080007b4       0x4c ./Core/Src/w5500/w5500_spi.o
                0x00000000080007b4                SPIReadWrite
 .text.wizchip_select
                0x0000000008000800       0x18 ./Core/Src/w5500/w5500_spi.o
                0x0000000008000800                wizchip_select
 .text.wizchip_deselect
                0x0000000008000818       0x18 ./Core/Src/w5500/w5500_spi.o
                0x0000000008000818                wizchip_deselect
 .text.wizchip_read
                0x0000000008000830       0x1a ./Core/Src/w5500/w5500_spi.o
                0x0000000008000830                wizchip_read
 .text.wizchip_write
                0x000000000800084a       0x1a ./Core/Src/w5500/w5500_spi.o
                0x000000000800084a                wizchip_write
 .text.wizchip_readburst
                0x0000000008000864       0x3e ./Core/Src/w5500/w5500_spi.o
                0x0000000008000864                wizchip_readburst
 .text.wizchip_writeburst
                0x00000000080008a2       0x3a ./Core/Src/w5500/w5500_spi.o
                0x00000000080008a2                wizchip_writeburst
 .text.W5500IOInit
                0x00000000080008dc       0x58 ./Core/Src/w5500/w5500_spi.o
                0x00000000080008dc                W5500IOInit
 .text.W5500Init
                0x0000000008000934       0xac ./Core/Src/w5500/w5500_spi.o
                0x0000000008000934                W5500Init
 .text.wizchip_cris_enter
                0x00000000080009e0        0xc ./Core/Src/w5500/wizchip_conf.o
                0x00000000080009e0                wizchip_cris_enter
 .text.wizchip_cris_exit
                0x00000000080009ec        0xc ./Core/Src/w5500/wizchip_conf.o
                0x00000000080009ec                wizchip_cris_exit
 .text.wizchip_cs_select
                0x00000000080009f8        0xc ./Core/Src/w5500/wizchip_conf.o
                0x00000000080009f8                wizchip_cs_select
 .text.wizchip_cs_deselect
                0x0000000008000a04        0xc ./Core/Src/w5500/wizchip_conf.o
                0x0000000008000a04                wizchip_cs_deselect
 .text.wizchip_bus_readdata
                0x0000000008000a10       0x18 ./Core/Src/w5500/wizchip_conf.o
                0x0000000008000a10                wizchip_bus_readdata
 .text.wizchip_bus_writedata
                0x0000000008000a28       0x1c ./Core/Src/w5500/wizchip_conf.o
                0x0000000008000a28                wizchip_bus_writedata
 .text.wizchip_spi_readbyte
                0x0000000008000a44        0xe ./Core/Src/w5500/wizchip_conf.o
                0x0000000008000a44                wizchip_spi_readbyte
 .text.wizchip_spi_writebyte
                0x0000000008000a52       0x14 ./Core/Src/w5500/wizchip_conf.o
                0x0000000008000a52                wizchip_spi_writebyte
 .text.wizchip_spi_readburst
                0x0000000008000a66       0x16 ./Core/Src/w5500/wizchip_conf.o
                0x0000000008000a66                wizchip_spi_readburst
 .text.wizchip_spi_writeburst
                0x0000000008000a7c       0x16 ./Core/Src/w5500/wizchip_conf.o
                0x0000000008000a7c                wizchip_spi_writeburst
 *fill*         0x0000000008000a92        0x2 
 .text.reg_wizchip_cs_cbfunc
                0x0000000008000a94       0x48 ./Core/Src/w5500/wizchip_conf.o
                0x0000000008000a94                reg_wizchip_cs_cbfunc
 .text.reg_wizchip_spi_cbfunc
                0x0000000008000adc       0x58 ./Core/Src/w5500/wizchip_conf.o
                0x0000000008000adc                reg_wizchip_spi_cbfunc
 .text.reg_wizchip_spiburst_cbfunc
                0x0000000008000b34       0x58 ./Core/Src/w5500/wizchip_conf.o
                0x0000000008000b34                reg_wizchip_spiburst_cbfunc
 .text.ctlwizchip
                0x0000000008000b8c      0x1c4 ./Core/Src/w5500/wizchip_conf.o
                0x0000000008000b8c                ctlwizchip
 .text.ctlnetwork
                0x0000000008000d50       0x7c ./Core/Src/w5500/wizchip_conf.o
                0x0000000008000d50                ctlnetwork
 .text.wizchip_sw_reset
                0x0000000008000dcc       0x98 ./Core/Src/w5500/wizchip_conf.o
                0x0000000008000dcc                wizchip_sw_reset
 .text.wizchip_init
                0x0000000008000e64      0x118 ./Core/Src/w5500/wizchip_conf.o
                0x0000000008000e64                wizchip_init
 .text.wizchip_clrinterrupt
                0x0000000008000f7c       0x68 ./Core/Src/w5500/wizchip_conf.o
                0x0000000008000f7c                wizchip_clrinterrupt
 .text.wizchip_getinterrupt
                0x0000000008000fe4       0x4a ./Core/Src/w5500/wizchip_conf.o
                0x0000000008000fe4                wizchip_getinterrupt
 .text.wizchip_setinterruptmask
                0x000000000800102e       0x36 ./Core/Src/w5500/wizchip_conf.o
                0x000000000800102e                wizchip_setinterruptmask
 .text.wizchip_getinterruptmask
                0x0000000008001064       0x46 ./Core/Src/w5500/wizchip_conf.o
                0x0000000008001064                wizchip_getinterruptmask
 .text.wizphy_getphylink
                0x00000000080010aa       0x2c ./Core/Src/w5500/wizchip_conf.o
                0x00000000080010aa                wizphy_getphylink
 .text.wizphy_getphypmode
                0x00000000080010d6       0x32 ./Core/Src/w5500/wizchip_conf.o
                0x00000000080010d6                wizphy_getphypmode
 .text.wizphy_reset
                0x0000000008001108       0x4e ./Core/Src/w5500/wizchip_conf.o
                0x0000000008001108                wizphy_reset
 .text.wizphy_setphyconf
                0x0000000008001156       0x84 ./Core/Src/w5500/wizchip_conf.o
                0x0000000008001156                wizphy_setphyconf
 *fill*         0x00000000080011da        0x2 
 .text.wizphy_getphyconf
                0x00000000080011dc       0xd4 ./Core/Src/w5500/wizchip_conf.o
                0x00000000080011dc                wizphy_getphyconf
 .text.wizphy_setphypmode
                0x00000000080012b0       0x94 ./Core/Src/w5500/wizchip_conf.o
                0x00000000080012b0                wizphy_setphypmode
 .text.wizchip_setnetinfo
                0x0000000008001344       0x80 ./Core/Src/w5500/wizchip_conf.o
                0x0000000008001344                wizchip_setnetinfo
 .text.wizchip_getnetinfo
                0x00000000080013c4       0x80 ./Core/Src/w5500/wizchip_conf.o
                0x00000000080013c4                wizchip_getnetinfo
 .text.wizchip_setnetmode
                0x0000000008001444       0x44 ./Core/Src/w5500/wizchip_conf.o
                0x0000000008001444                wizchip_setnetmode
 .text.wizchip_getnetmode
                0x0000000008001488       0x10 ./Core/Src/w5500/wizchip_conf.o
                0x0000000008001488                wizchip_getnetmode
 .text.wizchip_settimeout
                0x0000000008001498       0x42 ./Core/Src/w5500/wizchip_conf.o
                0x0000000008001498                wizchip_settimeout
 .text.wizchip_gettimeout
                0x00000000080014da       0x44 ./Core/Src/w5500/wizchip_conf.o
                0x00000000080014da                wizchip_gettimeout
 *fill*         0x000000000800151e        0x2 
 .text.Reset_Handler
                0x0000000008001520       0x48 ./Core/Startup/startup_stm32f103c8tx.o
                0x0000000008001520                Reset_Handler
 .text.Default_Handler
                0x0000000008001568        0x2 ./Core/Startup/startup_stm32f103c8tx.o
                0x0000000008001568                RTC_Alarm_IRQHandler
                0x0000000008001568                EXTI2_IRQHandler
                0x0000000008001568                TIM1_CC_IRQHandler
                0x0000000008001568                PVD_IRQHandler
                0x0000000008001568                EXTI3_IRQHandler
                0x0000000008001568                EXTI0_IRQHandler
                0x0000000008001568                I2C2_EV_IRQHandler
                0x0000000008001568                ADC1_2_IRQHandler
                0x0000000008001568                SPI1_IRQHandler
                0x0000000008001568                TAMPER_IRQHandler
                0x0000000008001568                DMA1_Channel4_IRQHandler
                0x0000000008001568                USART3_IRQHandler
                0x0000000008001568                RTC_IRQHandler
                0x0000000008001568                DMA1_Channel7_IRQHandler
                0x0000000008001568                CAN1_RX1_IRQHandler
                0x0000000008001568                TIM4_IRQHandler
                0x0000000008001568                I2C1_EV_IRQHandler
                0x0000000008001568                DMA1_Channel6_IRQHandler
                0x0000000008001568                TIM3_IRQHandler
                0x0000000008001568                RCC_IRQHandler
                0x0000000008001568                TIM1_TRG_COM_IRQHandler
                0x0000000008001568                DMA1_Channel1_IRQHandler
                0x0000000008001568                Default_Handler
                0x0000000008001568                EXTI15_10_IRQHandler
                0x0000000008001568                EXTI9_5_IRQHandler
                0x0000000008001568                SPI2_IRQHandler
                0x0000000008001568                DMA1_Channel5_IRQHandler
                0x0000000008001568                EXTI4_IRQHandler
                0x0000000008001568                USB_LP_CAN1_RX0_IRQHandler
                0x0000000008001568                USB_HP_CAN1_TX_IRQHandler
                0x0000000008001568                DMA1_Channel3_IRQHandler
                0x0000000008001568                TIM1_UP_IRQHandler
                0x0000000008001568                WWDG_IRQHandler
                0x0000000008001568                TIM2_IRQHandler
                0x0000000008001568                TIM1_BRK_IRQHandler
                0x0000000008001568                EXTI1_IRQHandler
                0x0000000008001568                USART2_IRQHandler
                0x0000000008001568                I2C2_ER_IRQHandler
                0x0000000008001568                DMA1_Channel2_IRQHandler
                0x0000000008001568                CAN1_SCE_IRQHandler
                0x0000000008001568                FLASH_IRQHandler
                0x0000000008001568                USART1_IRQHandler
                0x0000000008001568                I2C1_ER_IRQHandler
                0x0000000008001568                USBWakeUp_IRQHandler
 *fill*         0x000000000800156a        0x2 
 .text.HAL_Init
                0x000000000800156c       0x2c ./Drivers/STM32F1xx_HAL_Driver/Src/stm32f1xx_hal.o
                0x000000000800156c                HAL_Init
 .text.HAL_InitTick
                0x0000000008001598       0x60 ./Drivers/STM32F1xx_HAL_Driver/Src/stm32f1xx_hal.o
                0x0000000008001598                HAL_InitTick
 .text.HAL_IncTick
                0x00000000080015f8       0x24 ./Drivers/STM32F1xx_HAL_Driver/Src/stm32f1xx_hal.o
                0x00000000080015f8                HAL_IncTick
 .text.HAL_GetTick
                0x000000000800161c       0x14 ./Drivers/STM32F1xx_HAL_Driver/Src/stm32f1xx_hal.o
                0x000000000800161c                HAL_GetTick
 .text.__NVIC_SetPriorityGrouping
                0x0000000008001630       0x48 ./Drivers/STM32F1xx_HAL_Driver/Src/stm32f1xx_hal_cortex.o
 .text.__NVIC_GetPriorityGrouping
                0x0000000008001678       0x1c ./Drivers/STM32F1xx_HAL_Driver/Src/stm32f1xx_hal_cortex.o
 .text.__NVIC_SetPriority
                0x0000000008001694       0x54 ./Drivers/STM32F1xx_HAL_Driver/Src/stm32f1xx_hal_cortex.o
 .text.NVIC_EncodePriority
                0x00000000080016e8       0x64 ./Drivers/STM32F1xx_HAL_Driver/Src/stm32f1xx_hal_cortex.o
 .text.SysTick_Config
                0x000000000800174c       0x44 ./Drivers/STM32F1xx_HAL_Driver/Src/stm32f1xx_hal_cortex.o
 .text.HAL_NVIC_SetPriorityGrouping
                0x0000000008001790       0x16 ./Drivers/STM32F1xx_HAL_Driver/Src/stm32f1xx_hal_cortex.o
                0x0000000008001790                HAL_NVIC_SetPriorityGrouping
 .text.HAL_NVIC_SetPriority
                0x00000000080017a6       0x38 ./Drivers/STM32F1xx_HAL_Driver/Src/stm32f1xx_hal_cortex.o
                0x00000000080017a6                HAL_NVIC_SetPriority
 .text.HAL_SYSTICK_Config
                0x00000000080017de       0x18 ./Drivers/STM32F1xx_HAL_Driver/Src/stm32f1xx_hal_cortex.o
                0x00000000080017de                HAL_SYSTICK_Config
 *fill*         0x00000000080017f6        0x2 
 .text.HAL_GPIO_Init
                0x00000000080017f8      0x308 ./Drivers/STM32F1xx_HAL_Driver/Src/stm32f1xx_hal_gpio.o
                0x00000000080017f8                HAL_GPIO_Init
 .text.HAL_GPIO_WritePin
                0x0000000008001b00       0x30 ./Drivers/STM32F1xx_HAL_Driver/Src/stm32f1xx_hal_gpio.o
                0x0000000008001b00                HAL_GPIO_WritePin
 .text.HAL_RCC_OscConfig
                0x0000000008001b30      0x504 ./Drivers/STM32F1xx_HAL_Driver/Src/stm32f1xx_hal_rcc.o
                0x0000000008001b30                HAL_RCC_OscConfig
 .text.HAL_RCC_ClockConfig
                0x0000000008002034      0x1d4 ./Drivers/STM32F1xx_HAL_Driver/Src/stm32f1xx_hal_rcc.o
                0x0000000008002034                HAL_RCC_ClockConfig
 .text.HAL_RCC_GetSysClockFreq
                0x0000000008002208       0xa8 ./Drivers/STM32F1xx_HAL_Driver/Src/stm32f1xx_hal_rcc.o
                0x0000000008002208                HAL_RCC_GetSysClockFreq
 .text.RCC_Delay
                0x00000000080022b0       0x3c ./Drivers/STM32F1xx_HAL_Driver/Src/stm32f1xx_hal_rcc.o
 .text.HAL_SPI_Init
                0x00000000080022ec      0x108 ./Drivers/STM32F1xx_HAL_Driver/Src/stm32f1xx_hal_spi.o
                0x00000000080022ec                HAL_SPI_Init
 .text.std      0x00000000080023f4       0x6c C:/ST/STM32CubeIDE_1.13.2/STM32CubeIDE/plugins/com.st.stm32cube.ide.mcu.externaltools.gnu-tools-for-stm32.11.3.rel1.win32_1.1.1.202309131626/tools/bin/../lib/gcc/arm-none-eabi/11.3.1/../../../../arm-none-eabi/lib/thumb/v7-m/nofp\libc_nano.a(libc_a-findfp.o)
 .text.stdio_exit_handler
                0x0000000008002460       0x18 C:/ST/STM32CubeIDE_1.13.2/STM32CubeIDE/plugins/com.st.stm32cube.ide.mcu.externaltools.gnu-tools-for-stm32.11.3.rel1.win32_1.1.1.202309131626/tools/bin/../lib/gcc/arm-none-eabi/11.3.1/../../../../arm-none-eabi/lib/thumb/v7-m/nofp\libc_nano.a(libc_a-findfp.o)
 .text.cleanup_stdio
                0x0000000008002478       0x40 C:/ST/STM32CubeIDE_1.13.2/STM32CubeIDE/plugins/com.st.stm32cube.ide.mcu.externaltools.gnu-tools-for-stm32.11.3.rel1.win32_1.1.1.202309131626/tools/bin/../lib/gcc/arm-none-eabi/11.3.1/../../../../arm-none-eabi/lib/thumb/v7-m/nofp\libc_nano.a(libc_a-findfp.o)
 .text.global_stdio_init.part.0
                0x00000000080024b8       0x3c C:/ST/STM32CubeIDE_1.13.2/STM32CubeIDE/plugins/com.st.stm32cube.ide.mcu.externaltools.gnu-tools-for-stm32.11.3.rel1.win32_1.1.1.202309131626/tools/bin/../lib/gcc/arm-none-eabi/11.3.1/../../../../arm-none-eabi/lib/thumb/v7-m/nofp\libc_nano.a(libc_a-findfp.o)
 .text.__sfp_lock_acquire
                0x00000000080024f4        0xc C:/ST/STM32CubeIDE_1.13.2/STM32CubeIDE/plugins/com.st.stm32cube.ide.mcu.externaltools.gnu-tools-for-stm32.11.3.rel1.win32_1.1.1.202309131626/tools/bin/../lib/gcc/arm-none-eabi/11.3.1/../../../../arm-none-eabi/lib/thumb/v7-m/nofp\libc_nano.a(libc_a-findfp.o)
                0x00000000080024f4                __sfp_lock_acquire
 .text.__sfp_lock_release
                0x0000000008002500        0xc C:/ST/STM32CubeIDE_1.13.2/STM32CubeIDE/plugins/com.st.stm32cube.ide.mcu.externaltools.gnu-tools-for-stm32.11.3.rel1.win32_1.1.1.202309131626/tools/bin/../lib/gcc/arm-none-eabi/11.3.1/../../../../arm-none-eabi/lib/thumb/v7-m/nofp\libc_nano.a(libc_a-findfp.o)
                0x0000000008002500                __sfp_lock_release
 .text.__sinit  0x000000000800250c       0x30 C:/ST/STM32CubeIDE_1.13.2/STM32CubeIDE/plugins/com.st.stm32cube.ide.mcu.externaltools.gnu-tools-for-stm32.11.3.rel1.win32_1.1.1.202309131626/tools/bin/../lib/gcc/arm-none-eabi/11.3.1/../../../../arm-none-eabi/lib/thumb/v7-m/nofp\libc_nano.a(libc_a-findfp.o)
                0x000000000800250c                __sinit
 .text._fwalk_sglue
                0x000000000800253c       0x3c C:/ST/STM32CubeIDE_1.13.2/STM32CubeIDE/plugins/com.st.stm32cube.ide.mcu.externaltools.gnu-tools-for-stm32.11.3.rel1.win32_1.1.1.202309131626/tools/bin/../lib/gcc/arm-none-eabi/11.3.1/../../../../arm-none-eabi/lib/thumb/v7-m/nofp\libc_nano.a(libc_a-fwalk.o)
                0x000000000800253c                _fwalk_sglue
 .text._puts_r  0x0000000008002578       0xa8 C:/ST/STM32CubeIDE_1.13.2/STM32CubeIDE/plugins/com.st.stm32cube.ide.mcu.externaltools.gnu-tools-for-stm32.11.3.rel1.win32_1.1.1.202309131626/tools/bin/../lib/gcc/arm-none-eabi/11.3.1/../../../../arm-none-eabi/lib/thumb/v7-m/nofp\libc_nano.a(libc_a-puts.o)
                0x0000000008002578                _puts_r
 .text.puts     0x0000000008002620       0x10 C:/ST/STM32CubeIDE_1.13.2/STM32CubeIDE/plugins/com.st.stm32cube.ide.mcu.externaltools.gnu-tools-for-stm32.11.3.rel1.win32_1.1.1.202309131626/tools/bin/../lib/gcc/arm-none-eabi/11.3.1/../../../../arm-none-eabi/lib/thumb/v7-m/nofp\libc_nano.a(libc_a-puts.o)
                0x0000000008002620                puts
 .text.__sread  0x0000000008002630       0x22 C:/ST/STM32CubeIDE_1.13.2/STM32CubeIDE/plugins/com.st.stm32cube.ide.mcu.externaltools.gnu-tools-for-stm32.11.3.rel1.win32_1.1.1.202309131626/tools/bin/../lib/gcc/arm-none-eabi/11.3.1/../../../../arm-none-eabi/lib/thumb/v7-m/nofp\libc_nano.a(libc_a-stdio.o)
                0x0000000008002630                __sread
 .text.__swrite
                0x0000000008002652       0x38 C:/ST/STM32CubeIDE_1.13.2/STM32CubeIDE/plugins/com.st.stm32cube.ide.mcu.externaltools.gnu-tools-for-stm32.11.3.rel1.win32_1.1.1.202309131626/tools/bin/../lib/gcc/arm-none-eabi/11.3.1/../../../../arm-none-eabi/lib/thumb/v7-m/nofp\libc_nano.a(libc_a-stdio.o)
                0x0000000008002652                __swrite
 .text.__sseek  0x000000000800268a       0x24 C:/ST/STM32CubeIDE_1.13.2/STM32CubeIDE/plugins/com.st.stm32cube.ide.mcu.externaltools.gnu-tools-for-stm32.11.3.rel1.win32_1.1.1.202309131626/tools/bin/../lib/gcc/arm-none-eabi/11.3.1/../../../../arm-none-eabi/lib/thumb/v7-m/nofp\libc_nano.a(libc_a-stdio.o)
                0x000000000800268a                __sseek
 .text.__sclose
                0x00000000080026ae        0x8 C:/ST/STM32CubeIDE_1.13.2/STM32CubeIDE/plugins/com.st.stm32cube.ide.mcu.externaltools.gnu-tools-for-stm32.11.3.rel1.win32_1.1.1.202309131626/tools/bin/../lib/gcc/arm-none-eabi/11.3.1/../../../../arm-none-eabi/lib/thumb/v7-m/nofp\libc_nano.a(libc_a-stdio.o)
                0x00000000080026ae                __sclose
 .text.__swbuf_r
                0x00000000080026b6       0x7a C:/ST/STM32CubeIDE_1.13.2/STM32CubeIDE/plugins/com.st.stm32cube.ide.mcu.externaltools.gnu-tools-for-stm32.11.3.rel1.win32_1.1.1.202309131626/tools/bin/../lib/gcc/arm-none-eabi/11.3.1/../../../../arm-none-eabi/lib/thumb/v7-m/nofp\libc_nano.a(libc_a-wbuf.o)
                0x00000000080026b6                __swbuf_r
 .text.__swsetup_r
                0x0000000008002730       0xb0 C:/ST/STM32CubeIDE_1.13.2/STM32CubeIDE/plugins/com.st.stm32cube.ide.mcu.externaltools.gnu-tools-for-stm32.11.3.rel1.win32_1.1.1.202309131626/tools/bin/../lib/gcc/arm-none-eabi/11.3.1/../../../../arm-none-eabi/lib/thumb/v7-m/nofp\libc_nano.a(libc_a-wsetup.o)
                0x0000000008002730                __swsetup_r
 .text.memset   0x00000000080027e0       0x10 C:/ST/STM32CubeIDE_1.13.2/STM32CubeIDE/plugins/com.st.stm32cube.ide.mcu.externaltools.gnu-tools-for-stm32.11.3.rel1.win32_1.1.1.202309131626/tools/bin/../lib/gcc/arm-none-eabi/11.3.1/../../../../arm-none-eabi/lib/thumb/v7-m/nofp\libc_nano.a(libc_a-memset.o)
                0x00000000080027e0                memset
 .text._close_r
                0x00000000080027f0       0x20 C:/ST/STM32CubeIDE_1.13.2/STM32CubeIDE/plugins/com.st.stm32cube.ide.mcu.externaltools.gnu-tools-for-stm32.11.3.rel1.win32_1.1.1.202309131626/tools/bin/../lib/gcc/arm-none-eabi/11.3.1/../../../../arm-none-eabi/lib/thumb/v7-m/nofp\libc_nano.a(libc_a-closer.o)
                0x00000000080027f0                _close_r
 .text._lseek_r
                0x0000000008002810       0x24 C:/ST/STM32CubeIDE_1.13.2/STM32CubeIDE/plugins/com.st.stm32cube.ide.mcu.externaltools.gnu-tools-for-stm32.11.3.rel1.win32_1.1.1.202309131626/tools/bin/../lib/gcc/arm-none-eabi/11.3.1/../../../../arm-none-eabi/lib/thumb/v7-m/nofp\libc_nano.a(libc_a-lseekr.o)
                0x0000000008002810                _lseek_r
 .text._read_r  0x0000000008002834       0x24 C:/ST/STM32CubeIDE_1.13.2/STM32CubeIDE/plugins/com.st.stm32cube.ide.mcu.externaltools.gnu-tools-for-stm32.11.3.rel1.win32_1.1.1.202309131626/tools/bin/../lib/gcc/arm-none-eabi/11.3.1/../../../../arm-none-eabi/lib/thumb/v7-m/nofp\libc_nano.a(libc_a-readr.o)
                0x0000000008002834                _read_r
 .text._write_r
                0x0000000008002858       0x24 C:/ST/STM32CubeIDE_1.13.2/STM32CubeIDE/plugins/com.st.stm32cube.ide.mcu.externaltools.gnu-tools-for-stm32.11.3.rel1.win32_1.1.1.202309131626/tools/bin/../lib/gcc/arm-none-eabi/11.3.1/../../../../arm-none-eabi/lib/thumb/v7-m/nofp\libc_nano.a(libc_a-writer.o)
                0x0000000008002858                _write_r
 .text.__errno  0x000000000800287c        0xc C:/ST/STM32CubeIDE_1.13.2/STM32CubeIDE/plugins/com.st.stm32cube.ide.mcu.externaltools.gnu-tools-for-stm32.11.3.rel1.win32_1.1.1.202309131626/tools/bin/../lib/gcc/arm-none-eabi/11.3.1/../../../../arm-none-eabi/lib/thumb/v7-m/nofp\libc_nano.a(libc_a-errno.o)
                0x000000000800287c                __errno
 .text.__libc_init_array
                0x0000000008002888       0x48 C:/ST/STM32CubeIDE_1.13.2/STM32CubeIDE/plugins/com.st.stm32cube.ide.mcu.externaltools.gnu-tools-for-stm32.11.3.rel1.win32_1.1.1.202309131626/tools/bin/../lib/gcc/arm-none-eabi/11.3.1/../../../../arm-none-eabi/lib/thumb/v7-m/nofp\libc_nano.a(libc_a-init.o)
                0x0000000008002888                __libc_init_array
 .text.__retarget_lock_init_recursive
                0x00000000080028d0        0x2 C:/ST/STM32CubeIDE_1.13.2/STM32CubeIDE/plugins/com.st.stm32cube.ide.mcu.externaltools.gnu-tools-for-stm32.11.3.rel1.win32_1.1.1.202309131626/tools/bin/../lib/gcc/arm-none-eabi/11.3.1/../../../../arm-none-eabi/lib/thumb/v7-m/nofp\libc_nano.a(libc_a-lock.o)
                0x00000000080028d0                __retarget_lock_init_recursive
 .text.__retarget_lock_acquire_recursive
                0x00000000080028d2        0x2 C:/ST/STM32CubeIDE_1.13.2/STM32CubeIDE/plugins/com.st.stm32cube.ide.mcu.externaltools.gnu-tools-for-stm32.11.3.rel1.win32_1.1.1.202309131626/tools/bin/../lib/gcc/arm-none-eabi/11.3.1/../../../../arm-none-eabi/lib/thumb/v7-m/nofp\libc_nano.a(libc_a-lock.o)
                0x00000000080028d2                __retarget_lock_acquire_recursive
 .text.__retarget_lock_release_recursive
                0x00000000080028d4        0x2 C:/ST/STM32CubeIDE_1.13.2/STM32CubeIDE/plugins/com.st.stm32cube.ide.mcu.externaltools.gnu-tools-for-stm32.11.3.rel1.win32_1.1.1.202309131626/tools/bin/../lib/gcc/arm-none-eabi/11.3.1/../../../../arm-none-eabi/lib/thumb/v7-m/nofp\libc_nano.a(libc_a-lock.o)
                0x00000000080028d4                __retarget_lock_release_recursive
 *fill*         0x00000000080028d6        0x2 
 .text._free_r  0x00000000080028d8       0x90 C:/ST/STM32CubeIDE_1.13.2/STM32CubeIDE/plugins/com.st.stm32cube.ide.mcu.externaltools.gnu-tools-for-stm32.11.3.rel1.win32_1.1.1.202309131626/tools/bin/../lib/gcc/arm-none-eabi/11.3.1/../../../../arm-none-eabi/lib/thumb/v7-m/nofp\libc_nano.a(libc_a-freer.o)
                0x00000000080028d8                _free_r
 .text.sbrk_aligned
                0x0000000008002968       0x40 C:/ST/STM32CubeIDE_1.13.2/STM32CubeIDE/plugins/com.st.stm32cube.ide.mcu.externaltools.gnu-tools-for-stm32.11.3.rel1.win32_1.1.1.202309131626/tools/bin/../lib/gcc/arm-none-eabi/11.3.1/../../../../arm-none-eabi/lib/thumb/v7-m/nofp\libc_nano.a(libc_a-mallocr.o)
 .text._malloc_r
                0x00000000080029a8      0x100 C:/ST/STM32CubeIDE_1.13.2/STM32CubeIDE/plugins/com.st.stm32cube.ide.mcu.externaltools.gnu-tools-for-stm32.11.3.rel1.win32_1.1.1.202309131626/tools/bin/../lib/gcc/arm-none-eabi/11.3.1/../../../../arm-none-eabi/lib/thumb/v7-m/nofp\libc_nano.a(libc_a-mallocr.o)
                0x00000000080029a8                _malloc_r
 .text.__malloc_lock
                0x0000000008002aa8        0xc C:/ST/STM32CubeIDE_1.13.2/STM32CubeIDE/plugins/com.st.stm32cube.ide.mcu.externaltools.gnu-tools-for-stm32.11.3.rel1.win32_1.1.1.202309131626/tools/bin/../lib/gcc/arm-none-eabi/11.3.1/../../../../arm-none-eabi/lib/thumb/v7-m/nofp\libc_nano.a(libc_a-mlock.o)
                0x0000000008002aa8                __malloc_lock
 .text.__malloc_unlock
                0x0000000008002ab4        0xc C:/ST/STM32CubeIDE_1.13.2/STM32CubeIDE/plugins/com.st.stm32cube.ide.mcu.externaltools.gnu-tools-for-stm32.11.3.rel1.win32_1.1.1.202309131626/tools/bin/../lib/gcc/arm-none-eabi/11.3.1/../../../../arm-none-eabi/lib/thumb/v7-m/nofp\libc_nano.a(libc_a-mlock.o)
                0x0000000008002ab4                __malloc_unlock
 .text.__sflush_r
                0x0000000008002ac0      0x104 C:/ST/STM32CubeIDE_1.13.2/STM32CubeIDE/plugins/com.st.stm32cube.ide.mcu.externaltools.gnu-tools-for-stm32.11.3.rel1.win32_1.1.1.202309131626/tools/bin/../lib/gcc/arm-none-eabi/11.3.1/../../../../arm-none-eabi/lib/thumb/v7-m/nofp\libc_nano.a(libc_a-fflush.o)
                0x0000000008002ac0                __sflush_r
 .text._fflush_r
                0x0000000008002bc4       0x50 C:/ST/STM32CubeIDE_1.13.2/STM32CubeIDE/plugins/com.st.stm32cube.ide.mcu.externaltools.gnu-tools-for-stm32.11.3.rel1.win32_1.1.1.202309131626/tools/bin/../lib/gcc/arm-none-eabi/11.3.1/../../../../arm-none-eabi/lib/thumb/v7-m/nofp\libc_nano.a(libc_a-fflush.o)
                0x0000000008002bc4                _fflush_r
 .text.__swhatbuf_r
                0x0000000008002c14       0x4a C:/ST/STM32CubeIDE_1.13.2/STM32CubeIDE/plugins/com.st.stm32cube.ide.mcu.externaltools.gnu-tools-for-stm32.11.3.rel1.win32_1.1.1.202309131626/tools/bin/../lib/gcc/arm-none-eabi/11.3.1/../../../../arm-none-eabi/lib/thumb/v7-m/nofp\libc_nano.a(libc_a-makebuf.o)
                0x0000000008002c14                __swhatbuf_r
 .text.__smakebuf_r
                0x0000000008002c5e       0x78 C:/ST/STM32CubeIDE_1.13.2/STM32CubeIDE/plugins/com.st.stm32cube.ide.mcu.externaltools.gnu-tools-for-stm32.11.3.rel1.win32_1.1.1.202309131626/tools/bin/../lib/gcc/arm-none-eabi/11.3.1/../../../../arm-none-eabi/lib/thumb/v7-m/nofp\libc_nano.a(libc_a-makebuf.o)
                0x0000000008002c5e                __smakebuf_r
 *fill*         0x0000000008002cd6        0x2 
 .text._fstat_r
                0x0000000008002cd8       0x24 C:/ST/STM32CubeIDE_1.13.2/STM32CubeIDE/plugins/com.st.stm32cube.ide.mcu.externaltools.gnu-tools-for-stm32.11.3.rel1.win32_1.1.1.202309131626/tools/bin/../lib/gcc/arm-none-eabi/11.3.1/../../../../arm-none-eabi/lib/thumb/v7-m/nofp\libc_nano.a(libc_a-fstatr.o)
                0x0000000008002cd8                _fstat_r
 .text._isatty_r
                0x0000000008002cfc       0x20 C:/ST/STM32CubeIDE_1.13.2/STM32CubeIDE/plugins/com.st.stm32cube.ide.mcu.externaltools.gnu-tools-for-stm32.11.3.rel1.win32_1.1.1.202309131626/tools/bin/../lib/gcc/arm-none-eabi/11.3.1/../../../../arm-none-eabi/lib/thumb/v7-m/nofp\libc_nano.a(libc_a-isattyr.o)
                0x0000000008002cfc                _isatty_r
 .text._sbrk_r  0x0000000008002d1c       0x20 C:/ST/STM32CubeIDE_1.13.2/STM32CubeIDE/plugins/com.st.stm32cube.ide.mcu.externaltools.gnu-tools-for-stm32.11.3.rel1.win32_1.1.1.202309131626/tools/bin/../lib/gcc/arm-none-eabi/11.3.1/../../../../arm-none-eabi/lib/thumb/v7-m/nofp\libc_nano.a(libc_a-sbrkr.o)
                0x0000000008002d1c                _sbrk_r
 *(.glue_7)
 .glue_7        0x0000000008002d3c        0x0 linker stubs
 *(.glue_7t)
 .glue_7t       0x0000000008002d3c        0x0 linker stubs
 *(.eh_frame)
 .eh_frame      0x0000000008002d3c        0x0 C:/ST/STM32CubeIDE_1.13.2/STM32CubeIDE/plugins/com.st.stm32cube.ide.mcu.externaltools.gnu-tools-for-stm32.11.3.rel1.win32_1.1.1.202309131626/tools/bin/../lib/gcc/arm-none-eabi/11.3.1/thumb/v7-m/nofp/crtbegin.o
 *(.init)
 .init          0x0000000008002d3c        0x4 C:/ST/STM32CubeIDE_1.13.2/STM32CubeIDE/plugins/com.st.stm32cube.ide.mcu.externaltools.gnu-tools-for-stm32.11.3.rel1.win32_1.1.1.202309131626/tools/bin/../lib/gcc/arm-none-eabi/11.3.1/thumb/v7-m/nofp/crti.o
                0x0000000008002d3c                _init
 .init          0x0000000008002d40        0x8 C:/ST/STM32CubeIDE_1.13.2/STM32CubeIDE/plugins/com.st.stm32cube.ide.mcu.externaltools.gnu-tools-for-stm32.11.3.rel1.win32_1.1.1.202309131626/tools/bin/../lib/gcc/arm-none-eabi/11.3.1/thumb/v7-m/nofp/crtn.o
 *(.fini)
 .fini          0x0000000008002d48        0x4 C:/ST/STM32CubeIDE_1.13.2/STM32CubeIDE/plugins/com.st.stm32cube.ide.mcu.externaltools.gnu-tools-for-stm32.11.3.rel1.win32_1.1.1.202309131626/tools/bin/../lib/gcc/arm-none-eabi/11.3.1/thumb/v7-m/nofp/crti.o
                0x0000000008002d48                _fini
 .fini          0x0000000008002d4c        0x8 C:/ST/STM32CubeIDE_1.13.2/STM32CubeIDE/plugins/com.st.stm32cube.ide.mcu.externaltools.gnu-tools-for-stm32.11.3.rel1.win32_1.1.1.202309131626/tools/bin/../lib/gcc/arm-none-eabi/11.3.1/thumb/v7-m/nofp/crtn.o
                0x0000000008002d54                . = ALIGN (0x4)
                0x0000000008002d54                _etext = .

.vfp11_veneer   0x0000000008002d54        0x0
 .vfp11_veneer  0x0000000008002d54        0x0 linker stubs

.v4_bx          0x0000000008002d54        0x0
 .v4_bx         0x0000000008002d54        0x0 linker stubs

.iplt           0x0000000008002d54        0x0
 .iplt          0x0000000008002d54        0x0 C:/ST/STM32CubeIDE_1.13.2/STM32CubeIDE/plugins/com.st.stm32cube.ide.mcu.externaltools.gnu-tools-for-stm32.11.3.rel1.win32_1.1.1.202309131626/tools/bin/../lib/gcc/arm-none-eabi/11.3.1/thumb/v7-m/nofp/crtbegin.o

.rodata         0x0000000008002d54       0x74
                0x0000000008002d54                . = ALIGN (0x4)
 *(.rodata)
 .rodata        0x0000000008002d54       0x50 ./Core/Src/w5500/w5500_spi.o
 *(.rodata*)
 .rodata.AHBPrescTable
                0x0000000008002da4       0x10 ./Core/Src/system_stm32f1xx.o
                0x0000000008002da4                AHBPrescTable
 .rodata.aPLLMULFactorTable.1
                0x0000000008002db4       0x10 ./Drivers/STM32F1xx_HAL_Driver/Src/stm32f1xx_hal_rcc.o
 .rodata.aPredivFactorTable.0
                0x0000000008002dc4        0x2 ./Drivers/STM32F1xx_HAL_Driver/Src/stm32f1xx_hal_rcc.o
                0x0000000008002dc8                . = ALIGN (0x4)
 *fill*         0x0000000008002dc6        0x2 

.rel.dyn        0x0000000008002dc8        0x0
 .rel.iplt      0x0000000008002dc8        0x0 C:/ST/STM32CubeIDE_1.13.2/STM32CubeIDE/plugins/com.st.stm32cube.ide.mcu.externaltools.gnu-tools-for-stm32.11.3.rel1.win32_1.1.1.202309131626/tools/bin/../lib/gcc/arm-none-eabi/11.3.1/thumb/v7-m/nofp/crtbegin.o

.ARM.extab      0x0000000008002dc8        0x0
                0x0000000008002dc8                . = ALIGN (0x4)
 *(.ARM.extab* .gnu.linkonce.armextab.*)
                0x0000000008002dc8                . = ALIGN (0x4)

.ARM            0x0000000008002dc8        0x0
                0x0000000008002dc8                . = ALIGN (0x4)
                0x0000000008002dc8                __exidx_start = .
 *(.ARM.exidx*)
                0x0000000008002dc8                __exidx_end = .
                0x0000000008002dc8                . = ALIGN (0x4)

.preinit_array  0x0000000008002dc8        0x0
                0x0000000008002dc8                . = ALIGN (0x4)
                0x0000000008002dc8                PROVIDE (__preinit_array_start = .)
 *(.preinit_array*)
                0x0000000008002dc8                PROVIDE (__preinit_array_end = .)
                0x0000000008002dc8                . = ALIGN (0x4)

.init_array     0x0000000008002dc8        0x4
                0x0000000008002dc8                . = ALIGN (0x4)
                0x0000000008002dc8                PROVIDE (__init_array_start = .)
 *(SORT_BY_NAME(.init_array.*))
 *(.init_array*)
 .init_array    0x0000000008002dc8        0x4 C:/ST/STM32CubeIDE_1.13.2/STM32CubeIDE/plugins/com.st.stm32cube.ide.mcu.externaltools.gnu-tools-for-stm32.11.3.rel1.win32_1.1.1.202309131626/tools/bin/../lib/gcc/arm-none-eabi/11.3.1/thumb/v7-m/nofp/crtbegin.o
                0x0000000008002dcc                PROVIDE (__init_array_end = .)
                0x0000000008002dcc                . = ALIGN (0x4)

.fini_array     0x0000000008002dcc        0x4
                0x0000000008002dcc                . = ALIGN (0x4)
                [!provide]                        PROVIDE (__fini_array_start = .)
 *(SORT_BY_NAME(.fini_array.*))
 *(.fini_array*)
 .fini_array    0x0000000008002dcc        0x4 C:/ST/STM32CubeIDE_1.13.2/STM32CubeIDE/plugins/com.st.stm32cube.ide.mcu.externaltools.gnu-tools-for-stm32.11.3.rel1.win32_1.1.1.202309131626/tools/bin/../lib/gcc/arm-none-eabi/11.3.1/thumb/v7-m/nofp/crtbegin.o
                [!provide]                        PROVIDE (__fini_array_end = .)
                0x0000000008002dd0                . = ALIGN (0x4)
                0x0000000008002dd0                _sidata = LOADADDR (.data)

.data           0x0000000020000000       0xac load address 0x0000000008002dd0
                0x0000000020000000                . = ALIGN (0x4)
                0x0000000020000000                _sdata = .
 *(.data)
 *(.data*)
 .data.gWIZNETINFO2
                0x0000000020000000       0x17 ./Core/Src/main.o
                0x0000000020000000                gWIZNETINFO2
 *fill*         0x0000000020000017        0x1 
 .data.SystemCoreClock
                0x0000000020000018        0x4 ./Core/Src/system_stm32f1xx.o
                0x0000000020000018                SystemCoreClock
 .data.WIZCHIP  0x000000002000001c       0x2c ./Core/Src/w5500/wizchip_conf.o
                0x000000002000001c                WIZCHIP
 .data.uwTickPrio
                0x0000000020000048        0x4 ./Drivers/STM32F1xx_HAL_Driver/Src/stm32f1xx_hal.o
                0x0000000020000048                uwTickPrio
 .data.uwTickFreq
                0x000000002000004c        0x1 ./Drivers/STM32F1xx_HAL_Driver/Src/stm32f1xx_hal.o
                0x000000002000004c                uwTickFreq
 *fill*         0x000000002000004d        0x3 
 .data.__sglue  0x0000000020000050        0xc C:/ST/STM32CubeIDE_1.13.2/STM32CubeIDE/plugins/com.st.stm32cube.ide.mcu.externaltools.gnu-tools-for-stm32.11.3.rel1.win32_1.1.1.202309131626/tools/bin/../lib/gcc/arm-none-eabi/11.3.1/../../../../arm-none-eabi/lib/thumb/v7-m/nofp\libc_nano.a(libc_a-findfp.o)
                0x0000000020000050                __sglue
 .data._impure_data
                0x000000002000005c       0x4c C:/ST/STM32CubeIDE_1.13.2/STM32CubeIDE/plugins/com.st.stm32cube.ide.mcu.externaltools.gnu-tools-for-stm32.11.3.rel1.win32_1.1.1.202309131626/tools/bin/../lib/gcc/arm-none-eabi/11.3.1/../../../../arm-none-eabi/lib/thumb/v7-m/nofp\libc_nano.a(libc_a-impure.o)
                0x000000002000005c                _impure_data
 .data._impure_ptr
                0x00000000200000a8        0x4 C:/ST/STM32CubeIDE_1.13.2/STM32CubeIDE/plugins/com.st.stm32cube.ide.mcu.externaltools.gnu-tools-for-stm32.11.3.rel1.win32_1.1.1.202309131626/tools/bin/../lib/gcc/arm-none-eabi/11.3.1/../../../../arm-none-eabi/lib/thumb/v7-m/nofp\libc_nano.a(libc_a-impure.o)
                0x00000000200000a8                _impure_ptr
 *(.RamFunc)
 *(.RamFunc*)
                0x00000000200000ac                . = ALIGN (0x4)
                0x00000000200000ac                _edata = .

.igot.plt       0x00000000200000ac        0x0 load address 0x0000000008002e7c
 .igot.plt      0x00000000200000ac        0x0 C:/ST/STM32CubeIDE_1.13.2/STM32CubeIDE/plugins/com.st.stm32cube.ide.mcu.externaltools.gnu-tools-for-stm32.11.3.rel1.win32_1.1.1.202309131626/tools/bin/../lib/gcc/arm-none-eabi/11.3.1/thumb/v7-m/nofp/crtbegin.o
                0x00000000200000ac                . = ALIGN (0x4)

.bss            0x00000000200000ac      0x1d0 load address 0x0000000008002e7c
                0x00000000200000ac                _sbss = .
                0x00000000200000ac                __bss_start__ = _sbss
 *(.bss)
 .bss           0x00000000200000ac       0x1c C:/ST/STM32CubeIDE_1.13.2/STM32CubeIDE/plugins/com.st.stm32cube.ide.mcu.externaltools.gnu-tools-for-stm32.11.3.rel1.win32_1.1.1.202309131626/tools/bin/../lib/gcc/arm-none-eabi/11.3.1/thumb/v7-m/nofp/crtbegin.o
 *(.bss*)
 .bss.hspi1     0x00000000200000c8       0x58 ./Core/Src/main.o
                0x00000000200000c8                hspi1
 .bss.__sbrk_heap_end
                0x0000000020000120        0x4 ./Core/Src/sysmem.o
 .bss._DNS_     0x0000000020000124        0x4 ./Core/Src/w5500/wizchip_conf.o
 .bss._DHCP_    0x0000000020000128        0x1 ./Core/Src/w5500/wizchip_conf.o
 *fill*         0x0000000020000129        0x3 
 .bss.uwTick    0x000000002000012c        0x4 ./Drivers/STM32F1xx_HAL_Driver/Src/stm32f1xx_hal.o
                0x000000002000012c                uwTick
 .bss.__sf      0x0000000020000130      0x138 C:/ST/STM32CubeIDE_1.13.2/STM32CubeIDE/plugins/com.st.stm32cube.ide.mcu.externaltools.gnu-tools-for-stm32.11.3.rel1.win32_1.1.1.202309131626/tools/bin/../lib/gcc/arm-none-eabi/11.3.1/../../../../arm-none-eabi/lib/thumb/v7-m/nofp\libc_nano.a(libc_a-findfp.o)
                0x0000000020000130                __sf
 .bss.__stdio_exit_handler
                0x0000000020000268        0x4 C:/ST/STM32CubeIDE_1.13.2/STM32CubeIDE/plugins/com.st.stm32cube.ide.mcu.externaltools.gnu-tools-for-stm32.11.3.rel1.win32_1.1.1.202309131626/tools/bin/../lib/gcc/arm-none-eabi/11.3.1/../../../../arm-none-eabi/lib/thumb/v7-m/nofp\libc_nano.a(libc_a-findfp.o)
                0x0000000020000268                __stdio_exit_handler
 .bss.errno     0x000000002000026c        0x4 C:/ST/STM32CubeIDE_1.13.2/STM32CubeIDE/plugins/com.st.stm32cube.ide.mcu.externaltools.gnu-tools-for-stm32.11.3.rel1.win32_1.1.1.202309131626/tools/bin/../lib/gcc/arm-none-eabi/11.3.1/../../../../arm-none-eabi/lib/thumb/v7-m/nofp\libc_nano.a(libc_a-reent.o)
                0x000000002000026c                errno
 .bss.__lock___malloc_recursive_mutex
                0x0000000020000270        0x1 C:/ST/STM32CubeIDE_1.13.2/STM32CubeIDE/plugins/com.st.stm32cube.ide.mcu.externaltools.gnu-tools-for-stm32.11.3.rel1.win32_1.1.1.202309131626/tools/bin/../lib/gcc/arm-none-eabi/11.3.1/../../../../arm-none-eabi/lib/thumb/v7-m/nofp\libc_nano.a(libc_a-lock.o)
                0x0000000020000270                __lock___malloc_recursive_mutex
 .bss.__lock___sfp_recursive_mutex
                0x0000000020000271        0x1 C:/ST/STM32CubeIDE_1.13.2/STM32CubeIDE/plugins/com.st.stm32cube.ide.mcu.externaltools.gnu-tools-for-stm32.11.3.rel1.win32_1.1.1.202309131626/tools/bin/../lib/gcc/arm-none-eabi/11.3.1/../../../../arm-none-eabi/lib/thumb/v7-m/nofp\libc_nano.a(libc_a-lock.o)
                0x0000000020000271                __lock___sfp_recursive_mutex
 *fill*         0x0000000020000272        0x2 
 .bss.__malloc_free_list
                0x0000000020000274        0x4 C:/ST/STM32CubeIDE_1.13.2/STM32CubeIDE/plugins/com.st.stm32cube.ide.mcu.externaltools.gnu-tools-for-stm32.11.3.rel1.win32_1.1.1.202309131626/tools/bin/../lib/gcc/arm-none-eabi/11.3.1/../../../../arm-none-eabi/lib/thumb/v7-m/nofp\libc_nano.a(libc_a-mallocr.o)
                0x0000000020000274                __malloc_free_list
 .bss.__malloc_sbrk_start
                0x0000000020000278        0x4 C:/ST/STM32CubeIDE_1.13.2/STM32CubeIDE/plugins/com.st.stm32cube.ide.mcu.externaltools.gnu-tools-for-stm32.11.3.rel1.win32_1.1.1.202309131626/tools/bin/../lib/gcc/arm-none-eabi/11.3.1/../../../../arm-none-eabi/lib/thumb/v7-m/nofp\libc_nano.a(libc_a-mallocr.o)
                0x0000000020000278                __malloc_sbrk_start
 *(COMMON)
                0x000000002000027c                . = ALIGN (0x4)
                0x000000002000027c                _ebss = .
                0x000000002000027c                __bss_end__ = _ebss

._user_heap_stack
                0x000000002000027c      0x604 load address 0x0000000008002e7c
                0x0000000020000280                . = ALIGN (0x8)
 *fill*         0x000000002000027c        0x4 
                [!provide]                        PROVIDE (end = .)
                0x0000000020000280                PROVIDE (_end = .)
                0x0000000020000480                . = (. + _Min_Heap_Size)
 *fill*         0x0000000020000280      0x200 
                0x0000000020000880                . = (. + _Min_Stack_Size)
 *fill*         0x0000000020000480      0x400 
                0x0000000020000880                . = ALIGN (0x8)

/DISCARD/
 libc.a(*)
 libm.a(*)
 libgcc.a(*)

.ARM.attributes
                0x0000000000000000       0x29
 *(.ARM.attributes)
 .ARM.attributes
                0x0000000000000000       0x1d C:/ST/STM32CubeIDE_1.13.2/STM32CubeIDE/plugins/com.st.stm32cube.ide.mcu.externaltools.gnu-tools-for-stm32.11.3.rel1.win32_1.1.1.202309131626/tools/bin/../lib/gcc/arm-none-eabi/11.3.1/thumb/v7-m/nofp/crti.o
 .ARM.attributes
                0x000000000000001d       0x2d C:/ST/STM32CubeIDE_1.13.2/STM32CubeIDE/plugins/com.st.stm32cube.ide.mcu.externaltools.gnu-tools-for-stm32.11.3.rel1.win32_1.1.1.202309131626/tools/bin/../lib/gcc/arm-none-eabi/11.3.1/thumb/v7-m/nofp/crtbegin.o
 .ARM.attributes
                0x000000000000004a       0x2d ./Core/Src/main.o
 .ARM.attributes
                0x0000000000000077       0x2d ./Core/Src/stm32f1xx_hal_msp.o
 .ARM.attributes
                0x00000000000000a4       0x2d ./Core/Src/stm32f1xx_it.o
 .ARM.attributes
                0x00000000000000d1       0x2d ./Core/Src/syscalls.o
 .ARM.attributes
                0x00000000000000fe       0x2d ./Core/Src/sysmem.o
 .ARM.attributes
                0x000000000000012b       0x2d ./Core/Src/system_stm32f1xx.o
 .ARM.attributes
                0x0000000000000158       0x2d ./Core/Src/w5500/W5500/w5500.o
 .ARM.attributes
                0x0000000000000185       0x2d ./Core/Src/w5500/w5500_spi.o
 .ARM.attributes
                0x00000000000001b2       0x2d ./Core/Src/w5500/wizchip_conf.o
 .ARM.attributes
                0x00000000000001df       0x21 ./Core/Startup/startup_stm32f103c8tx.o
 .ARM.attributes
                0x0000000000000200       0x2d ./Drivers/STM32F1xx_HAL_Driver/Src/stm32f1xx_hal.o
 .ARM.attributes
                0x000000000000022d       0x2d ./Drivers/STM32F1xx_HAL_Driver/Src/stm32f1xx_hal_cortex.o
 .ARM.attributes
                0x000000000000025a       0x2d ./Drivers/STM32F1xx_HAL_Driver/Src/stm32f1xx_hal_gpio.o
 .ARM.attributes
                0x0000000000000287       0x2d ./Drivers/STM32F1xx_HAL_Driver/Src/stm32f1xx_hal_rcc.o
 .ARM.attributes
                0x00000000000002b4       0x2d ./Drivers/STM32F1xx_HAL_Driver/Src/stm32f1xx_hal_spi.o
 .ARM.attributes
                0x00000000000002e1       0x2d C:/ST/STM32CubeIDE_1.13.2/STM32CubeIDE/plugins/com.st.stm32cube.ide.mcu.externaltools.gnu-tools-for-stm32.11.3.rel1.win32_1.1.1.202309131626/tools/bin/../lib/gcc/arm-none-eabi/11.3.1/../../../../arm-none-eabi/lib/thumb/v7-m/nofp\libc_nano.a(libc_a-findfp.o)
 .ARM.attributes
                0x000000000000030e       0x2d C:/ST/STM32CubeIDE_1.13.2/STM32CubeIDE/plugins/com.st.stm32cube.ide.mcu.externaltools.gnu-tools-for-stm32.11.3.rel1.win32_1.1.1.202309131626/tools/bin/../lib/gcc/arm-none-eabi/11.3.1/../../../../arm-none-eabi/lib/thumb/v7-m/nofp\libc_nano.a(libc_a-fwalk.o)
 .ARM.attributes
                0x000000000000033b       0x2d C:/ST/STM32CubeIDE_1.13.2/STM32CubeIDE/plugins/com.st.stm32cube.ide.mcu.externaltools.gnu-tools-for-stm32.11.3.rel1.win32_1.1.1.202309131626/tools/bin/../lib/gcc/arm-none-eabi/11.3.1/../../../../arm-none-eabi/lib/thumb/v7-m/nofp\libc_nano.a(libc_a-puts.o)
 .ARM.attributes
                0x0000000000000368       0x2d C:/ST/STM32CubeIDE_1.13.2/STM32CubeIDE/plugins/com.st.stm32cube.ide.mcu.externaltools.gnu-tools-for-stm32.11.3.rel1.win32_1.1.1.202309131626/tools/bin/../lib/gcc/arm-none-eabi/11.3.1/../../../../arm-none-eabi/lib/thumb/v7-m/nofp\libc_nano.a(libc_a-stdio.o)
 .ARM.attributes
                0x0000000000000395       0x2d C:/ST/STM32CubeIDE_1.13.2/STM32CubeIDE/plugins/com.st.stm32cube.ide.mcu.externaltools.gnu-tools-for-stm32.11.3.rel1.win32_1.1.1.202309131626/tools/bin/../lib/gcc/arm-none-eabi/11.3.1/../../../../arm-none-eabi/lib/thumb/v7-m/nofp\libc_nano.a(libc_a-wbuf.o)
 .ARM.attributes
                0x00000000000003c2       0x2d C:/ST/STM32CubeIDE_1.13.2/STM32CubeIDE/plugins/com.st.stm32cube.ide.mcu.externaltools.gnu-tools-for-stm32.11.3.rel1.win32_1.1.1.202309131626/tools/bin/../lib/gcc/arm-none-eabi/11.3.1/../../../../arm-none-eabi/lib/thumb/v7-m/nofp\libc_nano.a(libc_a-wsetup.o)
 .ARM.attributes
                0x00000000000003ef       0x2d C:/ST/STM32CubeIDE_1.13.2/STM32CubeIDE/plugins/com.st.stm32cube.ide.mcu.externaltools.gnu-tools-for-stm32.11.3.rel1.win32_1.1.1.202309131626/tools/bin/../lib/gcc/arm-none-eabi/11.3.1/../../../../arm-none-eabi/lib/thumb/v7-m/nofp\libc_nano.a(libc_a-memset.o)
 .ARM.attributes
                0x000000000000041c       0x2d C:/ST/STM32CubeIDE_1.13.2/STM32CubeIDE/plugins/com.st.stm32cube.ide.mcu.externaltools.gnu-tools-for-stm32.11.3.rel1.win32_1.1.1.202309131626/tools/bin/../lib/gcc/arm-none-eabi/11.3.1/../../../../arm-none-eabi/lib/thumb/v7-m/nofp\libc_nano.a(libc_a-closer.o)
 .ARM.attributes
                0x0000000000000449       0x2d C:/ST/STM32CubeIDE_1.13.2/STM32CubeIDE/plugins/com.st.stm32cube.ide.mcu.externaltools.gnu-tools-for-stm32.11.3.rel1.win32_1.1.1.202309131626/tools/bin/../lib/gcc/arm-none-eabi/11.3.1/../../../../arm-none-eabi/lib/thumb/v7-m/nofp\libc_nano.a(libc_a-reent.o)
 .ARM.attributes
                0x0000000000000476       0x2d C:/ST/STM32CubeIDE_1.13.2/STM32CubeIDE/plugins/com.st.stm32cube.ide.mcu.externaltools.gnu-tools-for-stm32.11.3.rel1.win32_1.1.1.202309131626/tools/bin/../lib/gcc/arm-none-eabi/11.3.1/../../../../arm-none-eabi/lib/thumb/v7-m/nofp\libc_nano.a(libc_a-impure.o)
 .ARM.attributes
                0x00000000000004a3       0x2d C:/ST/STM32CubeIDE_1.13.2/STM32CubeIDE/plugins/com.st.stm32cube.ide.mcu.externaltools.gnu-tools-for-stm32.11.3.rel1.win32_1.1.1.202309131626/tools/bin/../lib/gcc/arm-none-eabi/11.3.1/../../../../arm-none-eabi/lib/thumb/v7-m/nofp\libc_nano.a(libc_a-lseekr.o)
 .ARM.attributes
                0x00000000000004d0       0x2d C:/ST/STM32CubeIDE_1.13.2/STM32CubeIDE/plugins/com.st.stm32cube.ide.mcu.externaltools.gnu-tools-for-stm32.11.3.rel1.win32_1.1.1.202309131626/tools/bin/../lib/gcc/arm-none-eabi/11.3.1/../../../../arm-none-eabi/lib/thumb/v7-m/nofp\libc_nano.a(libc_a-readr.o)
 .ARM.attributes
                0x00000000000004fd       0x2d C:/ST/STM32CubeIDE_1.13.2/STM32CubeIDE/plugins/com.st.stm32cube.ide.mcu.externaltools.gnu-tools-for-stm32.11.3.rel1.win32_1.1.1.202309131626/tools/bin/../lib/gcc/arm-none-eabi/11.3.1/../../../../arm-none-eabi/lib/thumb/v7-m/nofp\libc_nano.a(libc_a-writer.o)
 .ARM.attributes
                0x000000000000052a       0x2d C:/ST/STM32CubeIDE_1.13.2/STM32CubeIDE/plugins/com.st.stm32cube.ide.mcu.externaltools.gnu-tools-for-stm32.11.3.rel1.win32_1.1.1.202309131626/tools/bin/../lib/gcc/arm-none-eabi/11.3.1/../../../../arm-none-eabi/lib/thumb/v7-m/nofp\libc_nano.a(libc_a-errno.o)
 .ARM.attributes
                0x0000000000000557       0x2d C:/ST/STM32CubeIDE_1.13.2/STM32CubeIDE/plugins/com.st.stm32cube.ide.mcu.externaltools.gnu-tools-for-stm32.11.3.rel1.win32_1.1.1.202309131626/tools/bin/../lib/gcc/arm-none-eabi/11.3.1/../../../../arm-none-eabi/lib/thumb/v7-m/nofp\libc_nano.a(libc_a-init.o)
 .ARM.attributes
                0x0000000000000584       0x2d C:/ST/STM32CubeIDE_1.13.2/STM32CubeIDE/plugins/com.st.stm32cube.ide.mcu.externaltools.gnu-tools-for-stm32.11.3.rel1.win32_1.1.1.202309131626/tools/bin/../lib/gcc/arm-none-eabi/11.3.1/../../../../arm-none-eabi/lib/thumb/v7-m/nofp\libc_nano.a(libc_a-lock.o)
 .ARM.attributes
                0x00000000000005b1       0x2d C:/ST/STM32CubeIDE_1.13.2/STM32CubeIDE/plugins/com.st.stm32cube.ide.mcu.externaltools.gnu-tools-for-stm32.11.3.rel1.win32_1.1.1.202309131626/tools/bin/../lib/gcc/arm-none-eabi/11.3.1/../../../../arm-none-eabi/lib/thumb/v7-m/nofp\libc_nano.a(libc_a-freer.o)
 .ARM.attributes
                0x00000000000005de       0x2d C:/ST/STM32CubeIDE_1.13.2/STM32CubeIDE/plugins/com.st.stm32cube.ide.mcu.externaltools.gnu-tools-for-stm32.11.3.rel1.win32_1.1.1.202309131626/tools/bin/../lib/gcc/arm-none-eabi/11.3.1/../../../../arm-none-eabi/lib/thumb/v7-m/nofp\libc_nano.a(libc_a-mallocr.o)
 .ARM.attributes
                0x000000000000060b       0x2d C:/ST/STM32CubeIDE_1.13.2/STM32CubeIDE/plugins/com.st.stm32cube.ide.mcu.externaltools.gnu-tools-for-stm32.11.3.rel1.win32_1.1.1.202309131626/tools/bin/../lib/gcc/arm-none-eabi/11.3.1/../../../../arm-none-eabi/lib/thumb/v7-m/nofp\libc_nano.a(libc_a-mlock.o)
 .ARM.attributes
                0x0000000000000638       0x2d C:/ST/STM32CubeIDE_1.13.2/STM32CubeIDE/plugins/com.st.stm32cube.ide.mcu.externaltools.gnu-tools-for-stm32.11.3.rel1.win32_1.1.1.202309131626/tools/bin/../lib/gcc/arm-none-eabi/11.3.1/../../../../arm-none-eabi/lib/thumb/v7-m/nofp\libc_nano.a(libc_a-fflush.o)
 .ARM.attributes
                0x0000000000000665       0x2d C:/ST/STM32CubeIDE_1.13.2/STM32CubeIDE/plugins/com.st.stm32cube.ide.mcu.externaltools.gnu-tools-for-stm32.11.3.rel1.win32_1.1.1.202309131626/tools/bin/../lib/gcc/arm-none-eabi/11.3.1/../../../../arm-none-eabi/lib/thumb/v7-m/nofp\libc_nano.a(libc_a-makebuf.o)
 .ARM.attributes
                0x0000000000000692       0x2d C:/ST/STM32CubeIDE_1.13.2/STM32CubeIDE/plugins/com.st.stm32cube.ide.mcu.externaltools.gnu-tools-for-stm32.11.3.rel1.win32_1.1.1.202309131626/tools/bin/../lib/gcc/arm-none-eabi/11.3.1/../../../../arm-none-eabi/lib/thumb/v7-m/nofp\libc_nano.a(libc_a-fstatr.o)
 .ARM.attributes
                0x00000000000006bf       0x2d C:/ST/STM32CubeIDE_1.13.2/STM32CubeIDE/plugins/com.st.stm32cube.ide.mcu.externaltools.gnu-tools-for-stm32.11.3.rel1.win32_1.1.1.202309131626/tools/bin/../lib/gcc/arm-none-eabi/11.3.1/../../../../arm-none-eabi/lib/thumb/v7-m/nofp\libc_nano.a(libc_a-isattyr.o)
 .ARM.attributes
                0x00000000000006ec       0x2d C:/ST/STM32CubeIDE_1.13.2/STM32CubeIDE/plugins/com.st.stm32cube.ide.mcu.externaltools.gnu-tools-for-stm32.11.3.rel1.win32_1.1.1.202309131626/tools/bin/../lib/gcc/arm-none-eabi/11.3.1/../../../../arm-none-eabi/lib/thumb/v7-m/nofp\libc_nano.a(libc_a-sbrkr.o)
 .ARM.attributes
                0x0000000000000719       0x1d C:/ST/STM32CubeIDE_1.13.2/STM32CubeIDE/plugins/com.st.stm32cube.ide.mcu.externaltools.gnu-tools-for-stm32.11.3.rel1.win32_1.1.1.202309131626/tools/bin/../lib/gcc/arm-none-eabi/11.3.1/thumb/v7-m/nofp/crtn.o
OUTPUT(Ethernet.elf elf32-littlearm)
LOAD linker stubs
LOAD C:/ST/STM32CubeIDE_1.13.2/STM32CubeIDE/plugins/com.st.stm32cube.ide.mcu.externaltools.gnu-tools-for-stm32.11.3.rel1.win32_1.1.1.202309131626/tools/bin/../lib/gcc/arm-none-eabi/11.3.1/../../../../arm-none-eabi/lib/thumb/v7-m/nofp\libc.a
LOAD C:/ST/STM32CubeIDE_1.13.2/STM32CubeIDE/plugins/com.st.stm32cube.ide.mcu.externaltools.gnu-tools-for-stm32.11.3.rel1.win32_1.1.1.202309131626/tools/bin/../lib/gcc/arm-none-eabi/11.3.1/../../../../arm-none-eabi/lib/thumb/v7-m/nofp\libm.a
LOAD C:/ST/STM32CubeIDE_1.13.2/STM32CubeIDE/plugins/com.st.stm32cube.ide.mcu.externaltools.gnu-tools-for-stm32.11.3.rel1.win32_1.1.1.202309131626/tools/bin/../lib/gcc/arm-none-eabi/11.3.1/thumb/v7-m/nofp\libgcc.a

.comment        0x0000000000000000       0x43
 .comment       0x0000000000000000       0x43 C:/ST/STM32CubeIDE_1.13.2/STM32CubeIDE/plugins/com.st.stm32cube.ide.mcu.externaltools.gnu-tools-for-stm32.11.3.rel1.win32_1.1.1.202309131626/tools/bin/../lib/gcc/arm-none-eabi/11.3.1/thumb/v7-m/nofp/crtbegin.o
                                         0x44 (size before relaxing)
 .comment       0x0000000000000043       0x44 ./Core/Src/main.o
 .comment       0x0000000000000043       0x44 ./Core/Src/stm32f1xx_hal_msp.o
 .comment       0x0000000000000043       0x44 ./Core/Src/stm32f1xx_it.o
 .comment       0x0000000000000043       0x44 ./Core/Src/syscalls.o
 .comment       0x0000000000000043       0x44 ./Core/Src/sysmem.o
 .comment       0x0000000000000043       0x44 ./Core/Src/system_stm32f1xx.o
 .comment       0x0000000000000043       0x44 ./Core/Src/w5500/W5500/w5500.o
 .comment       0x0000000000000043       0x44 ./Core/Src/w5500/w5500_spi.o
 .comment       0x0000000000000043       0x44 ./Core/Src/w5500/wizchip_conf.o
 .comment       0x0000000000000043       0x44 ./Drivers/STM32F1xx_HAL_Driver/Src/stm32f1xx_hal.o
 .comment       0x0000000000000043       0x44 ./Drivers/STM32F1xx_HAL_Driver/Src/stm32f1xx_hal_cortex.o
 .comment       0x0000000000000043       0x44 ./Drivers/STM32F1xx_HAL_Driver/Src/stm32f1xx_hal_gpio.o
 .comment       0x0000000000000043       0x44 ./Drivers/STM32F1xx_HAL_Driver/Src/stm32f1xx_hal_rcc.o
 .comment       0x0000000000000043       0x44 ./Drivers/STM32F1xx_HAL_Driver/Src/stm32f1xx_hal_spi.o

.debug_info     0x0000000000000000     0x6c06
 .debug_info    0x0000000000000000      0x9b3 ./Core/Src/main.o
 .debug_info    0x00000000000009b3      0x77e ./Core/Src/stm32f1xx_hal_msp.o
 .debug_info    0x0000000000001131      0x113 ./Core/Src/stm32f1xx_it.o
 .debug_info    0x0000000000001244      0x6a3 ./Core/Src/syscalls.o
 .debug_info    0x00000000000018e7      0x168 ./Core/Src/sysmem.o
 .debug_info    0x0000000000001a4f      0x222 ./Core/Src/system_stm32f1xx.o
 .debug_info    0x0000000000001c71      0x539 ./Core/Src/w5500/W5500/w5500.o
 .debug_info    0x00000000000021aa      0x9b5 ./Core/Src/w5500/w5500_spi.o
 .debug_info    0x0000000000002b5f      0xc76 ./Core/Src/w5500/wizchip_conf.o
 .debug_info    0x00000000000037d5       0x23 ./Core/Startup/startup_stm32f103c8tx.o
 .debug_info    0x00000000000037f8      0x704 ./Drivers/STM32F1xx_HAL_Driver/Src/stm32f1xx_hal.o
 .debug_info    0x0000000000003efc      0xa87 ./Drivers/STM32F1xx_HAL_Driver/Src/stm32f1xx_hal_cortex.o
 .debug_info    0x0000000000004983      0x5ab ./Drivers/STM32F1xx_HAL_Driver/Src/stm32f1xx_hal_gpio.o
 .debug_info    0x0000000000004f2e      0x7d5 ./Drivers/STM32F1xx_HAL_Driver/Src/stm32f1xx_hal_rcc.o
 .debug_info    0x0000000000005703     0x1503 ./Drivers/STM32F1xx_HAL_Driver/Src/stm32f1xx_hal_spi.o

.debug_abbrev   0x0000000000000000     0x1bd2
 .debug_abbrev  0x0000000000000000      0x258 ./Core/Src/main.o
 .debug_abbrev  0x0000000000000258      0x194 ./Core/Src/stm32f1xx_hal_msp.o
 .debug_abbrev  0x00000000000003ec       0x73 ./Core/Src/stm32f1xx_it.o
 .debug_abbrev  0x000000000000045f      0x1b6 ./Core/Src/syscalls.o
 .debug_abbrev  0x0000000000000615       0xbc ./Core/Src/sysmem.o
 .debug_abbrev  0x00000000000006d1      0x13f ./Core/Src/system_stm32f1xx.o
 .debug_abbrev  0x0000000000000810      0x21f ./Core/Src/w5500/W5500/w5500.o
 .debug_abbrev  0x0000000000000a2f      0x276 ./Core/Src/w5500/w5500_spi.o
 .debug_abbrev  0x0000000000000ca5      0x321 ./Core/Src/w5500/wizchip_conf.o
 .debug_abbrev  0x0000000000000fc6       0x12 ./Core/Startup/startup_stm32f103c8tx.o
 .debug_abbrev  0x0000000000000fd8      0x201 ./Drivers/STM32F1xx_HAL_Driver/Src/stm32f1xx_hal.o
 .debug_abbrev  0x00000000000011d9      0x2f8 ./Drivers/STM32F1xx_HAL_Driver/Src/stm32f1xx_hal_cortex.o
 .debug_abbrev  0x00000000000014d1      0x1ca ./Drivers/STM32F1xx_HAL_Driver/Src/stm32f1xx_hal_gpio.o
 .debug_abbrev  0x000000000000169b      0x2b3 ./Drivers/STM32F1xx_HAL_Driver/Src/stm32f1xx_hal_rcc.o
 .debug_abbrev  0x000000000000194e      0x284 ./Drivers/STM32F1xx_HAL_Driver/Src/stm32f1xx_hal_spi.o

.debug_aranges  0x0000000000000000      0x878
 .debug_aranges
                0x0000000000000000       0x40 ./Core/Src/main.o
 .debug_aranges
                0x0000000000000040       0x30 ./Core/Src/stm32f1xx_hal_msp.o
 .debug_aranges
                0x0000000000000070       0x60 ./Core/Src/stm32f1xx_it.o
 .debug_aranges
                0x00000000000000d0       0xa8 ./Core/Src/syscalls.o
 .debug_aranges
                0x0000000000000178       0x20 ./Core/Src/sysmem.o
 .debug_aranges
                0x0000000000000198       0x28 ./Core/Src/system_stm32f1xx.o
 .debug_aranges
                0x00000000000001c0       0x60 ./Core/Src/w5500/W5500/w5500.o
 .debug_aranges
                0x0000000000000220       0x60 ./Core/Src/w5500/w5500_spi.o
 .debug_aranges
                0x0000000000000280      0x138 ./Core/Src/w5500/wizchip_conf.o
 .debug_aranges
                0x00000000000003b8       0x28 ./Core/Startup/startup_stm32f103c8tx.o
 .debug_aranges
                0x00000000000003e0       0xe0 ./Drivers/STM32F1xx_HAL_Driver/Src/stm32f1xx_hal.o
 .debug_aranges
                0x00000000000004c0      0x100 ./Drivers/STM32F1xx_HAL_Driver/Src/stm32f1xx_hal_cortex.o
 .debug_aranges
                0x00000000000005c0       0x58 ./Drivers/STM32F1xx_HAL_Driver/Src/stm32f1xx_hal_gpio.o
 .debug_aranges
                0x0000000000000618       0x90 ./Drivers/STM32F1xx_HAL_Driver/Src/stm32f1xx_hal_rcc.o
 .debug_aranges
                0x00000000000006a8      0x1d0 ./Drivers/STM32F1xx_HAL_Driver/Src/stm32f1xx_hal_spi.o

.debug_rnglists
                0x0000000000000000      0x641
 .debug_rnglists
                0x0000000000000000       0x2b ./Core/Src/main.o
 .debug_rnglists
                0x000000000000002b       0x20 ./Core/Src/stm32f1xx_hal_msp.o
 .debug_rnglists
                0x000000000000004b       0x43 ./Core/Src/stm32f1xx_it.o
 .debug_rnglists
                0x000000000000008e       0x79 ./Core/Src/syscalls.o
 .debug_rnglists
                0x0000000000000107       0x13 ./Core/Src/sysmem.o
 .debug_rnglists
                0x000000000000011a       0x1a ./Core/Src/system_stm32f1xx.o
 .debug_rnglists
                0x0000000000000134       0x4c ./Core/Src/w5500/W5500/w5500.o
 .debug_rnglists
                0x0000000000000180       0x44 ./Core/Src/w5500/w5500_spi.o
 .debug_rnglists
                0x00000000000001c4       0xed ./Core/Src/w5500/wizchip_conf.o
 .debug_rnglists
                0x00000000000002b1       0x19 ./Core/Startup/startup_stm32f103c8tx.o
 .debug_rnglists
                0x00000000000002ca       0xa3 ./Drivers/STM32F1xx_HAL_Driver/Src/stm32f1xx_hal.o
 .debug_rnglists
                0x000000000000036d       0xbb ./Drivers/STM32F1xx_HAL_Driver/Src/stm32f1xx_hal_cortex.o
 .debug_rnglists
                0x0000000000000428       0x3f ./Drivers/STM32F1xx_HAL_Driver/Src/stm32f1xx_hal_gpio.o
 .debug_rnglists
                0x0000000000000467       0x6c ./Drivers/STM32F1xx_HAL_Driver/Src/stm32f1xx_hal_rcc.o
 .debug_rnglists
                0x00000000000004d3      0x16e ./Drivers/STM32F1xx_HAL_Driver/Src/stm32f1xx_hal_spi.o

.debug_macro    0x0000000000000000    0x181bd
 .debug_macro   0x0000000000000000      0x1d7 ./Core/Src/main.o
 .debug_macro   0x00000000000001d7      0xa9c ./Core/Src/main.o
 .debug_macro   0x0000000000000c73      0x215 ./Core/Src/main.o
 .debug_macro   0x0000000000000e88       0x2e ./Core/Src/main.o
 .debug_macro   0x0000000000000eb6       0x22 ./Core/Src/main.o
 .debug_macro   0x0000000000000ed8       0x22 ./Core/Src/main.o
 .debug_macro   0x0000000000000efa       0x8e ./Core/Src/main.o
 .debug_macro   0x0000000000000f88       0x51 ./Core/Src/main.o
 .debug_macro   0x0000000000000fd9      0x103 ./Core/Src/main.o
 .debug_macro   0x00000000000010dc       0x6a ./Core/Src/main.o
 .debug_macro   0x0000000000001146      0x1df ./Core/Src/main.o
 .debug_macro   0x0000000000001325       0x1c ./Core/Src/main.o
 .debug_macro   0x0000000000001341       0x22 ./Core/Src/main.o
 .debug_macro   0x0000000000001363       0xbd ./Core/Src/main.o
 .debug_macro   0x0000000000001420      0xd23 ./Core/Src/main.o
 .debug_macro   0x0000000000002143     0xe09e ./Core/Src/main.o
 .debug_macro   0x00000000000101e1       0x6d ./Core/Src/main.o
 .debug_macro   0x000000000001024e     0x348d ./Core/Src/main.o
 .debug_macro   0x00000000000136db      0x174 ./Core/Src/main.o
 .debug_macro   0x000000000001384f       0x5c ./Core/Src/main.o
 .debug_macro   0x00000000000138ab      0x5bc ./Core/Src/main.o
 .debug_macro   0x0000000000013e67      0x289 ./Core/Src/main.o
 .debug_macro   0x00000000000140f0      0x1cb ./Core/Src/main.o
 .debug_macro   0x00000000000142bb      0x114 ./Core/Src/main.o
 .debug_macro   0x00000000000143cf      0x1b2 ./Core/Src/main.o
 .debug_macro   0x0000000000014581       0x27 ./Core/Src/main.o
 .debug_macro   0x00000000000145a8      0x136 ./Core/Src/main.o
 .debug_macro   0x00000000000146de      0x1bc ./Core/Src/main.o
 .debug_macro   0x000000000001489a       0x34 ./Core/Src/main.o
 .debug_macro   0x00000000000148ce       0x3c ./Core/Src/main.o
 .debug_macro   0x000000000001490a       0x57 ./Core/Src/main.o
 .debug_macro   0x0000000000014961       0x87 ./Core/Src/main.o
 .debug_macro   0x00000000000149e8      0x240 ./Core/Src/main.o
 .debug_macro   0x0000000000014c28      0x140 ./Core/Src/main.o
 .debug_macro   0x0000000000014d68      0x217 ./Core/Src/main.o
 .debug_macro   0x0000000000014f7f       0x83 ./Core/Src/main.o
 .debug_macro   0x0000000000015002       0x6c ./Core/Src/main.o
 .debug_macro   0x000000000001506e      0x5e7 ./Core/Src/main.o
 .debug_macro   0x0000000000015655       0x66 ./Core/Src/main.o
 .debug_macro   0x00000000000156bb       0xd8 ./Core/Src/main.o
 .debug_macro   0x0000000000015793      0x198 ./Core/Src/stm32f1xx_hal_msp.o
 .debug_macro   0x000000000001592b      0x1a2 ./Core/Src/stm32f1xx_it.o
 .debug_macro   0x0000000000015acd      0x274 ./Core/Src/syscalls.o
 .debug_macro   0x0000000000015d41       0x5b ./Core/Src/syscalls.o
 .debug_macro   0x0000000000015d9c       0x24 ./Core/Src/syscalls.o
 .debug_macro   0x0000000000015dc0       0x94 ./Core/Src/syscalls.o
 .debug_macro   0x0000000000015e54       0x43 ./Core/Src/syscalls.o
 .debug_macro   0x0000000000015e97       0x34 ./Core/Src/syscalls.o
 .debug_macro   0x0000000000015ecb       0x57 ./Core/Src/syscalls.o
 .debug_macro   0x0000000000015f22      0x369 ./Core/Src/syscalls.o
 .debug_macro   0x000000000001628b       0x16 ./Core/Src/syscalls.o
 .debug_macro   0x00000000000162a1       0x43 ./Core/Src/syscalls.o
 .debug_macro   0x00000000000162e4       0x34 ./Core/Src/syscalls.o
 .debug_macro   0x0000000000016318       0x10 ./Core/Src/syscalls.o
 .debug_macro   0x0000000000016328       0x58 ./Core/Src/syscalls.o
 .debug_macro   0x0000000000016380       0x8e ./Core/Src/syscalls.o
 .debug_macro   0x000000000001640e       0x1c ./Core/Src/syscalls.o
 .debug_macro   0x000000000001642a      0x177 ./Core/Src/syscalls.o
 .debug_macro   0x00000000000165a1       0x10 ./Core/Src/syscalls.o
 .debug_macro   0x00000000000165b1       0x35 ./Core/Src/syscalls.o
 .debug_macro   0x00000000000165e6       0x10 ./Core/Src/syscalls.o
 .debug_macro   0x00000000000165f6       0x10 ./Core/Src/syscalls.o
 .debug_macro   0x0000000000016606       0x10 ./Core/Src/syscalls.o
 .debug_macro   0x0000000000016616       0x1c ./Core/Src/syscalls.o
 .debug_macro   0x0000000000016632       0x52 ./Core/Src/syscalls.o
 .debug_macro   0x0000000000016684       0x22 ./Core/Src/syscalls.o
 .debug_macro   0x00000000000166a6       0x10 ./Core/Src/syscalls.o
 .debug_macro   0x00000000000166b6       0x52 ./Core/Src/syscalls.o
 .debug_macro   0x0000000000016708       0xcf ./Core/Src/syscalls.o
 .debug_macro   0x00000000000167d7       0x1c ./Core/Src/syscalls.o
 .debug_macro   0x00000000000167f3       0x3d ./Core/Src/syscalls.o
 .debug_macro   0x0000000000016830       0x35 ./Core/Src/syscalls.o
 .debug_macro   0x0000000000016865      0x12c ./Core/Src/syscalls.o
 .debug_macro   0x0000000000016991       0x16 ./Core/Src/syscalls.o
 .debug_macro   0x00000000000169a7       0x16 ./Core/Src/syscalls.o
 .debug_macro   0x00000000000169bd       0x29 ./Core/Src/syscalls.o
 .debug_macro   0x00000000000169e6       0x10 ./Core/Src/syscalls.o
 .debug_macro   0x00000000000169f6      0x242 ./Core/Src/syscalls.o
 .debug_macro   0x0000000000016c38       0x1c ./Core/Src/syscalls.o
 .debug_macro   0x0000000000016c54       0x10 ./Core/Src/syscalls.o
 .debug_macro   0x0000000000016c64       0x10 ./Core/Src/syscalls.o
 .debug_macro   0x0000000000016c74       0x16 ./Core/Src/syscalls.o
 .debug_macro   0x0000000000016c8a      0x147 ./Core/Src/syscalls.o
 .debug_macro   0x0000000000016dd1      0x18a ./Core/Src/syscalls.o
 .debug_macro   0x0000000000016f5b       0x16 ./Core/Src/syscalls.o
 .debug_macro   0x0000000000016f71       0xce ./Core/Src/syscalls.o
 .debug_macro   0x000000000001703f       0xff ./Core/Src/sysmem.o
 .debug_macro   0x000000000001713e      0x23c ./Core/Src/sysmem.o
 .debug_macro   0x000000000001737a      0x18e ./Core/Src/system_stm32f1xx.o
 .debug_macro   0x0000000000017508       0x9d ./Core/Src/w5500/W5500/w5500.o
 .debug_macro   0x00000000000175a5      0x288 ./Core/Src/w5500/w5500_spi.o
 .debug_macro   0x000000000001782d       0x61 ./Core/Src/w5500/w5500_spi.o
 .debug_macro   0x000000000001788e       0x16 ./Core/Src/w5500/w5500_spi.o
 .debug_macro   0x00000000000178a4       0x16 ./Core/Src/w5500/w5500_spi.o
 .debug_macro   0x00000000000178ba       0x94 ./Core/Src/w5500/wizchip_conf.o
 .debug_macro   0x000000000001794e      0x1b2 ./Drivers/STM32F1xx_HAL_Driver/Src/stm32f1xx_hal.o
 .debug_macro   0x0000000000017b00      0x18e ./Drivers/STM32F1xx_HAL_Driver/Src/stm32f1xx_hal_cortex.o
 .debug_macro   0x0000000000017c8e      0x1f9 ./Drivers/STM32F1xx_HAL_Driver/Src/stm32f1xx_hal_gpio.o
 .debug_macro   0x0000000000017e87      0x1a0 ./Drivers/STM32F1xx_HAL_Driver/Src/stm32f1xx_hal_rcc.o
 .debug_macro   0x0000000000018027      0x196 ./Drivers/STM32F1xx_HAL_Driver/Src/stm32f1xx_hal_spi.o

.debug_line     0x0000000000000000     0x917b
 .debug_line    0x0000000000000000      0x7e9 ./Core/Src/main.o
 .debug_line    0x00000000000007e9      0x71e ./Core/Src/stm32f1xx_hal_msp.o
 .debug_line    0x0000000000000f07      0x78d ./Core/Src/stm32f1xx_it.o
 .debug_line    0x0000000000001694      0x8a8 ./Core/Src/syscalls.o
 .debug_line    0x0000000000001f3c      0x579 ./Core/Src/sysmem.o
 .debug_line    0x00000000000024b5      0x749 ./Core/Src/system_stm32f1xx.o
 .debug_line    0x0000000000002bfe      0x768 ./Core/Src/w5500/W5500/w5500.o
 .debug_line    0x0000000000003366      0x9ce ./Core/Src/w5500/w5500_spi.o
 .debug_line    0x0000000000003d34      0xb6f ./Core/Src/w5500/wizchip_conf.o
 .debug_line    0x00000000000048a3       0x78 ./Core/Startup/startup_stm32f103c8tx.o
 .debug_line    0x000000000000491b      0x976 ./Drivers/STM32F1xx_HAL_Driver/Src/stm32f1xx_hal.o
 .debug_line    0x0000000000005291      0xb5e ./Drivers/STM32F1xx_HAL_Driver/Src/stm32f1xx_hal_cortex.o
 .debug_line    0x0000000000005def      0xa0f ./Drivers/STM32F1xx_HAL_Driver/Src/stm32f1xx_hal_gpio.o
 .debug_line    0x00000000000067fe      0xd7f ./Drivers/STM32F1xx_HAL_Driver/Src/stm32f1xx_hal_rcc.o
 .debug_line    0x000000000000757d     0x1bfe ./Drivers/STM32F1xx_HAL_Driver/Src/stm32f1xx_hal_spi.o

.debug_str      0x0000000000000000    0x8683d
 .debug_str     0x0000000000000000    0x7f22f ./Core/Src/main.o
                                      0x7f5c9 (size before relaxing)
 .debug_str     0x000000000007f22f       0xb4 ./Core/Src/stm32f1xx_hal_msp.o
                                      0x7c4bc (size before relaxing)
 .debug_str     0x000000000007f2e3       0xc9 ./Core/Src/stm32f1xx_it.o
                                      0x7c0a4 (size before relaxing)
 .debug_str     0x000000000007f3ac     0x57e6 ./Core/Src/syscalls.o
                                       0x984f (size before relaxing)
 .debug_str     0x0000000000084b92       0x6b ./Core/Src/sysmem.o
                                       0x6006 (size before relaxing)
 .debug_str     0x0000000000084bfd       0x7e ./Core/Src/system_stm32f1xx.o
                                      0x7c0ba (size before relaxing)
 .debug_str     0x0000000000084c7b      0x1a6 ./Core/Src/w5500/W5500/w5500.o
                                       0x69ed (size before relaxing)
 .debug_str     0x0000000000084e21      0x23b ./Core/Src/w5500/w5500_spi.o
                                      0x82926 (size before relaxing)
 .debug_str     0x000000000008505c      0x442 ./Core/Src/w5500/wizchip_conf.o
                                       0x72a3 (size before relaxing)
 .debug_str     0x000000000008549e       0x34 ./Core/Startup/startup_stm32f103c8tx.o
                                         0x70 (size before relaxing)
 .debug_str     0x00000000000854d2      0x602 ./Drivers/STM32F1xx_HAL_Driver/Src/stm32f1xx_hal.o
                                      0x7c7ed (size before relaxing)
 .debug_str     0x0000000000085ad4      0x2c5 ./Drivers/STM32F1xx_HAL_Driver/Src/stm32f1xx_hal_cortex.o
                                      0x7c739 (size before relaxing)
 .debug_str     0x0000000000085d99      0x30a ./Drivers/STM32F1xx_HAL_Driver/Src/stm32f1xx_hal_gpio.o
                                      0x7c440 (size before relaxing)
 .debug_str     0x00000000000860a3      0x229 ./Drivers/STM32F1xx_HAL_Driver/Src/stm32f1xx_hal_rcc.o
                                      0x7c4e9 (size before relaxing)
 .debug_str     0x00000000000862cc      0x571 ./Drivers/STM32F1xx_HAL_Driver/Src/stm32f1xx_hal_spi.o
                                      0x7c9e6 (size before relaxing)

.debug_frame    0x0000000000000000     0x26d4
 .debug_frame   0x0000000000000000       0xac ./Core/Src/main.o
 .debug_frame   0x00000000000000ac       0x80 ./Core/Src/stm32f1xx_hal_msp.o
 .debug_frame   0x000000000000012c      0x104 ./Core/Src/stm32f1xx_it.o
 .debug_frame   0x0000000000000230      0x2ac ./Core/Src/syscalls.o
 .debug_frame   0x00000000000004dc       0x34 ./Core/Src/sysmem.o
 .debug_frame   0x0000000000000510       0x58 ./Core/Src/system_stm32f1xx.o
 .debug_frame   0x0000000000000568      0x16c ./Core/Src/w5500/W5500/w5500.o
 .debug_frame   0x00000000000006d4      0x14c ./Core/Src/w5500/w5500_spi.o
 .debug_frame   0x0000000000000820      0x534 ./Core/Src/w5500/wizchip_conf.o
 .debug_frame   0x0000000000000d54      0x334 ./Drivers/STM32F1xx_HAL_Driver/Src/stm32f1xx_hal.o
 .debug_frame   0x0000000000001088      0x428 ./Drivers/STM32F1xx_HAL_Driver/Src/stm32f1xx_hal_cortex.o
 .debug_frame   0x00000000000014b0      0x14c ./Drivers/STM32F1xx_HAL_Driver/Src/stm32f1xx_hal_gpio.o
 .debug_frame   0x00000000000015fc      0x218 ./Drivers/STM32F1xx_HAL_Driver/Src/stm32f1xx_hal_rcc.o
 .debug_frame   0x0000000000001814      0x824 ./Drivers/STM32F1xx_HAL_Driver/Src/stm32f1xx_hal_spi.o
 .debug_frame   0x0000000000002038      0x144 C:/ST/STM32CubeIDE_1.13.2/STM32CubeIDE/plugins/com.st.stm32cube.ide.mcu.externaltools.gnu-tools-for-stm32.11.3.rel1.win32_1.1.1.202309131626/tools/bin/../lib/gcc/arm-none-eabi/11.3.1/../../../../arm-none-eabi/lib/thumb/v7-m/nofp\libc_nano.a(libc_a-findfp.o)
 .debug_frame   0x000000000000217c       0x34 C:/ST/STM32CubeIDE_1.13.2/STM32CubeIDE/plugins/com.st.stm32cube.ide.mcu.externaltools.gnu-tools-for-stm32.11.3.rel1.win32_1.1.1.202309131626/tools/bin/../lib/gcc/arm-none-eabi/11.3.1/../../../../arm-none-eabi/lib/thumb/v7-m/nofp\libc_nano.a(libc_a-fwalk.o)
 .debug_frame   0x00000000000021b0       0x3c C:/ST/STM32CubeIDE_1.13.2/STM32CubeIDE/plugins/com.st.stm32cube.ide.mcu.externaltools.gnu-tools-for-stm32.11.3.rel1.win32_1.1.1.202309131626/tools/bin/../lib/gcc/arm-none-eabi/11.3.1/../../../../arm-none-eabi/lib/thumb/v7-m/nofp\libc_nano.a(libc_a-puts.o)
 .debug_frame   0x00000000000021ec       0x88 C:/ST/STM32CubeIDE_1.13.2/STM32CubeIDE/plugins/com.st.stm32cube.ide.mcu.externaltools.gnu-tools-for-stm32.11.3.rel1.win32_1.1.1.202309131626/tools/bin/../lib/gcc/arm-none-eabi/11.3.1/../../../../arm-none-eabi/lib/thumb/v7-m/nofp\libc_nano.a(libc_a-stdio.o)
 .debug_frame   0x0000000000002274       0x40 C:/ST/STM32CubeIDE_1.13.2/STM32CubeIDE/plugins/com.st.stm32cube.ide.mcu.externaltools.gnu-tools-for-stm32.11.3.rel1.win32_1.1.1.202309131626/tools/bin/../lib/gcc/arm-none-eabi/11.3.1/../../../../arm-none-eabi/lib/thumb/v7-m/nofp\libc_nano.a(libc_a-wbuf.o)
 .debug_frame   0x00000000000022b4       0x2c C:/ST/STM32CubeIDE_1.13.2/STM32CubeIDE/plugins/com.st.stm32cube.ide.mcu.externaltools.gnu-tools-for-stm32.11.3.rel1.win32_1.1.1.202309131626/tools/bin/../lib/gcc/arm-none-eabi/11.3.1/../../../../arm-none-eabi/lib/thumb/v7-m/nofp\libc_nano.a(libc_a-wsetup.o)
 .debug_frame   0x00000000000022e0       0x20 C:/ST/STM32CubeIDE_1.13.2/STM32CubeIDE/plugins/com.st.stm32cube.ide.mcu.externaltools.gnu-tools-for-stm32.11.3.rel1.win32_1.1.1.202309131626/tools/bin/../lib/gcc/arm-none-eabi/11.3.1/../../../../arm-none-eabi/lib/thumb/v7-m/nofp\libc_nano.a(libc_a-memset.o)
 .debug_frame   0x0000000000002300       0x2c C:/ST/STM32CubeIDE_1.13.2/STM32CubeIDE/plugins/com.st.stm32cube.ide.mcu.externaltools.gnu-tools-for-stm32.11.3.rel1.win32_1.1.1.202309131626/tools/bin/../lib/gcc/arm-none-eabi/11.3.1/../../../../arm-none-eabi/lib/thumb/v7-m/nofp\libc_nano.a(libc_a-closer.o)
 .debug_frame   0x000000000000232c       0x38 C:/ST/STM32CubeIDE_1.13.2/STM32CubeIDE/plugins/com.st.stm32cube.ide.mcu.externaltools.gnu-tools-for-stm32.11.3.rel1.win32_1.1.1.202309131626/tools/bin/../lib/gcc/arm-none-eabi/11.3.1/../../../../arm-none-eabi/lib/thumb/v7-m/nofp\libc_nano.a(libc_a-reent.o)
 .debug_frame   0x0000000000002364       0x2c C:/ST/STM32CubeIDE_1.13.2/STM32CubeIDE/plugins/com.st.stm32cube.ide.mcu.externaltools.gnu-tools-for-stm32.11.3.rel1.win32_1.1.1.202309131626/tools/bin/../lib/gcc/arm-none-eabi/11.3.1/../../../../arm-none-eabi/lib/thumb/v7-m/nofp\libc_nano.a(libc_a-lseekr.o)
 .debug_frame   0x0000000000002390       0x2c C:/ST/STM32CubeIDE_1.13.2/STM32CubeIDE/plugins/com.st.stm32cube.ide.mcu.externaltools.gnu-tools-for-stm32.11.3.rel1.win32_1.1.1.202309131626/tools/bin/../lib/gcc/arm-none-eabi/11.3.1/../../../../arm-none-eabi/lib/thumb/v7-m/nofp\libc_nano.a(libc_a-readr.o)
 .debug_frame   0x00000000000023bc       0x2c C:/ST/STM32CubeIDE_1.13.2/STM32CubeIDE/plugins/com.st.stm32cube.ide.mcu.externaltools.gnu-tools-for-stm32.11.3.rel1.win32_1.1.1.202309131626/tools/bin/../lib/gcc/arm-none-eabi/11.3.1/../../../../arm-none-eabi/lib/thumb/v7-m/nofp\libc_nano.a(libc_a-writer.o)
 .debug_frame   0x00000000000023e8       0x20 C:/ST/STM32CubeIDE_1.13.2/STM32CubeIDE/plugins/com.st.stm32cube.ide.mcu.externaltools.gnu-tools-for-stm32.11.3.rel1.win32_1.1.1.202309131626/tools/bin/../lib/gcc/arm-none-eabi/11.3.1/../../../../arm-none-eabi/lib/thumb/v7-m/nofp\libc_nano.a(libc_a-errno.o)
 .debug_frame   0x0000000000002408       0x2c C:/ST/STM32CubeIDE_1.13.2/STM32CubeIDE/plugins/com.st.stm32cube.ide.mcu.externaltools.gnu-tools-for-stm32.11.3.rel1.win32_1.1.1.202309131626/tools/bin/../lib/gcc/arm-none-eabi/11.3.1/../../../../arm-none-eabi/lib/thumb/v7-m/nofp\libc_nano.a(libc_a-init.o)
 .debug_frame   0x0000000000002434       0xb0 C:/ST/STM32CubeIDE_1.13.2/STM32CubeIDE/plugins/com.st.stm32cube.ide.mcu.externaltools.gnu-tools-for-stm32.11.3.rel1.win32_1.1.1.202309131626/tools/bin/../lib/gcc/arm-none-eabi/11.3.1/../../../../arm-none-eabi/lib/thumb/v7-m/nofp\libc_nano.a(libc_a-lock.o)
 .debug_frame   0x00000000000024e4       0x38 C:/ST/STM32CubeIDE_1.13.2/STM32CubeIDE/plugins/com.st.stm32cube.ide.mcu.externaltools.gnu-tools-for-stm32.11.3.rel1.win32_1.1.1.202309131626/tools/bin/../lib/gcc/arm-none-eabi/11.3.1/../../../../arm-none-eabi/lib/thumb/v7-m/nofp\libc_nano.a(libc_a-freer.o)
 .debug_frame   0x000000000000251c       0x50 C:/ST/STM32CubeIDE_1.13.2/STM32CubeIDE/plugins/com.st.stm32cube.ide.mcu.externaltools.gnu-tools-for-stm32.11.3.rel1.win32_1.1.1.202309131626/tools/bin/../lib/gcc/arm-none-eabi/11.3.1/../../../../arm-none-eabi/lib/thumb/v7-m/nofp\libc_nano.a(libc_a-mallocr.o)
 .debug_frame   0x000000000000256c       0x30 C:/ST/STM32CubeIDE_1.13.2/STM32CubeIDE/plugins/com.st.stm32cube.ide.mcu.externaltools.gnu-tools-for-stm32.11.3.rel1.win32_1.1.1.202309131626/tools/bin/../lib/gcc/arm-none-eabi/11.3.1/../../../../arm-none-eabi/lib/thumb/v7-m/nofp\libc_nano.a(libc_a-mlock.o)
 .debug_frame   0x000000000000259c       0x5c C:/ST/STM32CubeIDE_1.13.2/STM32CubeIDE/plugins/com.st.stm32cube.ide.mcu.externaltools.gnu-tools-for-stm32.11.3.rel1.win32_1.1.1.202309131626/tools/bin/../lib/gcc/arm-none-eabi/11.3.1/../../../../arm-none-eabi/lib/thumb/v7-m/nofp\libc_nano.a(libc_a-fflush.o)
 .debug_frame   0x00000000000025f8       0x58 C:/ST/STM32CubeIDE_1.13.2/STM32CubeIDE/plugins/com.st.stm32cube.ide.mcu.externaltools.gnu-tools-for-stm32.11.3.rel1.win32_1.1.1.202309131626/tools/bin/../lib/gcc/arm-none-eabi/11.3.1/../../../../arm-none-eabi/lib/thumb/v7-m/nofp\libc_nano.a(libc_a-makebuf.o)
 .debug_frame   0x0000000000002650       0x2c C:/ST/STM32CubeIDE_1.13.2/STM32CubeIDE/plugins/com.st.stm32cube.ide.mcu.externaltools.gnu-tools-for-stm32.11.3.rel1.win32_1.1.1.202309131626/tools/bin/../lib/gcc/arm-none-eabi/11.3.1/../../../../arm-none-eabi/lib/thumb/v7-m/nofp\libc_nano.a(libc_a-fstatr.o)
 .debug_frame   0x000000000000267c       0x2c C:/ST/STM32CubeIDE_1.13.2/STM32CubeIDE/plugins/com.st.stm32cube.ide.mcu.externaltools.gnu-tools-for-stm32.11.3.rel1.win32_1.1.1.202309131626/tools/bin/../lib/gcc/arm-none-eabi/11.3.1/../../../../arm-none-eabi/lib/thumb/v7-m/nofp\libc_nano.a(libc_a-isattyr.o)
 .debug_frame   0x00000000000026a8       0x2c C:/ST/STM32CubeIDE_1.13.2/STM32CubeIDE/plugins/com.st.stm32cube.ide.mcu.externaltools.gnu-tools-for-stm32.11.3.rel1.win32_1.1.1.202309131626/tools/bin/../lib/gcc/arm-none-eabi/11.3.1/../../../../arm-none-eabi/lib/thumb/v7-m/nofp\libc_nano.a(libc_a-sbrkr.o)

.debug_line_str
                0x0000000000000000       0x64
 .debug_line_str
                0x0000000000000000       0x64 ./Core/Startup/startup_stm32f103c8tx.o
                                         0x7c (size before relaxing)
