Archive member included to satisfy reference by file (symbol)

C:/ST/STM32CubeIDE_1.13.2/STM32CubeIDE/plugins/com.st.stm32cube.ide.mcu.externaltools.gnu-tools-for-stm32.11.3.rel1.win32_1.1.100.202309141235/tools/bin/../lib/gcc/arm-none-eabi/11.3.1/../../../../arm-none-eabi/lib/thumb/v7-m/nofp\libc_nano.a(libc_a-exit.o)
                              C:/ST/STM32CubeIDE_1.13.2/STM32CubeIDE/plugins/com.st.stm32cube.ide.mcu.externaltools.gnu-tools-for-stm32.11.3.rel1.win32_1.1.100.202309141235/tools/bin/../lib/gcc/arm-none-eabi/11.3.1/../../../../arm-none-eabi/lib/thumb/v7-m/nofp/crt0.o (exit)
C:/ST/STM32CubeIDE_1.13.2/STM32CubeIDE/plugins/com.st.stm32cube.ide.mcu.externaltools.gnu-tools-for-stm32.11.3.rel1.win32_1.1.100.202309141235/tools/bin/../lib/gcc/arm-none-eabi/11.3.1/../../../../arm-none-eabi/lib/thumb/v7-m/nofp\libc_nano.a(libc_a-findfp.o)
                              ./Middlewares/Third_Party/FreeRTOS/Source/tasks.o (__sf)
C:/ST/STM32CubeIDE_1.13.2/STM32CubeIDE/plugins/com.st.stm32cube.ide.mcu.externaltools.gnu-tools-for-stm32.11.3.rel1.win32_1.1.100.202309141235/tools/bin/../lib/gcc/arm-none-eabi/11.3.1/../../../../arm-none-eabi/lib/thumb/v7-m/nofp\libc_nano.a(libc_a-fwalk.o)
                              C:/ST/STM32CubeIDE_1.13.2/STM32CubeIDE/plugins/com.st.stm32cube.ide.mcu.externaltools.gnu-tools-for-stm32.11.3.rel1.win32_1.1.100.202309141235/tools/bin/../lib/gcc/arm-none-eabi/11.3.1/../../../../arm-none-eabi/lib/thumb/v7-m/nofp\libc_nano.a(libc_a-findfp.o) (_fwalk_sglue)
C:/ST/STM32CubeIDE_1.13.2/STM32CubeIDE/plugins/com.st.stm32cube.ide.mcu.externaltools.gnu-tools-for-stm32.11.3.rel1.win32_1.1.100.202309141235/tools/bin/../lib/gcc/arm-none-eabi/11.3.1/../../../../arm-none-eabi/lib/thumb/v7-m/nofp\libc_nano.a(libc_a-stdio.o)
                              C:/ST/STM32CubeIDE_1.13.2/STM32CubeIDE/plugins/com.st.stm32cube.ide.mcu.externaltools.gnu-tools-for-stm32.11.3.rel1.win32_1.1.100.202309141235/tools/bin/../lib/gcc/arm-none-eabi/11.3.1/../../../../arm-none-eabi/lib/thumb/v7-m/nofp\libc_nano.a(libc_a-findfp.o) (__sread)
C:/ST/STM32CubeIDE_1.13.2/STM32CubeIDE/plugins/com.st.stm32cube.ide.mcu.externaltools.gnu-tools-for-stm32.11.3.rel1.win32_1.1.100.202309141235/tools/bin/../lib/gcc/arm-none-eabi/11.3.1/../../../../arm-none-eabi/lib/thumb/v7-m/nofp\libc_nano.a(libc_a-memset.o)
                              C:/ST/STM32CubeIDE_1.13.2/STM32CubeIDE/plugins/com.st.stm32cube.ide.mcu.externaltools.gnu-tools-for-stm32.11.3.rel1.win32_1.1.100.202309141235/tools/bin/../lib/gcc/arm-none-eabi/11.3.1/../../../../arm-none-eabi/lib/thumb/v7-m/nofp/crt0.o (memset)
C:/ST/STM32CubeIDE_1.13.2/STM32CubeIDE/plugins/com.st.stm32cube.ide.mcu.externaltools.gnu-tools-for-stm32.11.3.rel1.win32_1.1.100.202309141235/tools/bin/../lib/gcc/arm-none-eabi/11.3.1/../../../../arm-none-eabi/lib/thumb/v7-m/nofp\libc_nano.a(libc_a-closer.o)
                              C:/ST/STM32CubeIDE_1.13.2/STM32CubeIDE/plugins/com.st.stm32cube.ide.mcu.externaltools.gnu-tools-for-stm32.11.3.rel1.win32_1.1.100.202309141235/tools/bin/../lib/gcc/arm-none-eabi/11.3.1/../../../../arm-none-eabi/lib/thumb/v7-m/nofp\libc_nano.a(libc_a-stdio.o) (_close_r)
C:/ST/STM32CubeIDE_1.13.2/STM32CubeIDE/plugins/com.st.stm32cube.ide.mcu.externaltools.gnu-tools-for-stm32.11.3.rel1.win32_1.1.100.202309141235/tools/bin/../lib/gcc/arm-none-eabi/11.3.1/../../../../arm-none-eabi/lib/thumb/v7-m/nofp\libc_nano.a(libc_a-reent.o)
                              ./Middlewares/Third_Party/FreeRTOS/Source/tasks.o (_reclaim_reent)
C:/ST/STM32CubeIDE_1.13.2/STM32CubeIDE/plugins/com.st.stm32cube.ide.mcu.externaltools.gnu-tools-for-stm32.11.3.rel1.win32_1.1.100.202309141235/tools/bin/../lib/gcc/arm-none-eabi/11.3.1/../../../../arm-none-eabi/lib/thumb/v7-m/nofp\libc_nano.a(libc_a-impure.o)
                              ./Middlewares/Third_Party/FreeRTOS/Source/tasks.o (_impure_ptr)
C:/ST/STM32CubeIDE_1.13.2/STM32CubeIDE/plugins/com.st.stm32cube.ide.mcu.externaltools.gnu-tools-for-stm32.11.3.rel1.win32_1.1.100.202309141235/tools/bin/../lib/gcc/arm-none-eabi/11.3.1/../../../../arm-none-eabi/lib/thumb/v7-m/nofp\libc_nano.a(libc_a-lseekr.o)
                              C:/ST/STM32CubeIDE_1.13.2/STM32CubeIDE/plugins/com.st.stm32cube.ide.mcu.externaltools.gnu-tools-for-stm32.11.3.rel1.win32_1.1.100.202309141235/tools/bin/../lib/gcc/arm-none-eabi/11.3.1/../../../../arm-none-eabi/lib/thumb/v7-m/nofp\libc_nano.a(libc_a-stdio.o) (_lseek_r)
C:/ST/STM32CubeIDE_1.13.2/STM32CubeIDE/plugins/com.st.stm32cube.ide.mcu.externaltools.gnu-tools-for-stm32.11.3.rel1.win32_1.1.100.202309141235/tools/bin/../lib/gcc/arm-none-eabi/11.3.1/../../../../arm-none-eabi/lib/thumb/v7-m/nofp\libc_nano.a(libc_a-readr.o)
                              C:/ST/STM32CubeIDE_1.13.2/STM32CubeIDE/plugins/com.st.stm32cube.ide.mcu.externaltools.gnu-tools-for-stm32.11.3.rel1.win32_1.1.100.202309141235/tools/bin/../lib/gcc/arm-none-eabi/11.3.1/../../../../arm-none-eabi/lib/thumb/v7-m/nofp\libc_nano.a(libc_a-stdio.o) (_read_r)
[...]
Memory Configuration

Name             Origin             Length             Attributes
RAM              0x0000000020000000 0x0000000000005000 xrw
FLASH            0x0000000008000000 0x000000000000f800 xr
*default*        0x0000000000000000 0xffffffffffffffff

Linker script and memory map

LOAD C:/ST/STM32CubeIDE_1.13.2/STM32CubeIDE/plugins/com.st.stm32cube.ide.mcu.externaltools.gnu-tools-for-stm32.11.3.rel1.win32_1.1.100.202309141235/tools/bin/../lib/gcc/arm-none-eabi/11.3.1/thumb/v7-m/nofp/crti.o
LOAD C:/ST/STM32CubeIDE_1.13.2/STM32CubeIDE/plugins/com.st.stm32cube.ide.mcu.externaltools.gnu-tools-for-stm32.11.3.rel1.win32_1.1.100.202309141235/tools/bin/../lib/gcc/arm-none-eabi/11.3.1/thumb/v7-m/nofp/crtbegin.o
LOAD C:/ST/STM32CubeIDE_1.13.2/STM32CubeIDE/plugins/com.st.stm32cube.ide.mcu.externaltools.gnu-tools-for-stm32.11.3.rel1.win32_1.1.100.202309141235/tools/bin/../lib/gcc/arm-none-eabi/11.3.1/../../../../arm-none-eabi/lib/thumb/v7-m/nofp/crt0.o
LOAD ./Core/Src/freertos.o
LOAD ./Core/Src/main.o
LOAD ./Core/Src/stm32f1xx_hal_msp.o
LOAD ./Core/Src/stm32f1xx_it.o
LOAD ./Core/Src/syscalls.o
LOAD ./Core/Src/sysmem.o
LOAD ./Core/Src/system_stm32f1xx.o
LOAD ./Core/Src/w5500/TelnetSession.o
LOAD ./Core/Src/w5500/socket.o
LOAD ./Core/Src/w5500/w5500_spi.o
LOAD ./Core/Src/w5500/wizchip_conf.o
LOAD ./Core/Src/w5500/W5500/w5500.o
LOAD ./Core/Startup/startup_stm32f103c8tx.o
LOAD ./Drivers/STM32F1xx_HAL_Driver/Src/stm32f1xx_hal.o
LOAD ./Drivers/STM32F1xx_HAL_Driver/Src/stm32f1xx_hal_cortex.o
LOAD ./Drivers/STM32F1xx_HAL_Driver/Src/stm32f1xx_hal_dma.o
LOAD ./Drivers/STM32F1xx_HAL_Driver/Src/stm32f1xx_hal_exti.o
LOAD ./Drivers/STM32F1xx_HAL_Driver/Src/stm32f1xx_hal_flash.o
LOAD ./Drivers/STM32F1xx_HAL_Driver/Src/stm32f1xx_hal_flash_ex.o
LOAD ./Drivers/STM32F1xx_HAL_Driver/Src/stm32f1xx_hal_gpio.o
LOAD ./Drivers/STM32F1xx_HAL_Driver/Src/stm32f1xx_hal_gpio_ex.o
LOAD ./Drivers/STM32F1xx_HAL_Driver/Src/stm32f1xx_hal_pwr.o
LOAD ./Drivers/STM32F1xx_HAL_Driver/Src/stm32f1xx_hal_rcc.o
LOAD ./Drivers/STM32F1xx_HAL_Driver/Src/stm32f1xx_hal_rcc_ex.o
LOAD ./Drivers/STM32F1xx_HAL_Driver/Src/stm32f1xx_hal_spi.o
LOAD ./Drivers/STM32F1xx_HAL_Driver/Src/stm32f1xx_hal_tim.o
LOAD ./Drivers/STM32F1xx_HAL_Driver/Src/stm32f1xx_hal_tim_ex.o
LOAD ./Middlewares/Third_Party/FreeRTOS/Source/CMSIS_RTOS/cmsis_os.o
LOAD ./Middlewares/Third_Party/FreeRTOS/Source/croutine.o
LOAD ./Middlewares/Third_Party/FreeRTOS/Source/event_groups.o
LOAD ./Middlewares/Third_Party/FreeRTOS/Source/list.o
LOAD ./Middlewares/Third_Party/FreeRTOS/Source/queue.o
LOAD ./Middlewares/Third_Party/FreeRTOS/Source/stream_buffer.o
LOAD ./Middlewares/Third_Party/FreeRTOS/Source/tasks.o
LOAD ./Middlewares/Third_Party/FreeRTOS/Source/timers.o
LOAD ./Middlewares/Third_Party/FreeRTOS/Source/portable/GCC/ARM_CM3/port.o
LOAD ./Middlewares/Third_Party/FreeRTOS/Source/portable/MemMang/heap_4.o
START GROUP
LOAD C:/ST/STM32CubeIDE_1.13.2/STM32CubeIDE/plugins/com.st.stm32cube.ide.mcu.externaltools.gnu-tools-for-stm32.11.3.rel1.win32_1.1.100.202309141235/tools/bin/../lib/gcc/arm-none-eabi/11.3.1/../../../../arm-none-eabi/lib/thumb/v7-m/nofp\libc_nano.a
LOAD C:/ST/STM32CubeIDE_1.13.2/STM32CubeIDE/plugins/com.st.stm32cube.ide.mcu.externaltools.gnu-tools-for-stm32.11.3.rel1.win32_1.1.100.202309141235/tools/bin/../lib/gcc/arm-none-eabi/11.3.1/../../../../arm-none-eabi/lib/thumb/v7-m/nofp\libm.a
END GROUP
START GROUP
LOAD C:/ST/STM32CubeIDE_1.13.2/STM32CubeIDE/plugins/com.st.stm32cube.ide.mcu.externaltools.gnu-tools-for-stm32.11.3.rel1.win32_1.1.100.202309141235/tools/bin/../lib/gcc/arm-none-eabi/11.3.1/thumb/v7-m/nofp\libgcc.a
LOAD C:/ST/STM32CubeIDE_1.13.2/STM32CubeIDE/plugins/com.st.stm32cube.ide.mcu.externaltools.gnu-tools-for-stm32.11.3.rel1.win32_1.1.100.202309141235/tools/bin/../lib/gcc/arm-none-eabi/11.3.1/../../../../arm-none-eabi/lib/thumb/v7-m/nofp\libc_nano.a
END GROUP
START GROUP
LOAD C:/ST/STM32CubeIDE_1.13.2/STM32CubeIDE/plugins/com.st.stm32cube.ide.mcu.externaltools.gnu-tools-for-stm32.11.3.rel1.win32_1.1.100.202309141235/tools/bin/../lib/gcc/arm-none-eabi/11.3.1/thumb/v7-m/nofp\libgcc.a
LOAD C:/ST/STM32CubeIDE_1.13.2/STM32CubeIDE/plugins/com.st.stm32cube.ide.mcu.externaltools.gnu-tools-for-stm32.11.3.rel1.win32_1.1.100.202309141235/tools/bin/../lib/gcc/arm-none-eabi/11.3.1/../../../../arm-none-eabi/lib/thumb/v7-m/nofp\libc_nano.a
LOAD C:/ST/STM32CubeIDE_1.13.2/STM32CubeIDE/plugins/com.st.stm32cube.ide.mcu.externaltools.gnu-tools-for-stm32.11.3.rel1.win32_1.1.100.202309141235/tools/bin/../lib/gcc/arm-none-eabi/11.3.1/../../../../arm-none-eabi/lib/thumb/v7-m/nofp\libnosys.a
END GROUP
START GROUP
LOAD C:/ST/STM32CubeIDE_1.13.2/STM32CubeIDE/plugins/com.st.stm32cube.ide.mcu.externaltools.gnu-tools-for-stm32.11.3.rel1.win32_1.1.100.202309141235/tools/bin/../lib/gcc/arm-none-eabi/11.3.1/thumb/v7-m/nofp\libgcc.a
LOAD C:/ST/STM32CubeIDE_1.13.2/STM32CubeIDE/plugins/com.st.stm32cube.ide.mcu.externaltools.gnu-tools-for-stm32.11.3.rel1.win32_1.1.100.202309141235/tools/bin/../lib/gcc/arm-none-eabi/11.3.1/../../../../arm-none-eabi/lib/thumb/v7-m/nofp\libc_nano.a
LOAD C:/ST/STM32CubeIDE_1.13.2/STM32CubeIDE/plugins/com.st.stm32cube.ide.mcu.externaltools.gnu-tools-for-stm32.11.3.rel1.win32_1.1.100.202309141235/tools/bin/../lib/gcc/arm-none-eabi/11.3.1/../../../../arm-none-eabi/lib/thumb/v7-m/nofp\libnosys.a
END GROUP
LOAD C:/ST/STM32CubeIDE_1.13.2/STM32CubeIDE/plugins/com.st.stm32cube.ide.mcu.externaltools.gnu-tools-for-stm32.11.3.rel1.win32_1.1.100.202309141235/tools/bin/../lib/gcc/arm-none-eabi/11.3.1/thumb/v7-m/nofp/crtend.o
LOAD C:/ST/STM32CubeIDE_1.13.2/STM32CubeIDE/plugins/com.st.stm32cube.ide.mcu.externaltools.gnu-tools-for-stm32.11.3.rel1.win32_1.1.100.202309141235/tools/bin/../lib/gcc/arm-none-eabi/11.3.1/thumb/v7-m/nofp/crtn.o
                0x0000000020005000                _estack = (ORIGIN (RAM) + LENGTH (RAM))
                0x0000000000000200                _Min_Heap_Size = 0x200
                0x0000000000000400                _Min_Stack_Size = 0x400

.isr_vector     0x0000000008000000      0x10c
                0x0000000008000000                . = ALIGN (0x4)
 *(.isr_vector)
 .isr_vector    0x0000000008000000      0x10c ./Core/Startup/startup_stm32f103c8tx.o
                0x0000000008000000                g_pfnVectors
                0x000000000800010c                . = ALIGN (0x4)

.text           0x0000000008000110     0x4f38
                0x0000000008000110                . = ALIGN (0x4)
 *(.text)
 .text          0x0000000008000110       0x40 C:/ST/STM32CubeIDE_1.13.2/STM32CubeIDE/plugins/com.st.stm32cube.ide.mcu.externaltools.gnu-tools-for-stm32.11.3.rel1.win32_1.1.100.202309141235/tools/bin/../lib/gcc/arm-none-eabi/11.3.1/thumb/v7-m/nofp/crtbegin.o
 .text          0x0000000008000150       0x10 C:/ST/STM32CubeIDE_1.13.2/STM32CubeIDE/plugins/com.st.stm32cube.ide.mcu.externaltools.gnu-tools-for-stm32.11.3.rel1.win32_1.1.100.202309141235/tools/bin/../lib/gcc/arm-none-eabi/11.3.1/../../../../arm-none-eabi/lib/thumb/v7-m/nofp\libc_nano.a(libc_a-strlen.o)
                0x0000000008000150                strlen
 *(.text*)
 .text.vApplicationGetIdleTaskMemory
                0x0000000008000160       0x30 ./Core/Src/freertos.o
                0x0000000008000160                vApplicationGetIdleTaskMemory
 .text.Task1Function
                0x0000000008000190       0x14 ./Core/Src/main.o
                0x0000000008000190                Task1Function
 .text.Task2Function
                0x00000000080001a4       0x74 ./Core/Src/main.o
                0x00000000080001a4                Task2Function
 .text.main     0x0000000008000218       0x70 ./Core/Src/main.o
                0x0000000008000218                main
 .text.SystemClock_Config
                0x0000000008000288       0x8c ./Core/Src/main.o
                0x0000000008000288                SystemClock_Config
 .text.MX_SPI1_Init
                0x0000000008000314       0x6c ./Core/Src/main.o
 .text.MX_GPIO_Init
                0x0000000008000380      0x120 ./Core/Src/main.o
 .text.Error_Handler
                0x00000000080004a0        0xa ./Core/Src/main.o
                0x00000000080004a0                Error_Handler
 *fill*         0x00000000080004aa        0x2 
 .text.HAL_MspInit
                0x00000000080004ac       0x70 ./Core/Src/stm32f1xx_hal_msp.o
                0x00000000080004ac                HAL_MspInit
 .text.HAL_SPI_MspInit
                0x000000000800051c       0x94 ./Core/Src/stm32f1xx_hal_msp.o
                0x000000000800051c                HAL_SPI_MspInit
 .text.NMI_Handler
                0x00000000080005b0        0xa ./Core/Src/stm32f1xx_it.o
                0x00000000080005b0                NMI_Handler
 .text.HardFault_Handler
                0x00000000080005ba        0x6 ./Core/Src/stm32f1xx_it.o
                0x00000000080005ba                HardFault_Handler
 .text.MemManage_Handler
                0x00000000080005c0        0x6 ./Core/Src/stm32f1xx_it.o
                0x00000000080005c0                MemManage_Handler
 .text.BusFault_Handler
                0x00000000080005c6        0x6 ./Core/Src/stm32f1xx_it.o
                0x00000000080005c6                BusFault_Handler
 .text.UsageFault_Handler
                0x00000000080005cc        0x6 ./Core/Src/stm32f1xx_it.o
                0x00000000080005cc                UsageFault_Handler
 .text.DebugMon_Handler
                0x00000000080005d2        0xc ./Core/Src/stm32f1xx_it.o
                0x00000000080005d2                DebugMon_Handler
 .text.SysTick_Handler
                0x00000000080005de       0x1a ./Core/Src/stm32f1xx_it.o
                0x00000000080005de                SysTick_Handler
 .text.SystemInit
                0x00000000080005f8        0xc ./Core/Src/system_stm32f1xx.o
                0x00000000080005f8                SystemInit
 .text.writeMessage
                0x0000000008000604       0x2c ./Core/Src/w5500/TelnetSession.o
                0x0000000008000604                writeMessage
 .text.readMessage
                0x0000000008000630       0xa8 ./Core/Src/w5500/TelnetSession.o
                0x0000000008000630                readMessage
 .text.clearScreen
                0x00000000080006d8       0x14 ./Core/Src/w5500/TelnetSession.o
                0x00000000080006d8                clearScreen
 .text.invalidInput
                0x00000000080006ec       0x18 ./Core/Src/w5500/TelnetSession.o
                0x00000000080006ec                invalidInput
 .text.mainMenu
                0x0000000008000704       0x5c ./Core/Src/w5500/TelnetSession.o
                0x0000000008000704                mainMenu
 .text.startTelnet
                0x0000000008000760      0x104 ./Core/Src/w5500/TelnetSession.o
                0x0000000008000760                startTelnet
 .text.socket   0x0000000008000864      0x228 ./Core/Src/w5500/socket.o
                0x0000000008000864                socket
 .text.close    0x0000000008000a8c       0xdc ./Core/Src/w5500/socket.o
                0x0000000008000a8c                close
 .text.listen   0x0000000008000b68       0xb2 ./Core/Src/w5500/socket.o
                0x0000000008000b68                listen
 *fill*         0x0000000008000c1a        0x2 
 .text.send     0x0000000008000c1c      0x1f4 ./Core/Src/w5500/socket.o
                0x0000000008000c1c                send
 .text.recv     0x0000000008000e10      0x16c ./Core/Src/w5500/socket.o
                0x0000000008000e10                recv
 .text.wizchip_select
                0x0000000008000f7c       0x18 ./Core/Src/w5500/w5500_spi.o
                0x0000000008000f7c                wizchip_select
 .text.wizchip_deselect
                0x0000000008000f94       0x18 ./Core/Src/w5500/w5500_spi.o
                0x0000000008000f94                wizchip_deselect
 .text.wizchip_read
                0x0000000008000fac       0x24 ./Core/Src/w5500/w5500_spi.o
                0x0000000008000fac                wizchip_read
 .text.wizchip_write
                0x0000000008000fd0       0x24 ./Core/Src/w5500/w5500_spi.o
                0x0000000008000fd0                wizchip_write
 .text.wizchip_read_burst
                0x0000000008000ff4       0x38 ./Core/Src/w5500/w5500_spi.o
                0x0000000008000ff4                wizchip_read_burst
 .text.wizchip_write_burst
                0x000000000800102c       0x38 ./Core/Src/w5500/w5500_spi.o
                0x000000000800102c                wizchip_write_burst
 .text.resetW5500
                0x0000000008001064       0x38 ./Core/Src/w5500/w5500_spi.o
                0x0000000008001064                resetW5500
 .text.W5500Init
                0x000000000800109c       0x70 ./Core/Src/w5500/w5500_spi.o
                0x000000000800109c                W5500Init
 .text.wizchip_cris_enter
                0x000000000800110c        0xc ./Core/Src/w5500/wizchip_conf.o
                0x000000000800110c                wizchip_cris_enter
 .text.wizchip_cris_exit
                0x0000000008001118        0xc ./Core/Src/w5500/wizchip_conf.o
                0x0000000008001118                wizchip_cris_exit
 .text.wizchip_cs_select
                0x0000000008001124        0xc ./Core/Src/w5500/wizchip_conf.o
                0x0000000008001124                wizchip_cs_select
 .text.wizchip_cs_deselect
                0x0000000008001130        0xc ./Core/Src/w5500/wizchip_conf.o
                0x0000000008001130                wizchip_cs_deselect
 .text.wizchip_bus_readdata
                0x000000000800113c       0x18 ./Core/Src/w5500/wizchip_conf.o
                0x000000000800113c                wizchip_bus_readdata
 .text.wizchip_bus_writedata
                0x0000000008001154       0x1c ./Core/Src/w5500/wizchip_conf.o
                0x0000000008001154                wizchip_bus_writedata
 .text.wizchip_spi_readbyte
                0x0000000008001170        0xe ./Core/Src/w5500/wizchip_conf.o
                0x0000000008001170                wizchip_spi_readbyte
 .text.wizchip_spi_writebyte
                0x000000000800117e       0x14 ./Core/Src/w5500/wizchip_conf.o
                0x000000000800117e                wizchip_spi_writebyte
 .text.wizchip_spi_readburst
                0x0000000008001192       0x16 ./Core/Src/w5500/wizchip_conf.o
                0x0000000008001192                wizchip_spi_readburst
 .text.wizchip_spi_writeburst
                0x00000000080011a8       0x16 ./Core/Src/w5500/wizchip_conf.o
                0x00000000080011a8                wizchip_spi_writeburst
 *fill*         0x00000000080011be        0x2 
 .text.reg_wizchip_cs_cbfunc
                0x00000000080011c0       0x48 ./Core/Src/w5500/wizchip_conf.o
                0x00000000080011c0                reg_wizchip_cs_cbfunc
 .text.reg_wizchip_spi_cbfunc
                0x0000000008001208       0x58 ./Core/Src/w5500/wizchip_conf.o
                0x0000000008001208                reg_wizchip_spi_cbfunc
 .text.reg_wizchip_spiburst_cbfunc
                0x0000000008001260       0x58 ./Core/Src/w5500/wizchip_conf.o
                0x0000000008001260                reg_wizchip_spiburst_cbfunc
 .text.ctlwizchip
                0x00000000080012b8      0x1c4 ./Core/Src/w5500/wizchip_conf.o
                0x00000000080012b8                ctlwizchip
 .text.ctlnetwork
                0x000000000800147c       0x7c ./Core/Src/w5500/wizchip_conf.o
                0x000000000800147c                ctlnetwork
 .text.wizchip_sw_reset
                0x00000000080014f8       0x98 ./Core/Src/w5500/wizchip_conf.o
                0x00000000080014f8                wizchip_sw_reset
 .text.wizchip_init
                0x0000000008001590      0x118 ./Core/Src/w5500/wizchip_conf.o
                0x0000000008001590                wizchip_init
 .text.wizchip_clrinterrupt
                0x00000000080016a8       0x68 ./Core/Src/w5500/wizchip_conf.o
                0x00000000080016a8                wizchip_clrinterrupt
 .text.wizchip_getinterrupt
                0x0000000008001710       0x4a ./Core/Src/w5500/wizchip_conf.o
                0x0000000008001710                wizchip_getinterrupt
 .text.wizchip_setinterruptmask
                0x000000000800175a       0x36 ./Core/Src/w5500/wizchip_conf.o
                0x000000000800175a                wizchip_setinterruptmask
 .text.wizchip_getinterruptmask
                0x0000000008001790       0x46 ./Core/Src/w5500/wizchip_conf.o
                0x0000000008001790                wizchip_getinterruptmask
 .text.wizphy_getphylink
                0x00000000080017d6       0x2c ./Core/Src/w5500/wizchip_conf.o
                0x00000000080017d6                wizphy_getphylink
 .text.wizphy_getphypmode
                0x0000000008001802       0x32 ./Core/Src/w5500/wizchip_conf.o
                0x0000000008001802                wizphy_getphypmode
 .text.wizphy_reset
                0x0000000008001834       0x4e ./Core/Src/w5500/wizchip_conf.o
                0x0000000008001834                wizphy_reset
 .text.wizphy_setphyconf
                0x0000000008001882       0x84 ./Core/Src/w5500/wizchip_conf.o
                0x0000000008001882                wizphy_setphyconf
 *fill*         0x0000000008001906        0x2 
 .text.wizphy_getphyconf
                0x0000000008001908       0xd4 ./Core/Src/w5500/wizchip_conf.o
                0x0000000008001908                wizphy_getphyconf
 .text.wizphy_setphypmode
                0x00000000080019dc       0x94 ./Core/Src/w5500/wizchip_conf.o
                0x00000000080019dc                wizphy_setphypmode
 .text.wizchip_setnetinfo
                0x0000000008001a70       0x80 ./Core/Src/w5500/wizchip_conf.o
                0x0000000008001a70                wizchip_setnetinfo
 .text.wizchip_getnetinfo
                0x0000000008001af0       0x80 ./Core/Src/w5500/wizchip_conf.o
                0x0000000008001af0                wizchip_getnetinfo
 .text.wizchip_setnetmode
                0x0000000008001b70       0x44 ./Core/Src/w5500/wizchip_conf.o
                0x0000000008001b70                wizchip_setnetmode
 .text.wizchip_getnetmode
                0x0000000008001bb4       0x10 ./Core/Src/w5500/wizchip_conf.o
                0x0000000008001bb4                wizchip_getnetmode
 .text.wizchip_settimeout
                0x0000000008001bc4       0x42 ./Core/Src/w5500/wizchip_conf.o
                0x0000000008001bc4                wizchip_settimeout
 .text.wizchip_gettimeout
                0x0000000008001c06       0x44 ./Core/Src/w5500/wizchip_conf.o
                0x0000000008001c06                wizchip_gettimeout
 *fill*         0x0000000008001c4a        0x2 
 .text.WIZCHIP_READ
                0x0000000008001c4c       0x98 ./Core/Src/w5500/W5500/w5500.o
                0x0000000008001c4c                WIZCHIP_READ
 .text.WIZCHIP_WRITE
                0x0000000008001ce4       0x9c ./Core/Src/w5500/W5500/w5500.o
                0x0000000008001ce4                WIZCHIP_WRITE
 .text.WIZCHIP_READ_BUF
                0x0000000008001d80       0xc0 ./Core/Src/w5500/W5500/w5500.o
                0x0000000008001d80                WIZCHIP_READ_BUF
 .text.WIZCHIP_WRITE_BUF
                0x0000000008001e40       0xc0 ./Core/Src/w5500/W5500/w5500.o
                0x0000000008001e40                WIZCHIP_WRITE_BUF
 .text.getSn_TX_FSR
                0x0000000008001f00       0x96 ./Core/Src/w5500/W5500/w5500.o
                0x0000000008001f00                getSn_TX_FSR
 .text.getSn_RX_RSR
                0x0000000008001f96       0x96 ./Core/Src/w5500/W5500/w5500.o
                0x0000000008001f96                getSn_RX_RSR
 .text.wiz_send_data
                0x000000000800202c       0xb8 ./Core/Src/w5500/W5500/w5500.o
                0x000000000800202c                wiz_send_data
 .text.wiz_recv_data
                0x00000000080020e4       0xb8 ./Core/Src/w5500/W5500/w5500.o
                0x00000000080020e4                wiz_recv_data
 .text.Reset_Handler
                0x000000000800219c       0x48 ./Core/Startup/startup_stm32f103c8tx.o
                0x000000000800219c                Reset_Handler
 .text.Default_Handler
                0x00000000080021e4        0x2 ./Core/Startup/startup_stm32f103c8tx.o
                0x00000000080021e4                RTC_Alarm_IRQHandler
                0x00000000080021e4                EXTI2_IRQHandler
                0x00000000080021e4                TIM1_CC_IRQHandler
                0x00000000080021e4                PVD_IRQHandler
                0x00000000080021e4                EXTI3_IRQHandler
                0x00000000080021e4                EXTI0_IRQHandler
                0x00000000080021e4                I2C2_EV_IRQHandler
                0x00000000080021e4                ADC1_2_IRQHandler
                0x00000000080021e4                SPI1_IRQHandler
                0x00000000080021e4                TAMPER_IRQHandler
                0x00000000080021e4                DMA1_Channel4_IRQHandler
                0x00000000080021e4                USART3_IRQHandler
                0x00000000080021e4                RTC_IRQHandler
                0x00000000080021e4                DMA1_Channel7_IRQHandler
                0x00000000080021e4                CAN1_RX1_IRQHandler
                0x00000000080021e4                TIM4_IRQHandler
                0x00000000080021e4                I2C1_EV_IRQHandler
                0x00000000080021e4                DMA1_Channel6_IRQHandler
                0x00000000080021e4                TIM3_IRQHandler
                0x00000000080021e4                RCC_IRQHandler
                0x00000000080021e4                TIM1_TRG_COM_IRQHandler
                0x00000000080021e4                DMA1_Channel1_IRQHandler
                0x00000000080021e4                Default_Handler
                0x00000000080021e4                EXTI15_10_IRQHandler
                0x00000000080021e4                EXTI9_5_IRQHandler
                0x00000000080021e4                SPI2_IRQHandler
                0x00000000080021e4                DMA1_Channel5_IRQHandler
                0x00000000080021e4                EXTI4_IRQHandler
                0x00000000080021e4                USB_LP_CAN1_RX0_IRQHandler
                0x00000000080021e4                USB_HP_CAN1_TX_IRQHandler
                0x00000000080021e4                DMA1_Channel3_IRQHandler
                0x00000000080021e4                TIM1_UP_IRQHandler
                0x00000000080021e4                WWDG_IRQHandler
                0x00000000080021e4                TIM2_IRQHandler
                0x00000000080021e4                TIM1_BRK_IRQHandler
                0x00000000080021e4                EXTI1_IRQHandler
                0x00000000080021e4                USART2_IRQHandler
                0x00000000080021e4                I2C2_ER_IRQHandler
                0x00000000080021e4                DMA1_Channel2_IRQHandler
                0x00000000080021e4                CAN1_SCE_IRQHandler
                0x00000000080021e4                FLASH_IRQHandler
                0x00000000080021e4                USART1_IRQHandler
                0x00000000080021e4                I2C1_ER_IRQHandler
                0x00000000080021e4                USBWakeUp_IRQHandler
 *fill*         0x00000000080021e6        0x2 
 .text.HAL_Init
                0x00000000080021e8       0x2c ./Drivers/STM32F1xx_HAL_Driver/Src/stm32f1xx_hal.o
                0x00000000080021e8                HAL_Init
 .text.HAL_InitTick
                0x0000000008002214       0x60 ./Drivers/STM32F1xx_HAL_Driver/Src/stm32f1xx_hal.o
                0x0000000008002214                HAL_InitTick
 .text.HAL_IncTick
                0x0000000008002274       0x24 ./Drivers/STM32F1xx_HAL_Driver/Src/stm32f1xx_hal.o
                0x0000000008002274                HAL_IncTick
 .text.HAL_GetTick
                0x0000000008002298       0x14 ./Drivers/STM32F1xx_HAL_Driver/Src/stm32f1xx_hal.o
                0x0000000008002298                HAL_GetTick
 .text.HAL_Delay
                0x00000000080022ac       0x48 ./Drivers/STM32F1xx_HAL_Driver/Src/stm32f1xx_hal.o
                0x00000000080022ac                HAL_Delay
 .text.__NVIC_SetPriorityGrouping
                0x00000000080022f4       0x48 ./Drivers/STM32F1xx_HAL_Driver/Src/stm32f1xx_hal_cortex.o
 .text.__NVIC_GetPriorityGrouping
                0x000000000800233c       0x1c ./Drivers/STM32F1xx_HAL_Driver/Src/stm32f1xx_hal_cortex.o
 .text.__NVIC_SetPriority
                0x0000000008002358       0x54 ./Drivers/STM32F1xx_HAL_Driver/Src/stm32f1xx_hal_cortex.o
 .text.NVIC_EncodePriority
                0x00000000080023ac       0x64 ./Drivers/STM32F1xx_HAL_Driver/Src/stm32f1xx_hal_cortex.o
 .text.SysTick_Config
                0x0000000008002410       0x44 ./Drivers/STM32F1xx_HAL_Driver/Src/stm32f1xx_hal_cortex.o
 .text.HAL_NVIC_SetPriorityGrouping
                0x0000000008002454       0x16 ./Drivers/STM32F1xx_HAL_Driver/Src/stm32f1xx_hal_cortex.o
                0x0000000008002454                HAL_NVIC_SetPriorityGrouping
 .text.HAL_NVIC_SetPriority
                0x000000000800246a       0x38 ./Drivers/STM32F1xx_HAL_Driver/Src/stm32f1xx_hal_cortex.o
                0x000000000800246a                HAL_NVIC_SetPriority
 .text.HAL_SYSTICK_Config
                0x00000000080024a2       0x18 ./Drivers/STM32F1xx_HAL_Driver/Src/stm32f1xx_hal_cortex.o
                0x00000000080024a2                HAL_SYSTICK_Config
 *fill*         0x00000000080024ba        0x2 
 .text.HAL_GPIO_Init
                0x00000000080024bc      0x308 ./Drivers/STM32F1xx_HAL_Driver/Src/stm32f1xx_hal_gpio.o
                0x00000000080024bc                HAL_GPIO_Init
 .text.HAL_GPIO_ReadPin
                0x00000000080027c4       0x2e ./Drivers/STM32F1xx_HAL_Driver/Src/stm32f1xx_hal_gpio.o
                0x00000000080027c4                HAL_GPIO_ReadPin
 .text.HAL_GPIO_WritePin
                0x00000000080027f2       0x30 ./Drivers/STM32F1xx_HAL_Driver/Src/stm32f1xx_hal_gpio.o
                0x00000000080027f2                HAL_GPIO_WritePin
 *fill*         0x0000000008002822        0x2 
 .text.HAL_RCC_OscConfig
                0x0000000008002824      0x504 ./Drivers/STM32F1xx_HAL_Driver/Src/stm32f1xx_hal_rcc.o
                0x0000000008002824                HAL_RCC_OscConfig
 .text.HAL_RCC_ClockConfig
                0x0000000008002d28      0x1d4 ./Drivers/STM32F1xx_HAL_Driver/Src/stm32f1xx_hal_rcc.o
                0x0000000008002d28                HAL_RCC_ClockConfig
 .text.HAL_RCC_EnableCSS
                0x0000000008002efc       0x18 ./Drivers/STM32F1xx_HAL_Driver/Src/stm32f1xx_hal_rcc.o
                0x0000000008002efc                HAL_RCC_EnableCSS
 .text.HAL_RCC_GetSysClockFreq
                0x0000000008002f14       0xa8 ./Drivers/STM32F1xx_HAL_Driver/Src/stm32f1xx_hal_rcc.o
                0x0000000008002f14                HAL_RCC_GetSysClockFreq
 .text.HAL_RCC_NMI_IRQHandler
                0x0000000008002fbc       0x28 ./Drivers/STM32F1xx_HAL_Driver/Src/stm32f1xx_hal_rcc.o
                0x0000000008002fbc                HAL_RCC_NMI_IRQHandler
 .text.RCC_Delay
                0x0000000008002fe4       0x3c ./Drivers/STM32F1xx_HAL_Driver/Src/stm32f1xx_hal_rcc.o
 .text.HAL_RCC_CSSCallback
                0x0000000008003020        0xc ./Drivers/STM32F1xx_HAL_Driver/Src/stm32f1xx_hal_rcc.o
                0x0000000008003020                HAL_RCC_CSSCallback
 .text.HAL_SPI_Init
                0x000000000800302c      0x108 ./Drivers/STM32F1xx_HAL_Driver/Src/stm32f1xx_hal_spi.o
                0x000000000800302c                HAL_SPI_Init
 .text.HAL_SPI_Transmit
                0x0000000008003134      0x286 ./Drivers/STM32F1xx_HAL_Driver/Src/stm32f1xx_hal_spi.o
                0x0000000008003134                HAL_SPI_Transmit
 .text.HAL_SPI_Receive
                0x00000000080033ba      0x230 ./Drivers/STM32F1xx_HAL_Driver/Src/stm32f1xx_hal_spi.o
                0x00000000080033ba                HAL_SPI_Receive
 .text.HAL_SPI_TransmitReceive
                0x00000000080035ea      0x360 ./Drivers/STM32F1xx_HAL_Driver/Src/stm32f1xx_hal_spi.o
                0x00000000080035ea                HAL_SPI_TransmitReceive
 *fill*         0x000000000800394a        0x2 
 .text.SPI_WaitFlagStateUntilTimeout
                0x000000000800394c      0x110 ./Drivers/STM32F1xx_HAL_Driver/Src/stm32f1xx_hal_spi.o
 .text.SPI_EndRxTransaction
                0x0000000008003a5c       0xa4 ./Drivers/STM32F1xx_HAL_Driver/Src/stm32f1xx_hal_spi.o
 .text.SPI_EndRxTxTransaction
                0x0000000008003b00       0x3c ./Drivers/STM32F1xx_HAL_Driver/Src/stm32f1xx_hal_spi.o
 .text.vListInitialise
                0x0000000008003b3c       0x3e ./Middlewares/Third_Party/FreeRTOS/Source/list.o
                0x0000000008003b3c                vListInitialise
 .text.vListInitialiseItem
                0x0000000008003b7a       0x18 ./Middlewares/Third_Party/FreeRTOS/Source/list.o
                0x0000000008003b7a                vListInitialiseItem
 .text.vListInsertEnd
                0x0000000008003b92       0x46 ./Middlewares/Third_Party/FreeRTOS/Source/list.o
                0x0000000008003b92                vListInsertEnd
 .text.vListInsert
                0x0000000008003bd8       0x70 ./Middlewares/Third_Party/FreeRTOS/Source/list.o
                0x0000000008003bd8                vListInsert
 .text.uxListRemove
                0x0000000008003c48       0x52 ./Middlewares/Third_Party/FreeRTOS/Source/list.o
                0x0000000008003c48                uxListRemove
 .text.xTaskCreateStatic
                0x0000000008003c9a       0xb8 ./Middlewares/Third_Party/FreeRTOS/Source/tasks.o
                0x0000000008003c9a                xTaskCreateStatic
 .text.xTaskCreate
                0x0000000008003d52       0x8a ./Middlewares/Third_Party/FreeRTOS/Source/tasks.o
                0x0000000008003d52                xTaskCreate
 .text.prvInitialiseNewTask
                0x0000000008003ddc      0x12c ./Middlewares/Third_Party/FreeRTOS/Source/tasks.o
 .text.prvAddNewTaskToReadyList
                0x0000000008003f08       0xd4 ./Middlewares/Third_Party/FreeRTOS/Source/tasks.o
 .text.vTaskDelay
                0x0000000008003fdc       0x68 ./Middlewares/Third_Party/FreeRTOS/Source/tasks.o
                0x0000000008003fdc                vTaskDelay
 .text.vTaskStartScheduler
                0x0000000008004044       0xd4 ./Middlewares/Third_Party/FreeRTOS/Source/tasks.o
                0x0000000008004044                vTaskStartScheduler
 .text.vTaskSuspendAll
                0x0000000008004118       0x1c ./Middlewares/Third_Party/FreeRTOS/Source/tasks.o
                0x0000000008004118                vTaskSuspendAll
 .text.xTaskResumeAll
                0x0000000008004134      0x138 ./Middlewares/Third_Party/FreeRTOS/Source/tasks.o
                0x0000000008004134                xTaskResumeAll
 .text.xTaskIncrementTick
                0x000000000800426c      0x17c ./Middlewares/Third_Party/FreeRTOS/Source/tasks.o
                0x000000000800426c                xTaskIncrementTick
 .text.vTaskSwitchContext
                0x00000000080043e8       0xc4 ./Middlewares/Third_Party/FreeRTOS/Source/tasks.o
                0x00000000080043e8                vTaskSwitchContext
 .text.prvIdleTask
                0x00000000080044ac       0x30 ./Middlewares/Third_Party/FreeRTOS/Source/tasks.o
 .text.prvInitialiseTaskLists
                0x00000000080044dc       0x80 ./Middlewares/Third_Party/FreeRTOS/Source/tasks.o
 .text.prvCheckTasksWaitingTermination
                0x000000000800455c       0x5c ./Middlewares/Third_Party/FreeRTOS/Source/tasks.o
 .text.prvDeleteTCB
                0x00000000080045b8       0x68 ./Middlewares/Third_Party/FreeRTOS/Source/tasks.o
 .text.prvResetNextTaskUnblockTime
                0x0000000008004620       0x48 ./Middlewares/Third_Party/FreeRTOS/Source/tasks.o
 .text.xTaskGetSchedulerState
                0x0000000008004668       0x3c ./Middlewares/Third_Party/FreeRTOS/Source/tasks.o
                0x0000000008004668                xTaskGetSchedulerState
 .text.prvAddCurrentTaskToDelayedList
                0x00000000080046a4       0xcc ./Middlewares/Third_Party/FreeRTOS/Source/tasks.o
 .text.pxPortInitialiseStack
                0x0000000008004770       0x58 ./Middlewares/Third_Party/FreeRTOS/Source/portable/GCC/ARM_CM3/port.o
                0x0000000008004770                pxPortInitialiseStack
 .text.prvTaskExitError
                0x00000000080047c8       0x58 ./Middlewares/Third_Party/FreeRTOS/Source/portable/GCC/ARM_CM3/port.o
 .text.SVC_Handler
                0x0000000008004820       0x28 ./Middlewares/Third_Party/FreeRTOS/Source/portable/GCC/ARM_CM3/port.o
                0x0000000008004820                SVC_Handler
 .text.prvPortStartFirstTask
                0x0000000008004848       0x20 ./Middlewares/Third_Party/FreeRTOS/Source/portable/GCC/ARM_CM3/port.o
 .text.xPortStartScheduler
                0x0000000008004868       0xe4 ./Middlewares/Third_Party/FreeRTOS/Source/portable/GCC/ARM_CM3/port.o
                0x0000000008004868                xPortStartScheduler
 .text.vPortEnterCritical
                0x000000000800494c       0x60 ./Middlewares/Third_Party/FreeRTOS/Source/portable/GCC/ARM_CM3/port.o
                0x000000000800494c                vPortEnterCritical
 .text.vPortExitCritical
                0x00000000080049ac       0x50 ./Middlewares/Third_Party/FreeRTOS/Source/portable/GCC/ARM_CM3/port.o
                0x00000000080049ac                vPortExitCritical
 *fill*         0x00000000080049fc        0x4 
 .text.PendSV_Handler
                0x0000000008004a00       0x48 ./Middlewares/Third_Party/FreeRTOS/Source/portable/GCC/ARM_CM3/port.o
                0x0000000008004a00                PendSV_Handler
 .text.xPortSysTickHandler
                0x0000000008004a48       0x44 ./Middlewares/Third_Party/FreeRTOS/Source/portable/GCC/ARM_CM3/port.o
                0x0000000008004a48                xPortSysTickHandler
 .text.vPortSetupTimerInterrupt
                0x0000000008004a8c       0x44 ./Middlewares/Third_Party/FreeRTOS/Source/portable/GCC/ARM_CM3/port.o
                0x0000000008004a8c                vPortSetupTimerInterrupt
 .text.pvPortMalloc
                0x0000000008004ad0      0x188 ./Middlewares/Third_Party/FreeRTOS/Source/portable/MemMang/heap_4.o
                0x0000000008004ad0                pvPortMalloc
 .text.vPortFree
                0x0000000008004c58       0xb4 ./Middlewares/Third_Party/FreeRTOS/Source/portable/MemMang/heap_4.o
                0x0000000008004c58                vPortFree
 .text.prvHeapInit
                0x0000000008004d0c       0xc4 ./Middlewares/Third_Party/FreeRTOS/Source/portable/MemMang/heap_4.o
 .text.prvInsertBlockIntoFreeList
                0x0000000008004dd0       0xb0 ./Middlewares/Third_Party/FreeRTOS/Source/portable/MemMang/heap_4.o
 .text.memset   0x0000000008004e80       0x10 C:/ST/STM32CubeIDE_1.13.2/STM32CubeIDE/plugins/com.st.stm32cube.ide.mcu.externaltools.gnu-tools-for-stm32.11.3.rel1.win32_1.1.100.202309141235/tools/bin/../lib/gcc/arm-none-eabi/11.3.1/../../../../arm-none-eabi/lib/thumb/v7-m/nofp\libc_nano.a(libc_a-memset.o)
                0x0000000008004e80                memset
 .text._reclaim_reent
                0x0000000008004e90       0xac C:/ST/STM32CubeIDE_1.13.2/STM32CubeIDE/plugins/com.st.stm32cube.ide.mcu.externaltools.gnu-tools-for-stm32.11.3.rel1.win32_1.1.100.202309141235/tools/bin/../lib/gcc/arm-none-eabi/11.3.1/../../../../arm-none-eabi/lib/thumb/v7-m/nofp\libc_nano.a(libc_a-reent.o)
                0x0000000008004e90                _reclaim_reent
 .text.__libc_init_array
                0x0000000008004f3c       0x48 C:/ST/STM32CubeIDE_1.13.2/STM32CubeIDE/plugins/com.st.stm32cube.ide.mcu.externaltools.gnu-tools-for-stm32.11.3.rel1.win32_1.1.100.202309141235/tools/bin/../lib/gcc/arm-none-eabi/11.3.1/../../../../arm-none-eabi/lib/thumb/v7-m/nofp\libc_nano.a(libc_a-init.o)
                0x0000000008004f3c                __libc_init_array
 .text.__retarget_lock_acquire_recursive
                0x0000000008004f84        0x2 C:/ST/STM32CubeIDE_1.13.2/STM32CubeIDE/plugins/com.st.stm32cube.ide.mcu.externaltools.gnu-tools-for-stm32.11.3.rel1.win32_1.1.100.202309141235/tools/bin/../lib/gcc/arm-none-eabi/11.3.1/../../../../arm-none-eabi/lib/thumb/v7-m/nofp\libc_nano.a(libc_a-lock.o)
                0x0000000008004f84                __retarget_lock_acquire_recursive
 .text.__retarget_lock_release_recursive
                0x0000000008004f86        0x2 C:/ST/STM32CubeIDE_1.13.2/STM32CubeIDE/plugins/com.st.stm32cube.ide.mcu.externaltools.gnu-tools-for-stm32.11.3.rel1.win32_1.1.100.202309141235/tools/bin/../lib/gcc/arm-none-eabi/11.3.1/../../../../arm-none-eabi/lib/thumb/v7-m/nofp\libc_nano.a(libc_a-lock.o)
                0x0000000008004f86                __retarget_lock_release_recursive
 .text._free_r  0x0000000008004f88       0x90 C:/ST/STM32CubeIDE_1.13.2/STM32CubeIDE/plugins/com.st.stm32cube.ide.mcu.externaltools.gnu-tools-for-stm32.11.3.rel1.win32_1.1.100.202309141235/tools/bin/../lib/gcc/arm-none-eabi/11.3.1/../../../../arm-none-eabi/lib/thumb/v7-m/nofp\libc_nano.a(libc_a-freer.o)
                0x0000000008004f88                _free_r
 .text.__malloc_lock
                0x0000000008005018        0xc C:/ST/STM32CubeIDE_1.13.2/STM32CubeIDE/plugins/com.st.stm32cube.ide.mcu.externaltools.gnu-tools-for-stm32.11.3.rel1.win32_1.1.100.202309141235/tools/bin/../lib/gcc/arm-none-eabi/11.3.1/../../../../arm-none-eabi/lib/thumb/v7-m/nofp\libc_nano.a(libc_a-mlock.o)
                0x0000000008005018                __malloc_lock
 .text.__malloc_unlock
                0x0000000008005024        0xc C:/ST/STM32CubeIDE_1.13.2/STM32CubeIDE/plugins/com.st.stm32cube.ide.mcu.externaltools.gnu-tools-for-stm32.11.3.rel1.win32_1.1.100.202309141235/tools/bin/../lib/gcc/arm-none-eabi/11.3.1/../../../../arm-none-eabi/lib/thumb/v7-m/nofp\libc_nano.a(libc_a-mlock.o)
                0x0000000008005024                __malloc_unlock
 *(.glue_7)
 .glue_7        0x0000000008005030        0x0 linker stubs
 *(.glue_7t)
 .glue_7t       0x0000000008005030        0x0 linker stubs
 *(.eh_frame)
 .eh_frame      0x0000000008005030        0x0 C:/ST/STM32CubeIDE_1.13.2/STM32CubeIDE/plugins/com.st.stm32cube.ide.mcu.externaltools.gnu-tools-for-stm32.11.3.rel1.win32_1.1.100.202309141235/tools/bin/../lib/gcc/arm-none-eabi/11.3.1/thumb/v7-m/nofp/crtbegin.o
 *(.init)
 .init          0x0000000008005030        0x4 C:/ST/STM32CubeIDE_1.13.2/STM32CubeIDE/plugins/com.st.stm32cube.ide.mcu.externaltools.gnu-tools-for-stm32.11.3.rel1.win32_1.1.100.202309141235/tools/bin/../lib/gcc/arm-none-eabi/11.3.1/thumb/v7-m/nofp/crti.o
                0x0000000008005030                _init
 .init          0x0000000008005034        0x8 C:/ST/STM32CubeIDE_1.13.2/STM32CubeIDE/plugins/com.st.stm32cube.ide.mcu.externaltools.gnu-tools-for-stm32.11.3.rel1.win32_1.1.100.202309141235/tools/bin/../lib/gcc/arm-none-eabi/11.3.1/thumb/v7-m/nofp/crtn.o
 *(.fini)
 .fini          0x000000000800503c        0x4 C:/ST/STM32CubeIDE_1.13.2/STM32CubeIDE/plugins/com.st.stm32cube.ide.mcu.externaltools.gnu-tools-for-stm32.11.3.rel1.win32_1.1.100.202309141235/tools/bin/../lib/gcc/arm-none-eabi/11.3.1/thumb/v7-m/nofp/crti.o
                0x000000000800503c                _fini
 .fini          0x0000000008005040        0x8 C:/ST/STM32CubeIDE_1.13.2/STM32CubeIDE/plugins/com.st.stm32cube.ide.mcu.externaltools.gnu-tools-for-stm32.11.3.rel1.win32_1.1.100.202309141235/tools/bin/../lib/gcc/arm-none-eabi/11.3.1/thumb/v7-m/nofp/crtn.o
                0x0000000008005048                . = ALIGN (0x4)
                0x0000000008005048                _etext = .

.vfp11_veneer   0x0000000008005048        0x0
 .vfp11_veneer  0x0000000008005048        0x0 linker stubs

.v4_bx          0x0000000008005048        0x0
 .v4_bx         0x0000000008005048        0x0 linker stubs

.iplt           0x0000000008005048        0x0
 .iplt          0x0000000008005048        0x0 C:/ST/STM32CubeIDE_1.13.2/STM32CubeIDE/plugins/com.st.stm32cube.ide.mcu.externaltools.gnu-tools-for-stm32.11.3.rel1.win32_1.1.100.202309141235/tools/bin/../lib/gcc/arm-none-eabi/11.3.1/thumb/v7-m/nofp/crtbegin.o

.rodata         0x0000000008005048      0x2f0
                0x0000000008005048                . = ALIGN (0x4)
 *(.rodata)
 .rodata        0x0000000008005048        0xe ./Core/Src/main.o
 *fill*         0x0000000008005056        0x2 
 .rodata        0x0000000008005058      0x2a1 ./Core/Src/w5500/TelnetSession.o
 *fill*         0x00000000080052f9        0x3 
 .rodata        0x00000000080052fc       0x10 ./Core/Src/w5500/w5500_spi.o
 .rodata        0x000000000800530c        0x5 ./Middlewares/Third_Party/FreeRTOS/Source/tasks.o
 *(.rodata*)
 *fill*         0x0000000008005311        0x3 
 .rodata.AHBPrescTable
                0x0000000008005314       0x10 ./Core/Src/system_stm32f1xx.o
                0x0000000008005314                AHBPrescTable
 .rodata.aPLLMULFactorTable.1
                0x0000000008005324       0x10 ./Drivers/STM32F1xx_HAL_Driver/Src/stm32f1xx_hal_rcc.o
 .rodata.aPredivFactorTable.0
                0x0000000008005334        0x2 ./Drivers/STM32F1xx_HAL_Driver/Src/stm32f1xx_hal_rcc.o
                0x0000000008005338                . = ALIGN (0x4)
 *fill*         0x0000000008005336        0x2 

.rel.dyn        0x0000000008005338        0x0
 .rel.iplt      0x0000000008005338        0x0 C:/ST/STM32CubeIDE_1.13.2/STM32CubeIDE/plugins/com.st.stm32cube.ide.mcu.externaltools.gnu-tools-for-stm32.11.3.rel1.win32_1.1.100.202309141235/tools/bin/../lib/gcc/arm-none-eabi/11.3.1/thumb/v7-m/nofp/crtbegin.o

.ARM.extab      0x0000000008005338        0x0
                0x0000000008005338                . = ALIGN (0x4)
 *(.ARM.extab* .gnu.linkonce.armextab.*)
                0x0000000008005338                . = ALIGN (0x4)

.ARM            0x0000000008005338        0x0
                0x0000000008005338                . = ALIGN (0x4)
                0x0000000008005338                __exidx_start = .
 *(.ARM.exidx*)
                0x0000000008005338                __exidx_end = .
                0x0000000008005338                . = ALIGN (0x4)

.preinit_array  0x0000000008005338        0x0
                0x0000000008005338                . = ALIGN (0x4)
                0x0000000008005338                PROVIDE (__preinit_array_start = .)
 *(.preinit_array*)
                0x0000000008005338                PROVIDE (__preinit_array_end = .)
                0x0000000008005338                . = ALIGN (0x4)

.init_array     0x0000000008005338        0x4
                0x0000000008005338                . = ALIGN (0x4)
                0x0000000008005338                PROVIDE (__init_array_start = .)
 *(SORT_BY_NAME(.init_array.*))
 *(.init_array*)
 .init_array    0x0000000008005338        0x4 C:/ST/STM32CubeIDE_1.13.2/STM32CubeIDE/plugins/com.st.stm32cube.ide.mcu.externaltools.gnu-tools-for-stm32.11.3.rel1.win32_1.1.100.202309141235/tools/bin/../lib/gcc/arm-none-eabi/11.3.1/thumb/v7-m/nofp/crtbegin.o
                0x000000000800533c                PROVIDE (__init_array_end = .)
                0x000000000800533c                . = ALIGN (0x4)

.fini_array     0x000000000800533c        0x4
                0x000000000800533c                . = ALIGN (0x4)
                [!provide]                        PROVIDE (__fini_array_start = .)
 *(SORT_BY_NAME(.fini_array.*))
 *(.fini_array*)
 .fini_array    0x000000000800533c        0x4 C:/ST/STM32CubeIDE_1.13.2/STM32CubeIDE/plugins/com.st.stm32cube.ide.mcu.externaltools.gnu-tools-for-stm32.11.3.rel1.win32_1.1.100.202309141235/tools/bin/../lib/gcc/arm-none-eabi/11.3.1/thumb/v7-m/nofp/crtbegin.o
                [!provide]                        PROVIDE (__fini_array_end = .)
                0x0000000008005340                . = ALIGN (0x4)
                0x0000000008005340                _sidata = LOADADDR (.data)

.data           0x0000000020000000       0xa8 load address 0x0000000008005340
                0x0000000020000000                . = ALIGN (0x4)
                0x0000000020000000                _sdata = .
 *(.data)
 *(.data*)
 .data.gNetInfoDefault
                0x0000000020000000       0x17 ./Core/Src/main.o
                0x0000000020000000                gNetInfoDefault
 .data.gNetMode
                0x0000000020000017        0x1 ./Core/Src/main.o
                0x0000000020000017                gNetMode
 .data.SystemCoreClock
                0x0000000020000018        0x4 ./Core/Src/system_stm32f1xx.o
                0x0000000020000018                SystemCoreClock
 .data.sock_any_port
                0x000000002000001c        0x2 ./Core/Src/w5500/socket.o
 *fill*         0x000000002000001e        0x2 
 .data.WIZCHIP  0x0000000020000020       0x2c ./Core/Src/w5500/wizchip_conf.o
                0x0000000020000020                WIZCHIP
 .data.uwTickPrio
                0x000000002000004c        0x4 ./Drivers/STM32F1xx_HAL_Driver/Src/stm32f1xx_hal.o
                0x000000002000004c                uwTickPrio
 .data.uwTickFreq
                0x0000000020000050        0x1 ./Drivers/STM32F1xx_HAL_Driver/Src/stm32f1xx_hal.o
                0x0000000020000050                uwTickFreq
 *fill*         0x0000000020000051        0x3 
 .data.uxCriticalNesting
                0x0000000020000054        0x4 ./Middlewares/Third_Party/FreeRTOS/Source/portable/GCC/ARM_CM3/port.o
 .data._impure_data
                0x0000000020000058       0x4c C:/ST/STM32CubeIDE_1.13.2/STM32CubeIDE/plugins/com.st.stm32cube.ide.mcu.externaltools.gnu-tools-for-stm32.11.3.rel1.win32_1.1.100.202309141235/tools/bin/../lib/gcc/arm-none-eabi/11.3.1/../../../../arm-none-eabi/lib/thumb/v7-m/nofp\libc_nano.a(libc_a-impure.o)
                0x0000000020000058                _impure_data
 .data._impure_ptr
                0x00000000200000a4        0x4 C:/ST/STM32CubeIDE_1.13.2/STM32CubeIDE/plugins/com.st.stm32cube.ide.mcu.externaltools.gnu-tools-for-stm32.11.3.rel1.win32_1.1.100.202309141235/tools/bin/../lib/gcc/arm-none-eabi/11.3.1/../../../../arm-none-eabi/lib/thumb/v7-m/nofp\libc_nano.a(libc_a-impure.o)
                0x00000000200000a4                _impure_ptr
 *(.RamFunc)
 *(.RamFunc*)
                0x00000000200000a8                . = ALIGN (0x4)
                0x00000000200000a8                _edata = .

.igot.plt       0x00000000200000a8        0x0 load address 0x00000000080053e8
 .igot.plt      0x00000000200000a8        0x0 C:/ST/STM32CubeIDE_1.13.2/STM32CubeIDE/plugins/com.st.stm32cube.ide.mcu.externaltools.gnu-tools-for-stm32.11.3.rel1.win32_1.1.100.202309141235/tools/bin/../lib/gcc/arm-none-eabi/11.3.1/thumb/v7-m/nofp/crtbegin.o
                0x00000000200000a8                . = ALIGN (0x4)

.bss            0x00000000200000a8     0x15cc load address 0x00000000080053e8
                0x00000000200000a8                _sbss = .
                0x00000000200000a8                __bss_start__ = _sbss
 *(.bss)
 .bss           0x00000000200000a8       0x1c C:/ST/STM32CubeIDE_1.13.2/STM32CubeIDE/plugins/com.st.stm32cube.ide.mcu.externaltools.gnu-tools-for-stm32.11.3.rel1.win32_1.1.100.202309141235/tools/bin/../lib/gcc/arm-none-eabi/11.3.1/thumb/v7-m/nofp/crtbegin.o
 *(.bss*)
 .bss.xIdleTaskTCBBuffer
                0x00000000200000c4       0xa0 ./Core/Src/freertos.o
 .bss.xIdleStack
                0x0000000020000164      0x200 ./Core/Src/freertos.o
 .bss.hspi1     0x0000000020000364       0x58 ./Core/Src/main.o
                0x0000000020000364                hspi1
 .bss.buffer    0x00000000200003bc      0x400 ./Core/Src/w5500/TelnetSession.o
                0x00000000200003bc                buffer
 .bss.telnetSocket
                0x00000000200007bc        0x1 ./Core/Src/w5500/TelnetSession.o
                0x00000000200007bc                telnetSocket
 *fill*         0x00000000200007bd        0x1 
 .bss.sock_io_mode
                0x00000000200007be        0x2 ./Core/Src/w5500/socket.o
 .bss.sock_is_sending
                0x00000000200007c0        0x2 ./Core/Src/w5500/socket.o
 *fill*         0x00000000200007c2        0x2 
 .bss.sock_remained_size
                0x00000000200007c4       0x10 ./Core/Src/w5500/socket.o
 .bss.sock_pack_info
                0x00000000200007d4        0x8 ./Core/Src/w5500/socket.o
                0x00000000200007d4                sock_pack_info
 .bss._DNS_     0x00000000200007dc        0x4 ./Core/Src/w5500/wizchip_conf.o
 .bss._DHCP_    0x00000000200007e0        0x1 ./Core/Src/w5500/wizchip_conf.o
 *fill*         0x00000000200007e1        0x3 
 .bss.uwTick    0x00000000200007e4        0x4 ./Drivers/STM32F1xx_HAL_Driver/Src/stm32f1xx_hal.o
                0x00000000200007e4                uwTick
 .bss.pxCurrentTCB
                0x00000000200007e8        0x4 ./Middlewares/Third_Party/FreeRTOS/Source/tasks.o
                0x00000000200007e8                pxCurrentTCB
 .bss.pxReadyTasksLists
                0x00000000200007ec       0x8c ./Middlewares/Third_Party/FreeRTOS/Source/tasks.o
 .bss.xDelayedTaskList1
                0x0000000020000878       0x14 ./Middlewares/Third_Party/FreeRTOS/Source/tasks.o
 .bss.xDelayedTaskList2
                0x000000002000088c       0x14 ./Middlewares/Third_Party/FreeRTOS/Source/tasks.o
 .bss.pxDelayedTaskList
                0x00000000200008a0        0x4 ./Middlewares/Third_Party/FreeRTOS/Source/tasks.o
 .bss.pxOverflowDelayedTaskList
                0x00000000200008a4        0x4 ./Middlewares/Third_Party/FreeRTOS/Source/tasks.o
 .bss.xPendingReadyList
                0x00000000200008a8       0x14 ./Middlewares/Third_Party/FreeRTOS/Source/tasks.o
 .bss.xTasksWaitingTermination
                0x00000000200008bc       0x14 ./Middlewares/Third_Party/FreeRTOS/Source/tasks.o
 .bss.uxDeletedTasksWaitingCleanUp
                0x00000000200008d0        0x4 ./Middlewares/Third_Party/FreeRTOS/Source/tasks.o
 .bss.xSuspendedTaskList
                0x00000000200008d4       0x14 ./Middlewares/Third_Party/FreeRTOS/Source/tasks.o
 .bss.uxCurrentNumberOfTasks
                0x00000000200008e8        0x4 ./Middlewares/Third_Party/FreeRTOS/Source/tasks.o
 .bss.xTickCount
                0x00000000200008ec        0x4 ./Middlewares/Third_Party/FreeRTOS/Source/tasks.o
 .bss.uxTopReadyPriority
                0x00000000200008f0        0x4 ./Middlewares/Third_Party/FreeRTOS/Source/tasks.o
 .bss.xSchedulerRunning
                0x00000000200008f4        0x4 ./Middlewares/Third_Party/FreeRTOS/Source/tasks.o
 .bss.uxPendedTicks
                0x00000000200008f8        0x4 ./Middlewares/Third_Party/FreeRTOS/Source/tasks.o
 .bss.xYieldPending
                0x00000000200008fc        0x4 ./Middlewares/Third_Party/FreeRTOS/Source/tasks.o
 .bss.xNumOfOverflows
                0x0000000020000900        0x4 ./Middlewares/Third_Party/FreeRTOS/Source/tasks.o
 .bss.uxTaskNumber
                0x0000000020000904        0x4 ./Middlewares/Third_Party/FreeRTOS/Source/tasks.o
 .bss.xNextTaskUnblockTime
                0x0000000020000908        0x4 ./Middlewares/Third_Party/FreeRTOS/Source/tasks.o
 .bss.xIdleTaskHandle
                0x000000002000090c        0x4 ./Middlewares/Third_Party/FreeRTOS/Source/tasks.o
 .bss.uxSchedulerSuspended
                0x0000000020000910        0x4 ./Middlewares/Third_Party/FreeRTOS/Source/tasks.o
 .bss.ucMaxSysCallPriority
                0x0000000020000914        0x1 ./Middlewares/Third_Party/FreeRTOS/Source/portable/GCC/ARM_CM3/port.o
 *fill*         0x0000000020000915        0x3 
 .bss.ulMaxPRIGROUPValue
                0x0000000020000918        0x4 ./Middlewares/Third_Party/FreeRTOS/Source/portable/GCC/ARM_CM3/port.o
 .bss.ucHeap    0x000000002000091c      0xc00 ./Middlewares/Third_Party/FreeRTOS/Source/portable/MemMang/heap_4.o
 .bss.xStart    0x000000002000151c        0x8 ./Middlewares/Third_Party/FreeRTOS/Source/portable/MemMang/heap_4.o
 .bss.pxEnd     0x0000000020001524        0x4 ./Middlewares/Third_Party/FreeRTOS/Source/portable/MemMang/heap_4.o
 .bss.xFreeBytesRemaining
                0x0000000020001528        0x4 ./Middlewares/Third_Party/FreeRTOS/Source/portable/MemMang/heap_4.o
 .bss.xMinimumEverFreeBytesRemaining
                0x000000002000152c        0x4 ./Middlewares/Third_Party/FreeRTOS/Source/portable/MemMang/heap_4.o
 .bss.xBlockAllocatedBit
                0x0000000020001530        0x4 ./Middlewares/Third_Party/FreeRTOS/Source/portable/MemMang/heap_4.o
 .bss.__sf      0x0000000020001534      0x138 C:/ST/STM32CubeIDE_1.13.2/STM32CubeIDE/plugins/com.st.stm32cube.ide.mcu.externaltools.gnu-tools-for-stm32.11.3.rel1.win32_1.1.100.202309141235/tools/bin/../lib/gcc/arm-none-eabi/11.3.1/../../../../arm-none-eabi/lib/thumb/v7-m/nofp\libc_nano.a(libc_a-findfp.o)
                0x0000000020001534                __sf
 .bss.__lock___malloc_recursive_mutex
                0x000000002000166c        0x1 C:/ST/STM32CubeIDE_1.13.2/STM32CubeIDE/plugins/com.st.stm32cube.ide.mcu.externaltools.gnu-tools-for-stm32.11.3.rel1.win32_1.1.100.202309141235/tools/bin/../lib/gcc/arm-none-eabi/11.3.1/../../../../arm-none-eabi/lib/thumb/v7-m/nofp\libc_nano.a(libc_a-lock.o)
                0x000000002000166c                __lock___malloc_recursive_mutex
 *fill*         0x000000002000166d        0x3 
 .bss.__malloc_free_list
                0x0000000020001670        0x4 C:/ST/STM32CubeIDE_1.13.2/STM32CubeIDE/plugins/com.st.stm32cube.ide.mcu.externaltools.gnu-tools-for-stm32.11.3.rel1.win32_1.1.100.202309141235/tools/bin/../lib/gcc/arm-none-eabi/11.3.1/../../../../arm-none-eabi/lib/thumb/v7-m/nofp\libc_nano.a(libc_a-mallocr.o)
                0x0000000020001670                __malloc_free_list
 *(COMMON)
                0x0000000020001674                . = ALIGN (0x4)
                0x0000000020001674                _ebss = .
                0x0000000020001674                __bss_end__ = _ebss

._user_heap_stack
                0x0000000020001674      0x604 load address 0x00000000080053e8
                0x0000000020001678                . = ALIGN (0x8)
 *fill*         0x0000000020001674        0x4 
                [!provide]                        PROVIDE (end = .)
                0x0000000020001678                PROVIDE (_end = .)
                0x0000000020001878                . = (. + _Min_Heap_Size)
 *fill*         0x0000000020001678      0x200 
                0x0000000020001c78                . = (. + _Min_Stack_Size)
 *fill*         0x0000000020001878      0x400 
                0x0000000020001c78                . = ALIGN (0x8)

/DISCARD/
 libc.a(*)
 libm.a(*)
 libgcc.a(*)

.ARM.attributes
                0x0000000000000000       0x29
 *(.ARM.attributes)
 .ARM.attributes
                0x0000000000000000       0x1d C:/ST/STM32CubeIDE_1.13.2/STM32CubeIDE/plugins/com.st.stm32cube.ide.mcu.externaltools.gnu-tools-for-stm32.11.3.rel1.win32_1.1.100.202309141235/tools/bin/../lib/gcc/arm-none-eabi/11.3.1/thumb/v7-m/nofp/crti.o
 .ARM.attributes
                0x000000000000001d       0x2d C:/ST/STM32CubeIDE_1.13.2/STM32CubeIDE/plugins/com.st.stm32cube.ide.mcu.externaltools.gnu-tools-for-stm32.11.3.rel1.win32_1.1.100.202309141235/tools/bin/../lib/gcc/arm-none-eabi/11.3.1/thumb/v7-m/nofp/crtbegin.o
 .ARM.attributes
                0x000000000000004a       0x2d ./Core/Src/freertos.o
 .ARM.attributes
                0x0000000000000077       0x2d ./Core/Src/main.o
 .ARM.attributes
                0x00000000000000a4       0x2d ./Core/Src/stm32f1xx_hal_msp.o
 .ARM.attributes
                0x00000000000000d1       0x2d ./Core/Src/stm32f1xx_it.o
 .ARM.attributes
                0x00000000000000fe       0x2d ./Core/Src/system_stm32f1xx.o
 .ARM.attributes
                0x000000000000012b       0x2d ./Core/Src/w5500/TelnetSession.o
 .ARM.attributes
                0x0000000000000158       0x2d ./Core/Src/w5500/socket.o
 .ARM.attributes
                0x0000000000000185       0x2d ./Core/Src/w5500/w5500_spi.o
 .ARM.attributes
                0x00000000000001b2       0x2d ./Core/Src/w5500/wizchip_conf.o
 .ARM.attributes
                0x00000000000001df       0x2d ./Core/Src/w5500/W5500/w5500.o
 .ARM.attributes
                0x000000000000020c       0x21 ./Core/Startup/startup_stm32f103c8tx.o
 .ARM.attributes
                0x000000000000022d       0x2d ./Drivers/STM32F1xx_HAL_Driver/Src/stm32f1xx_hal.o
 .ARM.attributes
                0x000000000000025a       0x2d ./Drivers/STM32F1xx_HAL_Driver/Src/stm32f1xx_hal_cortex.o
 .ARM.attributes
                0x0000000000000287       0x2d ./Drivers/STM32F1xx_HAL_Driver/Src/stm32f1xx_hal_gpio.o
 .ARM.attributes
                0x00000000000002b4       0x2d ./Drivers/STM32F1xx_HAL_Driver/Src/stm32f1xx_hal_rcc.o
 .ARM.attributes
                0x00000000000002e1       0x2d ./Drivers/STM32F1xx_HAL_Driver/Src/stm32f1xx_hal_spi.o
 .ARM.attributes
                0x000000000000030e       0x2d ./Middlewares/Third_Party/FreeRTOS/Source/list.o
 .ARM.attributes
                0x000000000000033b       0x2d ./Middlewares/Third_Party/FreeRTOS/Source/tasks.o
 .ARM.attributes
                0x0000000000000368       0x2d ./Middlewares/Third_Party/FreeRTOS/Source/portable/GCC/ARM_CM3/port.o
 .ARM.attributes
                0x0000000000000395       0x2d ./Middlewares/Third_Party/FreeRTOS/Source/portable/MemMang/heap_4.o
 .ARM.attributes
                0x00000000000003c2       0x2d C:/ST/STM32CubeIDE_1.13.2/STM32CubeIDE/plugins/com.st.stm32cube.ide.mcu.externaltools.gnu-tools-for-stm32.11.3.rel1.win32_1.1.100.202309141235/tools/bin/../lib/gcc/arm-none-eabi/11.3.1/../../../../arm-none-eabi/lib/thumb/v7-m/nofp\libc_nano.a(libc_a-findfp.o)
 .ARM.attributes
                0x00000000000003ef       0x2d C:/ST/STM32CubeIDE_1.13.2/STM32CubeIDE/plugins/com.st.stm32cube.ide.mcu.externaltools.gnu-tools-for-stm32.11.3.rel1.win32_1.1.100.202309141235/tools/bin/../lib/gcc/arm-none-eabi/11.3.1/../../../../arm-none-eabi/lib/thumb/v7-m/nofp\libc_nano.a(libc_a-memset.o)
 .ARM.attributes
                0x000000000000041c       0x2d C:/ST/STM32CubeIDE_1.13.2/STM32CubeIDE/plugins/com.st.stm32cube.ide.mcu.externaltools.gnu-tools-for-stm32.11.3.rel1.win32_1.1.100.202309141235/tools/bin/../lib/gcc/arm-none-eabi/11.3.1/../../../../arm-none-eabi/lib/thumb/v7-m/nofp\libc_nano.a(libc_a-reent.o)
 .ARM.attributes
                0x0000000000000449       0x2d C:/ST/STM32CubeIDE_1.13.2/STM32CubeIDE/plugins/com.st.stm32cube.ide.mcu.externaltools.gnu-tools-for-stm32.11.3.rel1.win32_1.1.100.202309141235/tools/bin/../lib/gcc/arm-none-eabi/11.3.1/../../../../arm-none-eabi/lib/thumb/v7-m/nofp\libc_nano.a(libc_a-impure.o)
 .ARM.attributes
                0x0000000000000476       0x2d C:/ST/STM32CubeIDE_1.13.2/STM32CubeIDE/plugins/com.st.stm32cube.ide.mcu.externaltools.gnu-tools-for-stm32.11.3.rel1.win32_1.1.100.202309141235/tools/bin/../lib/gcc/arm-none-eabi/11.3.1/../../../../arm-none-eabi/lib/thumb/v7-m/nofp\libc_nano.a(libc_a-init.o)
 .ARM.attributes
                0x00000000000004a3       0x2d C:/ST/STM32CubeIDE_1.13.2/STM32CubeIDE/plugins/com.st.stm32cube.ide.mcu.externaltools.gnu-tools-for-stm32.11.3.rel1.win32_1.1.100.202309141235/tools/bin/../lib/gcc/arm-none-eabi/11.3.1/../../../../arm-none-eabi/lib/thumb/v7-m/nofp\libc_nano.a(libc_a-lock.o)
 .ARM.attributes
                0x00000000000004d0       0x17 C:/ST/STM32CubeIDE_1.13.2/STM32CubeIDE/plugins/com.st.stm32cube.ide.mcu.externaltools.gnu-tools-for-stm32.11.3.rel1.win32_1.1.100.202309141235/tools/bin/../lib/gcc/arm-none-eabi/11.3.1/../../../../arm-none-eabi/lib/thumb/v7-m/nofp\libc_nano.a(libc_a-strlen.o)
 .ARM.attributes
                0x00000000000004e7       0x2d C:/ST/STM32CubeIDE_1.13.2/STM32CubeIDE/plugins/com.st.stm32cube.ide.mcu.externaltools.gnu-tools-for-stm32.11.3.rel1.win32_1.1.100.202309141235/tools/bin/../lib/gcc/arm-none-eabi/11.3.1/../../../../arm-none-eabi/lib/thumb/v7-m/nofp\libc_nano.a(libc_a-freer.o)
 .ARM.attributes
                0x0000000000000514       0x2d C:/ST/STM32CubeIDE_1.13.2/STM32CubeIDE/plugins/com.st.stm32cube.ide.mcu.externaltools.gnu-tools-for-stm32.11.3.rel1.win32_1.1.100.202309141235/tools/bin/../lib/gcc/arm-none-eabi/11.3.1/../../../../arm-none-eabi/lib/thumb/v7-m/nofp\libc_nano.a(libc_a-mallocr.o)
 .ARM.attributes
                0x0000000000000541       0x2d C:/ST/STM32CubeIDE_1.13.2/STM32CubeIDE/plugins/com.st.stm32cube.ide.mcu.externaltools.gnu-tools-for-stm32.11.3.rel1.win32_1.1.100.202309141235/tools/bin/../lib/gcc/arm-none-eabi/11.3.1/../../../../arm-none-eabi/lib/thumb/v7-m/nofp\libc_nano.a(libc_a-mlock.o)
 .ARM.attributes
                0x000000000000056e       0x1d C:/ST/STM32CubeIDE_1.13.2/STM32CubeIDE/plugins/com.st.stm32cube.ide.mcu.externaltools.gnu-tools-for-stm32.11.3.rel1.win32_1.1.100.202309141235/tools/bin/../lib/gcc/arm-none-eabi/11.3.1/thumb/v7-m/nofp/crtn.o
OUTPUT(ModbusTelnet.elf elf32-littlearm)
LOAD linker stubs
LOAD C:/ST/STM32CubeIDE_1.13.2/STM32CubeIDE/plugins/com.st.stm32cube.ide.mcu.externaltools.gnu-tools-for-stm32.11.3.rel1.win32_1.1.100.202309141235/tools/bin/../lib/gcc/arm-none-eabi/11.3.1/../../../../arm-none-eabi/lib/thumb/v7-m/nofp\libc.a
LOAD C:/ST/STM32CubeIDE_1.13.2/STM32CubeIDE/plugins/com.st.stm32cube.ide.mcu.externaltools.gnu-tools-for-stm32.11.3.rel1.win32_1.1.100.202309141235/tools/bin/../lib/gcc/arm-none-eabi/11.3.1/../../../../arm-none-eabi/lib/thumb/v7-m/nofp\libm.a
LOAD C:/ST/STM32CubeIDE_1.13.2/STM32CubeIDE/plugins/com.st.stm32cube.ide.mcu.externaltools.gnu-tools-for-stm32.11.3.rel1.win32_1.1.100.202309141235/tools/bin/../lib/gcc/arm-none-eabi/11.3.1/thumb/v7-m/nofp\libgcc.a

.comment        0x0000000000000000       0x43
 .comment       0x0000000000000000       0x43 C:/ST/STM32CubeIDE_1.13.2/STM32CubeIDE/plugins/com.st.stm32cube.ide.mcu.externaltools.gnu-tools-for-stm32.11.3.rel1.win32_1.1.100.202309141235/tools/bin/../lib/gcc/arm-none-eabi/11.3.1/thumb/v7-m/nofp/crtbegin.o
                                         0x44 (size before relaxing)
 .comment       0x0000000000000043       0x44 ./Core/Src/freertos.o
 .comment       0x0000000000000043       0x44 ./Core/Src/main.o
 .comment       0x0000000000000043       0x44 ./Core/Src/stm32f1xx_hal_msp.o
 .comment       0x0000000000000043       0x44 ./Core/Src/stm32f1xx_it.o
 .comment       0x0000000000000043       0x44 ./Core/Src/system_stm32f1xx.o
 .comment       0x0000000000000043       0x44 ./Core/Src/w5500/TelnetSession.o
 .comment       0x0000000000000043       0x44 ./Core/Src/w5500/socket.o
 .comment       0x0000000000000043       0x44 ./Core/Src/w5500/w5500_spi.o
 .comment       0x0000000000000043       0x44 ./Core/Src/w5500/wizchip_conf.o
 .comment       0x0000000000000043       0x44 ./Core/Src/w5500/W5500/w5500.o
 .comment       0x0000000000000043       0x44 ./Drivers/STM32F1xx_HAL_Driver/Src/stm32f1xx_hal.o
 .comment       0x0000000000000043       0x44 ./Drivers/STM32F1xx_HAL_Driver/Src/stm32f1xx_hal_cortex.o
 .comment       0x0000000000000043       0x44 ./Drivers/STM32F1xx_HAL_Driver/Src/stm32f1xx_hal_gpio.o
 .comment       0x0000000000000043       0x44 ./Drivers/STM32F1xx_HAL_Driver/Src/stm32f1xx_hal_rcc.o
 .comment       0x0000000000000043       0x44 ./Drivers/STM32F1xx_HAL_Driver/Src/stm32f1xx_hal_spi.o
 .comment       0x0000000000000043       0x44 ./Middlewares/Third_Party/FreeRTOS/Source/list.o
 .comment       0x0000000000000043       0x44 ./Middlewares/Third_Party/FreeRTOS/Source/tasks.o
 .comment       0x0000000000000043       0x44 ./Middlewares/Third_Party/FreeRTOS/Source/portable/GCC/ARM_CM3/port.o
 .comment       0x0000000000000043       0x44 ./Middlewares/Third_Party/FreeRTOS/Source/portable/MemMang/heap_4.o

.debug_info     0x0000000000000000     0xaa1b
 .debug_info    0x0000000000000000      0x918 ./Core/Src/freertos.o
 .debug_info    0x0000000000000918      0xd03 ./Core/Src/main.o
 .debug_info    0x000000000000161b      0x986 ./Core/Src/stm32f1xx_hal_msp.o
 .debug_info    0x0000000000001fa1      0x122 ./Core/Src/stm32f1xx_it.o
 .debug_info    0x00000000000020c3      0x222 ./Core/Src/system_stm32f1xx.o
 .debug_info    0x00000000000022e5      0x37b ./Core/Src/w5500/TelnetSession.o
 .debug_info    0x0000000000002660      0x727 ./Core/Src/w5500/socket.o
 .debug_info    0x0000000000002d87      0x901 ./Core/Src/w5500/w5500_spi.o
 .debug_info    0x0000000000003688      0xc76 ./Core/Src/w5500/wizchip_conf.o
 .debug_info    0x00000000000042fe      0x539 ./Core/Src/w5500/W5500/w5500.o
 .debug_info    0x0000000000004837       0x23 ./Core/Startup/startup_stm32f103c8tx.o
 .debug_info    0x000000000000485a      0x704 ./Drivers/STM32F1xx_HAL_Driver/Src/stm32f1xx_hal.o
 .debug_info    0x0000000000004f5e      0xa87 ./Drivers/STM32F1xx_HAL_Driver/Src/stm32f1xx_hal_cortex.o
 .debug_info    0x00000000000059e5      0x5ab ./Drivers/STM32F1xx_HAL_Driver/Src/stm32f1xx_hal_gpio.o
 .debug_info    0x0000000000005f90      0x7d5 ./Drivers/STM32F1xx_HAL_Driver/Src/stm32f1xx_hal_rcc.o
 .debug_info    0x0000000000006765     0x1503 ./Drivers/STM32F1xx_HAL_Driver/Src/stm32f1xx_hal_spi.o
 .debug_info    0x0000000000007c68      0x2aa ./Middlewares/Third_Party/FreeRTOS/Source/list.o
 .debug_info    0x0000000000007f12     0x22b2 ./Middlewares/Third_Party/FreeRTOS/Source/tasks.o
 .debug_info    0x000000000000a1c4      0x494 ./Middlewares/Third_Party/FreeRTOS/Source/portable/GCC/ARM_CM3/port.o
 .debug_info    0x000000000000a658      0x3c3 ./Middlewares/Third_Party/FreeRTOS/Source/portable/MemMang/heap_4.o

.debug_abbrev   0x0000000000000000     0x2821
 .debug_abbrev  0x0000000000000000      0x16f ./Core/Src/freertos.o
 .debug_abbrev  0x000000000000016f      0x2d5 ./Core/Src/main.o
 .debug_abbrev  0x0000000000000444      0x1c2 ./Core/Src/stm32f1xx_hal_msp.o
 .debug_abbrev  0x0000000000000606       0xac ./Core/Src/stm32f1xx_it.o
 .debug_abbrev  0x00000000000006b2      0x13f ./Core/Src/system_stm32f1xx.o
 .debug_abbrev  0x00000000000007f1      0x1a9 ./Core/Src/w5500/TelnetSession.o
 .debug_abbrev  0x000000000000099a      0x1c1 ./Core/Src/w5500/socket.o
 .debug_abbrev  0x0000000000000b5b      0x258 ./Core/Src/w5500/w5500_spi.o
 .debug_abbrev  0x0000000000000db3      0x321 ./Core/Src/w5500/wizchip_conf.o
 .debug_abbrev  0x00000000000010d4      0x21f ./Core/Src/w5500/W5500/w5500.o
 .debug_abbrev  0x00000000000012f3       0x12 ./Core/Startup/startup_stm32f103c8tx.o
 .debug_abbrev  0x0000000000001305      0x201 ./Drivers/STM32F1xx_HAL_Driver/Src/stm32f1xx_hal.o
 .debug_abbrev  0x0000000000001506      0x2f8 ./Drivers/STM32F1xx_HAL_Driver/Src/stm32f1xx_hal_cortex.o
 .debug_abbrev  0x00000000000017fe      0x1ca ./Drivers/STM32F1xx_HAL_Driver/Src/stm32f1xx_hal_gpio.o
 .debug_abbrev  0x00000000000019c8      0x2b3 ./Drivers/STM32F1xx_HAL_Driver/Src/stm32f1xx_hal_rcc.o
 .debug_abbrev  0x0000000000001c7b      0x284 ./Drivers/STM32F1xx_HAL_Driver/Src/stm32f1xx_hal_spi.o
 .debug_abbrev  0x0000000000001eff       0xf5 ./Middlewares/Third_Party/FreeRTOS/Source/list.o
 .debug_abbrev  0x0000000000001ff4      0x3d0 ./Middlewares/Third_Party/FreeRTOS/Source/tasks.o
 .debug_abbrev  0x00000000000023c4      0x258 ./Middlewares/Third_Party/FreeRTOS/Source/portable/GCC/ARM_CM3/port.o
 .debug_abbrev  0x000000000000261c      0x205 ./Middlewares/Third_Party/FreeRTOS/Source/portable/MemMang/heap_4.o

.debug_aranges  0x0000000000000000      0xb40
 .debug_aranges
                0x0000000000000000       0x20 ./Core/Src/freertos.o
 .debug_aranges
                0x0000000000000020       0x50 ./Core/Src/main.o
 .debug_aranges
                0x0000000000000070       0x30 ./Core/Src/stm32f1xx_hal_msp.o
 .debug_aranges
                0x00000000000000a0       0x50 ./Core/Src/stm32f1xx_it.o
 .debug_aranges
                0x00000000000000f0       0x28 ./Core/Src/system_stm32f1xx.o
 .debug_aranges
                0x0000000000000118       0x50 ./Core/Src/w5500/TelnetSession.o
 .debug_aranges
                0x0000000000000168       0x78 ./Core/Src/w5500/socket.o
 .debug_aranges
                0x00000000000001e0       0x58 ./Core/Src/w5500/w5500_spi.o
 .debug_aranges
                0x0000000000000238      0x138 ./Core/Src/w5500/wizchip_conf.o
 .debug_aranges
                0x0000000000000370       0x60 ./Core/Src/w5500/W5500/w5500.o
 .debug_aranges
                0x00000000000003d0       0x28 ./Core/Startup/startup_stm32f103c8tx.o
 .debug_aranges
                0x00000000000003f8       0xe0 ./Drivers/STM32F1xx_HAL_Driver/Src/stm32f1xx_hal.o
 .debug_aranges
                0x00000000000004d8      0x100 ./Drivers/STM32F1xx_HAL_Driver/Src/stm32f1xx_hal_cortex.o
 .debug_aranges
                0x00000000000005d8       0x58 ./Drivers/STM32F1xx_HAL_Driver/Src/stm32f1xx_hal_gpio.o
 .debug_aranges
                0x0000000000000630       0x90 ./Drivers/STM32F1xx_HAL_Driver/Src/stm32f1xx_hal_rcc.o
 .debug_aranges
                0x00000000000006c0      0x1d0 ./Drivers/STM32F1xx_HAL_Driver/Src/stm32f1xx_hal_spi.o
 .debug_aranges
                0x0000000000000890       0x40 ./Middlewares/Third_Party/FreeRTOS/Source/list.o
 .debug_aranges
                0x00000000000008d0      0x1a8 ./Middlewares/Third_Party/FreeRTOS/Source/tasks.o
 .debug_aranges
                0x0000000000000a78       0x78 ./Middlewares/Third_Party/FreeRTOS/Source/portable/GCC/ARM_CM3/port.o
 .debug_aranges
                0x0000000000000af0       0x50 ./Middlewares/Third_Party/FreeRTOS/Source/portable/MemMang/heap_4.o

.debug_rnglists
                0x0000000000000000      0x878
 .debug_rnglists
                0x0000000000000000       0x13 ./Core/Src/freertos.o
 .debug_rnglists
                0x0000000000000013       0x39 ./Core/Src/main.o
 .debug_rnglists
                0x000000000000004c       0x20 ./Core/Src/stm32f1xx_hal_msp.o
 .debug_rnglists
                0x000000000000006c       0x37 ./Core/Src/stm32f1xx_it.o
 .debug_rnglists
                0x00000000000000a3       0x1a ./Core/Src/system_stm32f1xx.o
 .debug_rnglists
                0x00000000000000bd       0x39 ./Core/Src/w5500/TelnetSession.o
 .debug_rnglists
                0x00000000000000f6       0x6d ./Core/Src/w5500/socket.o
 .debug_rnglists
                0x0000000000000163       0x3d ./Core/Src/w5500/w5500_spi.o
 .debug_rnglists
                0x00000000000001a0       0xed ./Core/Src/w5500/wizchip_conf.o
 .debug_rnglists
                0x000000000000028d       0x4c ./Core/Src/w5500/W5500/w5500.o
 .debug_rnglists
                0x00000000000002d9       0x19 ./Core/Startup/startup_stm32f103c8tx.o
 .debug_rnglists
                0x00000000000002f2       0xa3 ./Drivers/STM32F1xx_HAL_Driver/Src/stm32f1xx_hal.o
 .debug_rnglists
                0x0000000000000395       0xbb ./Drivers/STM32F1xx_HAL_Driver/Src/stm32f1xx_hal_cortex.o
 .debug_rnglists
                0x0000000000000450       0x3f ./Drivers/STM32F1xx_HAL_Driver/Src/stm32f1xx_hal_gpio.o
 .debug_rnglists
                0x000000000000048f       0x6c ./Drivers/STM32F1xx_HAL_Driver/Src/stm32f1xx_hal_rcc.o
 .debug_rnglists
                0x00000000000004fb      0x16e ./Drivers/STM32F1xx_HAL_Driver/Src/stm32f1xx_hal_spi.o
 .debug_rnglists
                0x0000000000000669       0x2b ./Middlewares/Third_Party/FreeRTOS/Source/list.o
 .debug_rnglists
                0x0000000000000694      0x153 ./Middlewares/Third_Party/FreeRTOS/Source/tasks.o
 .debug_rnglists
                0x00000000000007e7       0x56 ./Middlewares/Third_Party/FreeRTOS/Source/portable/GCC/ARM_CM3/port.o
 .debug_rnglists
                0x000000000000083d       0x3b ./Middlewares/Third_Party/FreeRTOS/Source/portable/MemMang/heap_4.o

.debug_macro    0x0000000000000000    0x18b86
 .debug_macro   0x0000000000000000      0x29d ./Core/Src/freertos.o
 .debug_macro   0x000000000000029d      0xa9c ./Core/Src/freertos.o
 .debug_macro   0x0000000000000d39      0x174 ./Core/Src/freertos.o
 .debug_macro   0x0000000000000ead       0x22 ./Core/Src/freertos.o
 .debug_macro   0x0000000000000ecf       0x8e ./Core/Src/freertos.o
 .debug_macro   0x0000000000000f5d       0x51 ./Core/Src/freertos.o
 .debug_macro   0x0000000000000fae      0x103 ./Core/Src/freertos.o
 .debug_macro   0x00000000000010b1       0x6a ./Core/Src/freertos.o
 .debug_macro   0x000000000000111b      0x1df ./Core/Src/freertos.o
 .debug_macro   0x00000000000012fa       0xd6 ./Core/Src/freertos.o
 .debug_macro   0x00000000000013d0      0x15a ./Core/Src/freertos.o
 .debug_macro   0x000000000000152a       0xd7 ./Core/Src/freertos.o
 .debug_macro   0x0000000000001601       0x10 ./Core/Src/freertos.o
 .debug_macro   0x0000000000001611       0x1f ./Core/Src/freertos.o
 .debug_macro   0x0000000000001630       0x61 ./Core/Src/freertos.o
 .debug_macro   0x0000000000001691       0x24 ./Core/Src/freertos.o
 .debug_macro   0x00000000000016b5       0x43 ./Core/Src/freertos.o
 .debug_macro   0x00000000000016f8       0x34 ./Core/Src/freertos.o
 .debug_macro   0x000000000000172c       0x16 ./Core/Src/freertos.o
 .debug_macro   0x0000000000001742       0x43 ./Core/Src/freertos.o
 .debug_macro   0x0000000000001785       0x34 ./Core/Src/freertos.o
 .debug_macro   0x00000000000017b9       0x10 ./Core/Src/freertos.o
 .debug_macro   0x00000000000017c9       0x58 ./Core/Src/freertos.o
 .debug_macro   0x0000000000001821       0x8e ./Core/Src/freertos.o
 .debug_macro   0x00000000000018af       0x1c ./Core/Src/freertos.o
 .debug_macro   0x00000000000018cb      0x177 ./Core/Src/freertos.o
 .debug_macro   0x0000000000001a42       0x10 ./Core/Src/freertos.o
 .debug_macro   0x0000000000001a52       0x35 ./Core/Src/freertos.o
 .debug_macro   0x0000000000001a87      0x4b1 ./Core/Src/freertos.o
 .debug_macro   0x0000000000001f38       0xb5 ./Core/Src/freertos.o
 .debug_macro   0x0000000000001fed       0x8c ./Core/Src/freertos.o
 .debug_macro   0x0000000000002079      0x215 ./Core/Src/freertos.o
 .debug_macro   0x000000000000228e       0x2e ./Core/Src/freertos.o
 .debug_macro   0x00000000000022bc       0x22 ./Core/Src/freertos.o
 .debug_macro   0x00000000000022de       0x1c ./Core/Src/freertos.o
 .debug_macro   0x00000000000022fa       0x22 ./Core/Src/freertos.o
 .debug_macro   0x000000000000231c       0xbd ./Core/Src/freertos.o
 .debug_macro   0x00000000000023d9      0xd23 ./Core/Src/freertos.o
 .debug_macro   0x00000000000030fc     0xe09e ./Core/Src/freertos.o
 .debug_macro   0x000000000001119a       0x6d ./Core/Src/freertos.o
 .debug_macro   0x0000000000011207     0x348d ./Core/Src/freertos.o
 .debug_macro   0x0000000000014694       0x5c ./Core/Src/freertos.o
 .debug_macro   0x00000000000146f0      0x5bc ./Core/Src/freertos.o
 .debug_macro   0x0000000000014cac      0x289 ./Core/Src/freertos.o
 .debug_macro   0x0000000000014f35      0x1cb ./Core/Src/freertos.o
 .debug_macro   0x0000000000015100      0x114 ./Core/Src/freertos.o
 .debug_macro   0x0000000000015214      0x1b2 ./Core/Src/freertos.o
 .debug_macro   0x00000000000153c6       0x27 ./Core/Src/freertos.o
 .debug_macro   0x00000000000153ed      0x136 ./Core/Src/freertos.o
 .debug_macro   0x0000000000015523      0x1bc ./Core/Src/freertos.o
 .debug_macro   0x00000000000156df       0x34 ./Core/Src/freertos.o
 .debug_macro   0x0000000000015713       0x3c ./Core/Src/freertos.o
 .debug_macro   0x000000000001574f       0x57 ./Core/Src/freertos.o
 .debug_macro   0x00000000000157a6       0x87 ./Core/Src/freertos.o
 .debug_macro   0x000000000001582d      0x240 ./Core/Src/freertos.o
 .debug_macro   0x0000000000015a6d      0x140 ./Core/Src/freertos.o
 .debug_macro   0x0000000000015bad      0x217 ./Core/Src/freertos.o
 .debug_macro   0x0000000000015dc4       0x83 ./Core/Src/freertos.o
 .debug_macro   0x0000000000015e47      0x329 ./Core/Src/main.o
 .debug_macro   0x0000000000016170       0x6c ./Core/Src/main.o
 .debug_macro   0x00000000000161dc      0x5e7 ./Core/Src/main.o
 .debug_macro   0x00000000000167c3       0x66 ./Core/Src/main.o
 .debug_macro   0x0000000000016829       0xd8 ./Core/Src/main.o
 .debug_macro   0x0000000000016901      0x369 ./Core/Src/main.o
 .debug_macro   0x0000000000016c6a       0x10 ./Core/Src/main.o
 .debug_macro   0x0000000000016c7a       0x20 ./Core/Src/main.o
 .debug_macro   0x0000000000016c9a       0xd6 ./Core/Src/main.o
 .debug_macro   0x0000000000016d70       0x16 ./Core/Src/main.o
 .debug_macro   0x0000000000016d86      0x198 ./Core/Src/stm32f1xx_hal_msp.o
 .debug_macro   0x0000000000016f1e      0x2a7 ./Core/Src/stm32f1xx_it.o
 .debug_macro   0x00000000000171c5      0x18e ./Core/Src/system_stm32f1xx.o
 .debug_macro   0x0000000000017353      0x2b7 ./Core/Src/w5500/TelnetSession.o
 .debug_macro   0x000000000001760a       0x66 ./Core/Src/w5500/TelnetSession.o
 .debug_macro   0x0000000000017670       0xb8 ./Core/Src/w5500/socket.o
 .debug_macro   0x0000000000017728      0x288 ./Core/Src/w5500/w5500_spi.o
 .debug_macro   0x00000000000179b0       0x16 ./Core/Src/w5500/w5500_spi.o
 .debug_macro   0x00000000000179c6       0x16 ./Core/Src/w5500/w5500_spi.o
 .debug_macro   0x00000000000179dc       0x94 ./Core/Src/w5500/wizchip_conf.o
 .debug_macro   0x0000000000017a70       0x9d ./Core/Src/w5500/W5500/w5500.o
 .debug_macro   0x0000000000017b0d      0x1b2 ./Drivers/STM32F1xx_HAL_Driver/Src/stm32f1xx_hal.o
 .debug_macro   0x0000000000017cbf      0x18e ./Drivers/STM32F1xx_HAL_Driver/Src/stm32f1xx_hal_cortex.o
 .debug_macro   0x0000000000017e4d      0x1f9 ./Drivers/STM32F1xx_HAL_Driver/Src/stm32f1xx_hal_gpio.o
 .debug_macro   0x0000000000018046      0x1a0 ./Drivers/STM32F1xx_HAL_Driver/Src/stm32f1xx_hal_rcc.o
 .debug_macro   0x00000000000181e6      0x196 ./Drivers/STM32F1xx_HAL_Driver/Src/stm32f1xx_hal_spi.o
 .debug_macro   0x000000000001837c      0x199 ./Middlewares/Third_Party/FreeRTOS/Source/list.o
 .debug_macro   0x0000000000018515      0x292 ./Middlewares/Third_Party/FreeRTOS/Source/tasks.o
 .debug_macro   0x00000000000187a7       0x10 ./Middlewares/Third_Party/FreeRTOS/Source/tasks.o
 .debug_macro   0x00000000000187b7      0x20f ./Middlewares/Third_Party/FreeRTOS/Source/portable/GCC/ARM_CM3/port.o
 .debug_macro   0x00000000000189c6      0x1c0 ./Middlewares/Third_Party/FreeRTOS/Source/portable/MemMang/heap_4.o

.debug_line     0x0000000000000000     0xdc31
 .debug_line    0x0000000000000000      0x8f7 ./Core/Src/freertos.o
 .debug_line    0x00000000000008f7      0xb23 ./Core/Src/main.o
 .debug_line    0x000000000000141a      0x720 ./Core/Src/stm32f1xx_hal_msp.o
 .debug_line    0x0000000000001b3a      0x9a4 ./Core/Src/stm32f1xx_it.o
 .debug_line    0x00000000000024de      0x749 ./Core/Src/system_stm32f1xx.o
 .debug_line    0x0000000000002c27      0x9f3 ./Core/Src/w5500/TelnetSession.o
 .debug_line    0x000000000000361a      0xd85 ./Core/Src/w5500/socket.o
 .debug_line    0x000000000000439f      0x954 ./Core/Src/w5500/w5500_spi.o
 .debug_line    0x0000000000004cf3      0xb6f ./Core/Src/w5500/wizchip_conf.o
 .debug_line    0x0000000000005862      0x768 ./Core/Src/w5500/W5500/w5500.o
 .debug_line    0x0000000000005fca       0x78 ./Core/Startup/startup_stm32f103c8tx.o
 .debug_line    0x0000000000006042      0x976 ./Drivers/STM32F1xx_HAL_Driver/Src/stm32f1xx_hal.o
 .debug_line    0x00000000000069b8      0xb5e ./Drivers/STM32F1xx_HAL_Driver/Src/stm32f1xx_hal_cortex.o
 .debug_line    0x0000000000007516      0xa0f ./Drivers/STM32F1xx_HAL_Driver/Src/stm32f1xx_hal_gpio.o
 .debug_line    0x0000000000007f25      0xd7f ./Drivers/STM32F1xx_HAL_Driver/Src/stm32f1xx_hal_rcc.o
 .debug_line    0x0000000000008ca4     0x1bfe ./Drivers/STM32F1xx_HAL_Driver/Src/stm32f1xx_hal_spi.o
 .debug_line    0x000000000000a8a2      0x7a0 ./Middlewares/Third_Party/FreeRTOS/Source/list.o
 .debug_line    0x000000000000b042     0x1986 ./Middlewares/Third_Party/FreeRTOS/Source/tasks.o
 .debug_line    0x000000000000c9c8      0x907 ./Middlewares/Third_Party/FreeRTOS/Source/portable/GCC/ARM_CM3/port.o
 .debug_line    0x000000000000d2cf      0x962 ./Middlewares/Third_Party/FreeRTOS/Source/portable/MemMang/heap_4.o

.debug_str      0x0000000000000000    0x8b143
 .debug_str     0x0000000000000000    0x815ff ./Core/Src/freertos.o
                                      0x819c3 (size before relaxing)
 .debug_str     0x00000000000815ff     0x4d48 ./Core/Src/main.o
                                      0x862da (size before relaxing)
 .debug_str     0x0000000000086347      0x314 ./Core/Src/stm32f1xx_hal_msp.o
                                      0x7c7e2 (size before relaxing)
 .debug_str     0x000000000008665b       0xf0 ./Core/Src/stm32f1xx_it.o
                                      0x8161c (size before relaxing)
 .debug_str     0x000000000008674b       0x7e ./Core/Src/system_stm32f1xx.o
                                      0x7c0be (size before relaxing)
 .debug_str     0x00000000000867c9      0x122 ./Core/Src/w5500/TelnetSession.o
                                      0x821d8 (size before relaxing)
 .debug_str     0x00000000000868eb      0x42e ./Core/Src/w5500/socket.o
                                       0x7030 (size before relaxing)
 .debug_str     0x0000000000086d19      0x868 ./Core/Src/w5500/w5500_spi.o
                                      0x828f9 (size before relaxing)
 .debug_str     0x0000000000087581      0x45d ./Core/Src/w5500/wizchip_conf.o
                                       0x72a7 (size before relaxing)
 .debug_str     0x00000000000879de       0xad ./Core/Src/w5500/W5500/w5500.o
                                       0x69f1 (size before relaxing)
 .debug_str     0x0000000000087a8b       0x34 ./Core/Startup/startup_stm32f103c8tx.o
                                         0x74 (size before relaxing)
 .debug_str     0x0000000000087abf      0x37a ./Drivers/STM32F1xx_HAL_Driver/Src/stm32f1xx_hal.o
                                      0x7c7f1 (size before relaxing)
 .debug_str     0x0000000000087e39      0x2b1 ./Drivers/STM32F1xx_HAL_Driver/Src/stm32f1xx_hal_cortex.o
                                      0x7c73d (size before relaxing)
 .debug_str     0x00000000000880ea      0x2c2 ./Drivers/STM32F1xx_HAL_Driver/Src/stm32f1xx_hal_gpio.o
                                      0x7c444 (size before relaxing)
 .debug_str     0x00000000000883ac      0x200 ./Drivers/STM32F1xx_HAL_Driver/Src/stm32f1xx_hal_rcc.o
                                      0x7c4ed (size before relaxing)
 .debug_str     0x00000000000885ac      0x550 ./Drivers/STM32F1xx_HAL_Driver/Src/stm32f1xx_hal_spi.o
                                      0x7c9ea (size before relaxing)
 .debug_str     0x0000000000088afc      0x22a ./Middlewares/Third_Party/FreeRTOS/Source/list.o
                                       0xa720 (size before relaxing)
 .debug_str     0x0000000000088d26     0x1b6c ./Middlewares/Third_Party/FreeRTOS/Source/tasks.o
                                       0xcd61 (size before relaxing)
 .debug_str     0x000000000008a892      0x66e ./Middlewares/Third_Party/FreeRTOS/Source/portable/GCC/ARM_CM3/port.o
                                       0x9cf3 (size before relaxing)
 .debug_str     0x000000000008af00      0x243 ./Middlewares/Third_Party/FreeRTOS/Source/portable/MemMang/heap_4.o
                                       0xae6d (size before relaxing)

.debug_frame    0x0000000000000000     0x2e0c
 .debug_frame   0x0000000000000000       0x38 ./Core/Src/freertos.o
 .debug_frame   0x0000000000000038       0xec ./Core/Src/main.o
 .debug_frame   0x0000000000000124       0x7c ./Core/Src/stm32f1xx_hal_msp.o
 .debug_frame   0x00000000000001a0       0xc8 ./Core/Src/stm32f1xx_it.o
 .debug_frame   0x0000000000000268       0x58 ./Core/Src/system_stm32f1xx.o
 .debug_frame   0x00000000000002c0       0xf0 ./Core/Src/w5500/TelnetSession.o
 .debug_frame   0x00000000000003b0      0x1d4 ./Core/Src/w5500/socket.o
 .debug_frame   0x0000000000000584      0x128 ./Core/Src/w5500/w5500_spi.o
 .debug_frame   0x00000000000006ac      0x534 ./Core/Src/w5500/wizchip_conf.o
 .debug_frame   0x0000000000000be0      0x16c ./Core/Src/w5500/W5500/w5500.o
 .debug_frame   0x0000000000000d4c      0x334 ./Drivers/STM32F1xx_HAL_Driver/Src/stm32f1xx_hal.o
 .debug_frame   0x0000000000001080      0x428 ./Drivers/STM32F1xx_HAL_Driver/Src/stm32f1xx_hal_cortex.o
 .debug_frame   0x00000000000014a8      0x14c ./Drivers/STM32F1xx_HAL_Driver/Src/stm32f1xx_hal_gpio.o
 .debug_frame   0x00000000000015f4      0x218 ./Drivers/STM32F1xx_HAL_Driver/Src/stm32f1xx_hal_rcc.o
 .debug_frame   0x000000000000180c      0x824 ./Drivers/STM32F1xx_HAL_Driver/Src/stm32f1xx_hal_spi.o
 .debug_frame   0x0000000000002030       0xd8 ./Middlewares/Third_Party/FreeRTOS/Source/list.o
 .debug_frame   0x0000000000002108      0x734 ./Middlewares/Third_Party/FreeRTOS/Source/tasks.o
 .debug_frame   0x000000000000283c      0x198 ./Middlewares/Third_Party/FreeRTOS/Source/portable/GCC/ARM_CM3/port.o
 .debug_frame   0x00000000000029d4      0x108 ./Middlewares/Third_Party/FreeRTOS/Source/portable/MemMang/heap_4.o
 .debug_frame   0x0000000000002adc      0x144 C:/ST/STM32CubeIDE_1.13.2/STM32CubeIDE/plugins/com.st.stm32cube.ide.mcu.externaltools.gnu-tools-for-stm32.11.3.rel1.win32_1.1.100.202309141235/tools/bin/../lib/gcc/arm-none-eabi/11.3.1/../../../../arm-none-eabi/lib/thumb/v7-m/nofp\libc_nano.a(libc_a-findfp.o)
 .debug_frame   0x0000000000002c20       0x20 C:/ST/STM32CubeIDE_1.13.2/STM32CubeIDE/plugins/com.st.stm32cube.ide.mcu.externaltools.gnu-tools-for-stm32.11.3.rel1.win32_1.1.100.202309141235/tools/bin/../lib/gcc/arm-none-eabi/11.3.1/../../../../arm-none-eabi/lib/thumb/v7-m/nofp\libc_nano.a(libc_a-memset.o)
 .debug_frame   0x0000000000002c40       0x38 C:/ST/STM32CubeIDE_1.13.2/STM32CubeIDE/plugins/com.st.stm32cube.ide.mcu.externaltools.gnu-tools-for-stm32.11.3.rel1.win32_1.1.100.202309141235/tools/bin/../lib/gcc/arm-none-eabi/11.3.1/../../../../arm-none-eabi/lib/thumb/v7-m/nofp\libc_nano.a(libc_a-reent.o)
 .debug_frame   0x0000000000002c78       0x2c C:/ST/STM32CubeIDE_1.13.2/STM32CubeIDE/plugins/com.st.stm32cube.ide.mcu.externaltools.gnu-tools-for-stm32.11.3.rel1.win32_1.1.100.202309141235/tools/bin/../lib/gcc/arm-none-eabi/11.3.1/../../../../arm-none-eabi/lib/thumb/v7-m/nofp\libc_nano.a(libc_a-init.o)
 .debug_frame   0x0000000000002ca4       0xb0 C:/ST/STM32CubeIDE_1.13.2/STM32CubeIDE/plugins/com.st.stm32cube.ide.mcu.externaltools.gnu-tools-for-stm32.11.3.rel1.win32_1.1.100.202309141235/tools/bin/../lib/gcc/arm-none-eabi/11.3.1/../../../../arm-none-eabi/lib/thumb/v7-m/nofp\libc_nano.a(libc_a-lock.o)
 .debug_frame   0x0000000000002d54       0x38 C:/ST/STM32CubeIDE_1.13.2/STM32CubeIDE/plugins/com.st.stm32cube.ide.mcu.externaltools.gnu-tools-for-stm32.11.3.rel1.win32_1.1.100.202309141235/tools/bin/../lib/gcc/arm-none-eabi/11.3.1/../../../../arm-none-eabi/lib/thumb/v7-m/nofp\libc_nano.a(libc_a-freer.o)
 .debug_frame   0x0000000000002d8c       0x50 C:/ST/STM32CubeIDE_1.13.2/STM32CubeIDE/plugins/com.st.stm32cube.ide.mcu.externaltools.gnu-tools-for-stm32.11.3.rel1.win32_1.1.100.202309141235/tools/bin/../lib/gcc/arm-none-eabi/11.3.1/../../../../arm-none-eabi/lib/thumb/v7-m/nofp\libc_nano.a(libc_a-mallocr.o)
 .debug_frame   0x0000000000002ddc       0x30 C:/ST/STM32CubeIDE_1.13.2/STM32CubeIDE/plugins/com.st.stm32cube.ide.mcu.externaltools.gnu-tools-for-stm32.11.3.rel1.win32_1.1.100.202309141235/tools/bin/../lib/gcc/arm-none-eabi/11.3.1/../../../../arm-none-eabi/lib/thumb/v7-m/nofp\libc_nano.a(libc_a-mlock.o)

.debug_line_str
                0x0000000000000000       0x68
 .debug_line_str
                0x0000000000000000       0x68 ./Core/Startup/startup_stm32f103c8tx.o
                                         0x80 (size before relaxing)
