Archive member included to satisfy reference by file (symbol)

C:/ST/STM32CubeIDE_1.13.2/STM32CubeIDE/plugins/com.st.stm32cube.ide.mcu.externaltools.gnu-tools-for-stm32.11.3.rel1.win32_1.1.1.202309131626/tools/bin/../lib/gcc/arm-none-eabi/11.3.1/../../../../arm-none-eabi/lib/thumb/v7-m/nofp\libc_nano.a(libc_a-exit.o)
                              C:/ST/STM32CubeIDE_1.13.2/STM32CubeIDE/plugins/com.st.stm32cube.ide.mcu.externaltools.gnu-tools-for-stm32.11.3.rel1.win32_1.1.1.202309131626/tools/bin/../lib/gcc/arm-none-eabi/11.3.1/../../../../arm-none-eabi/lib/thumb/v7-m/nofp/crt0.o (exit)
C:/ST/STM32CubeIDE_1.13.2/STM32CubeIDE/plugins/com.st.stm32cube.ide.mcu.externaltools.gnu-tools-for-stm32.11.3.rel1.win32_1.1.1.202309131626/tools/bin/../lib/gcc/arm-none-eabi/11.3.1/../../../../arm-none-eabi/lib/thumb/v7-m/nofp\libc_nano.a(libc_a-findfp.o)
                              ./Middlewares/Third_Party/FreeRTOS/Source/tasks.o (__sf)
C:/ST/STM32CubeIDE_1.13.2/STM32CubeIDE/plugins/com.st.stm32cube.ide.mcu.externaltools.gnu-tools-for-stm32.11.3.rel1.win32_1.1.1.202309131626/tools/bin/../lib/gcc/arm-none-eabi/11.3.1/../../../../arm-none-eabi/lib/thumb/v7-m/nofp\libc_nano.a(libc_a-fwalk.o)
                              C:/ST/STM32CubeIDE_1.13.2/STM32CubeIDE/plugins/com.st.stm32cube.ide.mcu.externaltools.gnu-tools-for-stm32.11.3.rel1.win32_1.1.1.202309131626/tools/bin/../lib/gcc/arm-none-eabi/11.3.1/../../../../arm-none-eabi/lib/thumb/v7-m/nofp\libc_nano.a(libc_a-findfp.o) (_fwalk_sglue)
C:/ST/STM32CubeIDE_1.13.2/STM32CubeIDE/plugins/com.st.stm32cube.ide.mcu.externaltools.gnu-tools-for-stm32.11.3.rel1.win32_1.1.1.202309131626/tools/bin/../lib/gcc/arm-none-eabi/11.3.1/../../../../arm-none-eabi/lib/thumb/v7-m/nofp\libc_nano.a(libc_a-stdio.o)
                              C:/ST/STM32CubeIDE_1.13.2/STM32CubeIDE/plugins/com.st.stm32cube.ide.mcu.externaltools.gnu-tools-for-stm32.11.3.rel1.win32_1.1.1.202309131626/tools/bin/../lib/gcc/arm-none-eabi/11.3.1/../../../../arm-none-eabi/lib/thumb/v7-m/nofp\libc_nano.a(libc_a-findfp.o) (__sread)
C:/ST/STM32CubeIDE_1.13.2/STM32CubeIDE/plugins/com.st.stm32cube.ide.mcu.externaltools.gnu-tools-for-stm32.11.3.rel1.win32_1.1.1.202309131626/tools/bin/../lib/gcc/arm-none-eabi/11.3.1/../../../../arm-none-eabi/lib/thumb/v7-m/nofp\libc_nano.a(libc_a-memset.o)
                              C:/ST/STM32CubeIDE_1.13.2/STM32CubeIDE/plugins/com.st.stm32cube.ide.mcu.externaltools.gnu-tools-for-stm32.11.3.rel1.win32_1.1.1.202309131626/tools/bin/../lib/gcc/arm-none-eabi/11.3.1/../../../../arm-none-eabi/lib/thumb/v7-m/nofp/crt0.o (memset)
C:/ST/STM32CubeIDE_1.13.2/STM32CubeIDE/plugins/com.st.stm32cube.ide.mcu.externaltools.gnu-tools-for-stm32.11.3.rel1.win32_1.1.1.202309131626/tools/bin/../lib/gcc/arm-none-eabi/11.3.1/../../../../arm-none-eabi/lib/thumb/v7-m/nofp\libc_nano.a(libc_a-closer.o)
                              C:/ST/STM32CubeIDE_1.13.2/STM32CubeIDE/plugins/com.st.stm32cube.ide.mcu.externaltools.gnu-tools-for-stm32.11.3.rel1.win32_1.1.1.202309131626/tools/bin/../lib/gcc/arm-none-eabi/11.3.1/../../../../arm-none-eabi/lib/thumb/v7-m/nofp\libc_nano.a(libc_a-stdio.o) (_close_r)
C:/ST/STM32CubeIDE_1.13.2/STM32CubeIDE/plugins/com.st.stm32cube.ide.mcu.externaltools.gnu-tools-for-stm32.11.3.rel1.win32_1.1.1.202309131626/tools/bin/../lib/gcc/arm-none-eabi/11.3.1/../../../../arm-none-eabi/lib/thumb/v7-m/nofp\libc_nano.a(libc_a-reent.o)
                              ./Middlewares/Third_Party/FreeRTOS/Source/tasks.o (_reclaim_reent)
C:/ST/STM32CubeIDE_1.13.2/STM32CubeIDE/plugins/com.st.stm32cube.ide.mcu.externaltools.gnu-tools-for-stm32.11.3.rel1.win32_1.1.1.202309131626/tools/bin/../lib/gcc/arm-none-eabi/11.3.1/../../../../arm-none-eabi/lib/thumb/v7-m/nofp\libc_nano.a(libc_a-impure.o)
                              ./Middlewares/Third_Party/FreeRTOS/Source/tasks.o (_impure_ptr)
C:/ST/STM32CubeIDE_1.13.2/STM32CubeIDE/plugins/com.st.stm32cube.ide.mcu.externaltools.gnu-tools-for-stm32.11.3.rel1.win32_1.1.1.202309131626/tools/bin/../lib/gcc/arm-none-eabi/11.3.1/../../../../arm-none-eabi/lib/thumb/v7-m/nofp\libc_nano.a(libc_a-lseekr.o)
                              C:/ST/STM32CubeIDE_1.13.2/STM32CubeIDE/plugins/com.st.stm32cube.ide.mcu.externaltools.gnu-tools-for-stm32.11.3.rel1.win32_1.1.1.202309131626/tools/bin/../lib/gcc/arm-none-eabi/11.3.1/../../../../arm-none-eabi/lib/thumb/v7-m/nofp\libc_nano.a(libc_a-stdio.o) (_lseek_r)
C:/ST/STM32CubeIDE_1.13.2/STM32CubeIDE/plugins/com.st.stm32cube.ide.mcu.externaltools.gnu-tools-for-stm32.11.3.rel1.win32_1.1.1.202309131626/tools/bin/../lib/gcc/arm-none-eabi/11.3.1/../../../../arm-none-eabi/lib/thumb/v7-m/nofp\libc_nano.a(libc_a-readr.o)
                              C:/ST/STM32CubeIDE_1.13.2/STM32CubeIDE/plugins/com.st.stm32cube.ide.mcu.externaltools.gnu-tools-for-stm32.11.3.rel1.win32_1.1.1.202309131626/tools/bin/../lib/gcc/arm-none-eabi/11.3.1/../../../../arm-none-eabi/lib/thumb/v7-m/nofp\libc_nano.a(libc_a-stdio.o) (_read_r)
[...]
Memory Configuration

Name             Origin             Length             Attributes
RAM              0x0000000020000000 0x0000000000005000 xrw
FLASH            0x0000000008000000 0x0000000000010000 xr
*default*        0x0000000000000000 0xffffffffffffffff

Linker script and memory map

LOAD C:/ST/STM32CubeIDE_1.13.2/STM32CubeIDE/plugins/com.st.stm32cube.ide.mcu.externaltools.gnu-tools-for-stm32.11.3.rel1.win32_1.1.1.202309131626/tools/bin/../lib/gcc/arm-none-eabi/11.3.1/thumb/v7-m/nofp/crti.o
LOAD C:/ST/STM32CubeIDE_1.13.2/STM32CubeIDE/plugins/com.st.stm32cube.ide.mcu.externaltools.gnu-tools-for-stm32.11.3.rel1.win32_1.1.1.202309131626/tools/bin/../lib/gcc/arm-none-eabi/11.3.1/thumb/v7-m/nofp/crtbegin.o
LOAD C:/ST/STM32CubeIDE_1.13.2/STM32CubeIDE/plugins/com.st.stm32cube.ide.mcu.externaltools.gnu-tools-for-stm32.11.3.rel1.win32_1.1.1.202309131626/tools/bin/../lib/gcc/arm-none-eabi/11.3.1/../../../../arm-none-eabi/lib/thumb/v7-m/nofp/crt0.o
LOAD ./Core/Src/freertos.o
LOAD ./Core/Src/main.o
LOAD ./Core/Src/stm32f1xx_hal_msp.o
LOAD ./Core/Src/stm32f1xx_it.o
LOAD ./Core/Src/syscalls.o
LOAD ./Core/Src/sysmem.o
LOAD ./Core/Src/system_stm32f1xx.o
LOAD ./Core/Src/w5500/TelnetSession.o
LOAD ./Core/Src/w5500/socket.o
LOAD ./Core/Src/w5500/w5500_spi.o
LOAD ./Core/Src/w5500/wizchip_conf.o
LOAD ./Core/Src/w5500/W5500/w5500.o
LOAD ./Core/Startup/startup_stm32f103c8tx.o
LOAD ./Drivers/STM32F1xx_HAL_Driver/Src/stm32f1xx_hal.o
LOAD ./Drivers/STM32F1xx_HAL_Driver/Src/stm32f1xx_hal_cortex.o
LOAD ./Drivers/STM32F1xx_HAL_Driver/Src/stm32f1xx_hal_dma.o
LOAD ./Drivers/STM32F1xx_HAL_Driver/Src/stm32f1xx_hal_exti.o
LOAD ./Drivers/STM32F1xx_HAL_Driver/Src/stm32f1xx_hal_flash.o
LOAD ./Drivers/STM32F1xx_HAL_Driver/Src/stm32f1xx_hal_flash_ex.o
LOAD ./Drivers/STM32F1xx_HAL_Driver/Src/stm32f1xx_hal_gpio.o
LOAD ./Drivers/STM32F1xx_HAL_Driver/Src/stm32f1xx_hal_gpio_ex.o
LOAD ./Drivers/STM32F1xx_HAL_Driver/Src/stm32f1xx_hal_pwr.o
LOAD ./Drivers/STM32F1xx_HAL_Driver/Src/stm32f1xx_hal_rcc.o
LOAD ./Drivers/STM32F1xx_HAL_Driver/Src/stm32f1xx_hal_rcc_ex.o
LOAD ./Drivers/STM32F1xx_HAL_Driver/Src/stm32f1xx_hal_spi.o
LOAD ./Drivers/STM32F1xx_HAL_Driver/Src/stm32f1xx_hal_tim.o
LOAD ./Drivers/STM32F1xx_HAL_Driver/Src/stm32f1xx_hal_tim_ex.o
LOAD ./Middlewares/Third_Party/FreeRTOS/Source/CMSIS_RTOS/cmsis_os.o
LOAD ./Middlewares/Third_Party/FreeRTOS/Source/croutine.o
LOAD ./Middlewares/Third_Party/FreeRTOS/Source/event_groups.o
LOAD ./Middlewares/Third_Party/FreeRTOS/Source/list.o
LOAD ./Middlewares/Third_Party/FreeRTOS/Source/queue.o
LOAD ./Middlewares/Third_Party/FreeRTOS/Source/stream_buffer.o
LOAD ./Middlewares/Third_Party/FreeRTOS/Source/tasks.o
LOAD ./Middlewares/Third_Party/FreeRTOS/Source/timers.o
LOAD ./Middlewares/Third_Party/FreeRTOS/Source/portable/GCC/ARM_CM3/port.o
LOAD ./Middlewares/Third_Party/FreeRTOS/Source/portable/MemMang/heap_4.o
START GROUP
LOAD C:/ST/STM32CubeIDE_1.13.2/STM32CubeIDE/plugins/com.st.stm32cube.ide.mcu.externaltools.gnu-tools-for-stm32.11.3.rel1.win32_1.1.1.202309131626/tools/bin/../lib/gcc/arm-none-eabi/11.3.1/../../../../arm-none-eabi/lib/thumb/v7-m/nofp\libc_nano.a
LOAD C:/ST/STM32CubeIDE_1.13.2/STM32CubeIDE/plugins/com.st.stm32cube.ide.mcu.externaltools.gnu-tools-for-stm32.11.3.rel1.win32_1.1.1.202309131626/tools/bin/../lib/gcc/arm-none-eabi/11.3.1/../../../../arm-none-eabi/lib/thumb/v7-m/nofp\libm.a
END GROUP
START GROUP
LOAD C:/ST/STM32CubeIDE_1.13.2/STM32CubeIDE/plugins/com.st.stm32cube.ide.mcu.externaltools.gnu-tools-for-stm32.11.3.rel1.win32_1.1.1.202309131626/tools/bin/../lib/gcc/arm-none-eabi/11.3.1/thumb/v7-m/nofp\libgcc.a
LOAD C:/ST/STM32CubeIDE_1.13.2/STM32CubeIDE/plugins/com.st.stm32cube.ide.mcu.externaltools.gnu-tools-for-stm32.11.3.rel1.win32_1.1.1.202309131626/tools/bin/../lib/gcc/arm-none-eabi/11.3.1/../../../../arm-none-eabi/lib/thumb/v7-m/nofp\libc_nano.a
END GROUP
START GROUP
LOAD C:/ST/STM32CubeIDE_1.13.2/STM32CubeIDE/plugins/com.st.stm32cube.ide.mcu.externaltools.gnu-tools-for-stm32.11.3.rel1.win32_1.1.1.202309131626/tools/bin/../lib/gcc/arm-none-eabi/11.3.1/thumb/v7-m/nofp\libgcc.a
LOAD C:/ST/STM32CubeIDE_1.13.2/STM32CubeIDE/plugins/com.st.stm32cube.ide.mcu.externaltools.gnu-tools-for-stm32.11.3.rel1.win32_1.1.1.202309131626/tools/bin/../lib/gcc/arm-none-eabi/11.3.1/../../../../arm-none-eabi/lib/thumb/v7-m/nofp\libc_nano.a
LOAD C:/ST/STM32CubeIDE_1.13.2/STM32CubeIDE/plugins/com.st.stm32cube.ide.mcu.externaltools.gnu-tools-for-stm32.11.3.rel1.win32_1.1.1.202309131626/tools/bin/../lib/gcc/arm-none-eabi/11.3.1/../../../../arm-none-eabi/lib/thumb/v7-m/nofp\libnosys.a
END GROUP
START GROUP
LOAD C:/ST/STM32CubeIDE_1.13.2/STM32CubeIDE/plugins/com.st.stm32cube.ide.mcu.externaltools.gnu-tools-for-stm32.11.3.rel1.win32_1.1.1.202309131626/tools/bin/../lib/gcc/arm-none-eabi/11.3.1/thumb/v7-m/nofp\libgcc.a
LOAD C:/ST/STM32CubeIDE_1.13.2/STM32CubeIDE/plugins/com.st.stm32cube.ide.mcu.externaltools.gnu-tools-for-stm32.11.3.rel1.win32_1.1.1.202309131626/tools/bin/../lib/gcc/arm-none-eabi/11.3.1/../../../../arm-none-eabi/lib/thumb/v7-m/nofp\libc_nano.a
LOAD C:/ST/STM32CubeIDE_1.13.2/STM32CubeIDE/plugins/com.st.stm32cube.ide.mcu.externaltools.gnu-tools-for-stm32.11.3.rel1.win32_1.1.1.202309131626/tools/bin/../lib/gcc/arm-none-eabi/11.3.1/../../../../arm-none-eabi/lib/thumb/v7-m/nofp\libnosys.a
END GROUP
LOAD C:/ST/STM32CubeIDE_1.13.2/STM32CubeIDE/plugins/com.st.stm32cube.ide.mcu.externaltools.gnu-tools-for-stm32.11.3.rel1.win32_1.1.1.202309131626/tools/bin/../lib/gcc/arm-none-eabi/11.3.1/thumb/v7-m/nofp/crtend.o
LOAD C:/ST/STM32CubeIDE_1.13.2/STM32CubeIDE/plugins/com.st.stm32cube.ide.mcu.externaltools.gnu-tools-for-stm32.11.3.rel1.win32_1.1.1.202309131626/tools/bin/../lib/gcc/arm-none-eabi/11.3.1/thumb/v7-m/nofp/crtn.o
                0x0000000020005000                _estack = (ORIGIN (RAM) + LENGTH (RAM))
                0x0000000000000200                _Min_Heap_Size = 0x200
                0x0000000000000400                _Min_Stack_Size = 0x400

.isr_vector     0x0000000008000000      0x10c
                0x0000000008000000                . = ALIGN (0x4)
 *(.isr_vector)
 .isr_vector    0x0000000008000000      0x10c ./Core/Startup/startup_stm32f103c8tx.o
                0x0000000008000000                g_pfnVectors
                0x000000000800010c                . = ALIGN (0x4)

.text           0x0000000008000110     0x4f28
                0x0000000008000110                . = ALIGN (0x4)
 *(.text)
 .text          0x0000000008000110       0x40 C:/ST/STM32CubeIDE_1.13.2/STM32CubeIDE/plugins/com.st.stm32cube.ide.mcu.externaltools.gnu-tools-for-stm32.11.3.rel1.win32_1.1.1.202309131626/tools/bin/../lib/gcc/arm-none-eabi/11.3.1/thumb/v7-m/nofp/crtbegin.o
 .text          0x0000000008000150       0x10 C:/ST/STM32CubeIDE_1.13.2/STM32CubeIDE/plugins/com.st.stm32cube.ide.mcu.externaltools.gnu-tools-for-stm32.11.3.rel1.win32_1.1.1.202309131626/tools/bin/../lib/gcc/arm-none-eabi/11.3.1/../../../../arm-none-eabi/lib/thumb/v7-m/nofp\libc_nano.a(libc_a-strlen.o)
                0x0000000008000150                strlen
 *(.text*)
 .text.vApplicationGetIdleTaskMemory
                0x0000000008000160       0x30 ./Core/Src/freertos.o
                0x0000000008000160                vApplicationGetIdleTaskMemory
 .text.main     0x0000000008000190       0x84 ./Core/Src/main.o
                0x0000000008000190                main
 .text.SystemClock_Config
                0x0000000008000214       0x8c ./Core/Src/main.o
                0x0000000008000214                SystemClock_Config
 .text.MX_SPI1_Init
                0x00000000080002a0       0x6c ./Core/Src/main.o
 .text.MX_GPIO_Init
                0x000000000800030c      0x120 ./Core/Src/main.o
 .text.StartDefaultTask
                0x000000000800042c       0x14 ./Core/Src/main.o
                0x000000000800042c                StartDefaultTask
 .text.StartTask02
                0x0000000008000440       0x20 ./Core/Src/main.o
                0x0000000008000440                StartTask02
 .text.Error_Handler
                0x0000000008000460        0xa ./Core/Src/main.o
                0x0000000008000460                Error_Handler
 *fill*         0x000000000800046a        0x2 
 .text.HAL_MspInit
                0x000000000800046c       0x70 ./Core/Src/stm32f1xx_hal_msp.o
                0x000000000800046c                HAL_MspInit
 .text.HAL_SPI_MspInit
                0x00000000080004dc       0x94 ./Core/Src/stm32f1xx_hal_msp.o
                0x00000000080004dc                HAL_SPI_MspInit
 .text.NMI_Handler
                0x0000000008000570        0xa ./Core/Src/stm32f1xx_it.o
                0x0000000008000570                NMI_Handler
 .text.HardFault_Handler
                0x000000000800057a        0x6 ./Core/Src/stm32f1xx_it.o
                0x000000000800057a                HardFault_Handler
 .text.MemManage_Handler
                0x0000000008000580        0x6 ./Core/Src/stm32f1xx_it.o
                0x0000000008000580                MemManage_Handler
 .text.BusFault_Handler
                0x0000000008000586        0x6 ./Core/Src/stm32f1xx_it.o
                0x0000000008000586                BusFault_Handler
 .text.UsageFault_Handler
                0x000000000800058c        0x6 ./Core/Src/stm32f1xx_it.o
                0x000000000800058c                UsageFault_Handler
 .text.DebugMon_Handler
                0x0000000008000592        0xc ./Core/Src/stm32f1xx_it.o
                0x0000000008000592                DebugMon_Handler
 .text.SysTick_Handler
                0x000000000800059e       0x1a ./Core/Src/stm32f1xx_it.o
                0x000000000800059e                SysTick_Handler
 .text.SystemInit
                0x00000000080005b8        0xc ./Core/Src/system_stm32f1xx.o
                0x00000000080005b8                SystemInit
 .text.writeMessage
                0x00000000080005c4       0x2c ./Core/Src/w5500/TelnetSession.o
                0x00000000080005c4                writeMessage
 .text.readMessage
                0x00000000080005f0       0x78 ./Core/Src/w5500/TelnetSession.o
                0x00000000080005f0                readMessage
 .text.toggleLeds
                0x0000000008000668       0x54 ./Core/Src/w5500/TelnetSession.o
                0x0000000008000668                toggleLeds
 .text.startTelnet
                0x00000000080006bc       0xa0 ./Core/Src/w5500/TelnetSession.o
                0x00000000080006bc                startTelnet
 .text.socket   0x000000000800075c      0x228 ./Core/Src/w5500/socket.o
                0x000000000800075c                socket
 .text.close    0x0000000008000984       0xdc ./Core/Src/w5500/socket.o
                0x0000000008000984                close
 .text.listen   0x0000000008000a60       0xb2 ./Core/Src/w5500/socket.o
                0x0000000008000a60                listen
 *fill*         0x0000000008000b12        0x2 
 .text.send     0x0000000008000b14      0x1f4 ./Core/Src/w5500/socket.o
                0x0000000008000b14                send
 .text.recv     0x0000000008000d08      0x16c ./Core/Src/w5500/socket.o
                0x0000000008000d08                recv
 .text.wizchip_select
                0x0000000008000e74       0x18 ./Core/Src/w5500/w5500_spi.o
                0x0000000008000e74                wizchip_select
 .text.wizchip_deselect
                0x0000000008000e8c       0x18 ./Core/Src/w5500/w5500_spi.o
                0x0000000008000e8c                wizchip_deselect
 .text.wizchip_read
                0x0000000008000ea4       0x24 ./Core/Src/w5500/w5500_spi.o
                0x0000000008000ea4                wizchip_read
 .text.wizchip_write
                0x0000000008000ec8       0x24 ./Core/Src/w5500/w5500_spi.o
                0x0000000008000ec8                wizchip_write
 .text.wizchip_read_burst
                0x0000000008000eec       0x38 ./Core/Src/w5500/w5500_spi.o
                0x0000000008000eec                wizchip_read_burst
 .text.wizchip_write_burst
                0x0000000008000f24       0x38 ./Core/Src/w5500/w5500_spi.o
                0x0000000008000f24                wizchip_write_burst
 .text.W5500Init
                0x0000000008000f5c       0x94 ./Core/Src/w5500/w5500_spi.o
                0x0000000008000f5c                W5500Init
 .text.wizchip_cris_enter
                0x0000000008000ff0        0xc ./Core/Src/w5500/wizchip_conf.o
                0x0000000008000ff0                wizchip_cris_enter
 .text.wizchip_cris_exit
                0x0000000008000ffc        0xc ./Core/Src/w5500/wizchip_conf.o
                0x0000000008000ffc                wizchip_cris_exit
 .text.wizchip_cs_select
                0x0000000008001008        0xc ./Core/Src/w5500/wizchip_conf.o
                0x0000000008001008                wizchip_cs_select
 .text.wizchip_cs_deselect
                0x0000000008001014        0xc ./Core/Src/w5500/wizchip_conf.o
                0x0000000008001014                wizchip_cs_deselect
 .text.wizchip_bus_readdata
                0x0000000008001020       0x18 ./Core/Src/w5500/wizchip_conf.o
                0x0000000008001020                wizchip_bus_readdata
 .text.wizchip_bus_writedata
                0x0000000008001038       0x1c ./Core/Src/w5500/wizchip_conf.o
                0x0000000008001038                wizchip_bus_writedata
 .text.wizchip_spi_readbyte
                0x0000000008001054        0xe ./Core/Src/w5500/wizchip_conf.o
                0x0000000008001054                wizchip_spi_readbyte
 .text.wizchip_spi_writebyte
                0x0000000008001062       0x14 ./Core/Src/w5500/wizchip_conf.o
                0x0000000008001062                wizchip_spi_writebyte
 .text.wizchip_spi_readburst
                0x0000000008001076       0x16 ./Core/Src/w5500/wizchip_conf.o
                0x0000000008001076                wizchip_spi_readburst
 .text.wizchip_spi_writeburst
                0x000000000800108c       0x16 ./Core/Src/w5500/wizchip_conf.o
                0x000000000800108c                wizchip_spi_writeburst
 *fill*         0x00000000080010a2        0x2 
 .text.reg_wizchip_cs_cbfunc
                0x00000000080010a4       0x48 ./Core/Src/w5500/wizchip_conf.o
                0x00000000080010a4                reg_wizchip_cs_cbfunc
 .text.reg_wizchip_spi_cbfunc
                0x00000000080010ec       0x58 ./Core/Src/w5500/wizchip_conf.o
                0x00000000080010ec                reg_wizchip_spi_cbfunc
 .text.reg_wizchip_spiburst_cbfunc
                0x0000000008001144       0x58 ./Core/Src/w5500/wizchip_conf.o
                0x0000000008001144                reg_wizchip_spiburst_cbfunc
 .text.ctlwizchip
                0x000000000800119c      0x1c4 ./Core/Src/w5500/wizchip_conf.o
                0x000000000800119c                ctlwizchip
 .text.ctlnetwork
                0x0000000008001360       0x7c ./Core/Src/w5500/wizchip_conf.o
                0x0000000008001360                ctlnetwork
 .text.wizchip_sw_reset
                0x00000000080013dc       0x98 ./Core/Src/w5500/wizchip_conf.o
                0x00000000080013dc                wizchip_sw_reset
 .text.wizchip_init
                0x0000000008001474      0x118 ./Core/Src/w5500/wizchip_conf.o
                0x0000000008001474                wizchip_init
 .text.wizchip_clrinterrupt
                0x000000000800158c       0x68 ./Core/Src/w5500/wizchip_conf.o
                0x000000000800158c                wizchip_clrinterrupt
 .text.wizchip_getinterrupt
                0x00000000080015f4       0x4a ./Core/Src/w5500/wizchip_conf.o
                0x00000000080015f4                wizchip_getinterrupt
 .text.wizchip_setinterruptmask
                0x000000000800163e       0x36 ./Core/Src/w5500/wizchip_conf.o
                0x000000000800163e                wizchip_setinterruptmask
 .text.wizchip_getinterruptmask
                0x0000000008001674       0x46 ./Core/Src/w5500/wizchip_conf.o
                0x0000000008001674                wizchip_getinterruptmask
 .text.wizphy_getphylink
                0x00000000080016ba       0x2c ./Core/Src/w5500/wizchip_conf.o
                0x00000000080016ba                wizphy_getphylink
 .text.wizphy_getphypmode
                0x00000000080016e6       0x32 ./Core/Src/w5500/wizchip_conf.o
                0x00000000080016e6                wizphy_getphypmode
 .text.wizphy_reset
                0x0000000008001718       0x4e ./Core/Src/w5500/wizchip_conf.o
                0x0000000008001718                wizphy_reset
 .text.wizphy_setphyconf
                0x0000000008001766       0x84 ./Core/Src/w5500/wizchip_conf.o
                0x0000000008001766                wizphy_setphyconf
 *fill*         0x00000000080017ea        0x2 
 .text.wizphy_getphyconf
                0x00000000080017ec       0xd4 ./Core/Src/w5500/wizchip_conf.o
                0x00000000080017ec                wizphy_getphyconf
 .text.wizphy_setphypmode
                0x00000000080018c0       0x94 ./Core/Src/w5500/wizchip_conf.o
                0x00000000080018c0                wizphy_setphypmode
 .text.wizchip_setnetinfo
                0x0000000008001954       0x80 ./Core/Src/w5500/wizchip_conf.o
                0x0000000008001954                wizchip_setnetinfo
 .text.wizchip_getnetinfo
                0x00000000080019d4       0x80 ./Core/Src/w5500/wizchip_conf.o
                0x00000000080019d4                wizchip_getnetinfo
 .text.wizchip_setnetmode
                0x0000000008001a54       0x44 ./Core/Src/w5500/wizchip_conf.o
                0x0000000008001a54                wizchip_setnetmode
 .text.wizchip_getnetmode
                0x0000000008001a98       0x10 ./Core/Src/w5500/wizchip_conf.o
                0x0000000008001a98                wizchip_getnetmode
 .text.wizchip_settimeout
                0x0000000008001aa8       0x42 ./Core/Src/w5500/wizchip_conf.o
                0x0000000008001aa8                wizchip_settimeout
 .text.wizchip_gettimeout
                0x0000000008001aea       0x44 ./Core/Src/w5500/wizchip_conf.o
                0x0000000008001aea                wizchip_gettimeout
 *fill*         0x0000000008001b2e        0x2 
 .text.WIZCHIP_READ
                0x0000000008001b30       0x98 ./Core/Src/w5500/W5500/w5500.o
                0x0000000008001b30                WIZCHIP_READ
 .text.WIZCHIP_WRITE
                0x0000000008001bc8       0x9c ./Core/Src/w5500/W5500/w5500.o
                0x0000000008001bc8                WIZCHIP_WRITE
 .text.WIZCHIP_READ_BUF
                0x0000000008001c64       0xc0 ./Core/Src/w5500/W5500/w5500.o
                0x0000000008001c64                WIZCHIP_READ_BUF
 .text.WIZCHIP_WRITE_BUF
                0x0000000008001d24       0xc0 ./Core/Src/w5500/W5500/w5500.o
                0x0000000008001d24                WIZCHIP_WRITE_BUF
 .text.getSn_TX_FSR
                0x0000000008001de4       0x96 ./Core/Src/w5500/W5500/w5500.o
                0x0000000008001de4                getSn_TX_FSR
 .text.getSn_RX_RSR
                0x0000000008001e7a       0x96 ./Core/Src/w5500/W5500/w5500.o
                0x0000000008001e7a                getSn_RX_RSR
 .text.wiz_send_data
                0x0000000008001f10       0xb8 ./Core/Src/w5500/W5500/w5500.o
                0x0000000008001f10                wiz_send_data
 .text.wiz_recv_data
                0x0000000008001fc8       0xb8 ./Core/Src/w5500/W5500/w5500.o
                0x0000000008001fc8                wiz_recv_data
 .text.Reset_Handler
                0x0000000008002080       0x48 ./Core/Startup/startup_stm32f103c8tx.o
                0x0000000008002080                Reset_Handler
 .text.Default_Handler
                0x00000000080020c8        0x2 ./Core/Startup/startup_stm32f103c8tx.o
                0x00000000080020c8                RTC_Alarm_IRQHandler
                0x00000000080020c8                EXTI2_IRQHandler
                0x00000000080020c8                TIM1_CC_IRQHandler
                0x00000000080020c8                PVD_IRQHandler
                0x00000000080020c8                EXTI3_IRQHandler
                0x00000000080020c8                EXTI0_IRQHandler
                0x00000000080020c8                I2C2_EV_IRQHandler
                0x00000000080020c8                ADC1_2_IRQHandler
                0x00000000080020c8                SPI1_IRQHandler
                0x00000000080020c8                TAMPER_IRQHandler
                0x00000000080020c8                DMA1_Channel4_IRQHandler
                0x00000000080020c8                USART3_IRQHandler
                0x00000000080020c8                RTC_IRQHandler
                0x00000000080020c8                DMA1_Channel7_IRQHandler
                0x00000000080020c8                CAN1_RX1_IRQHandler
                0x00000000080020c8                TIM4_IRQHandler
                0x00000000080020c8                I2C1_EV_IRQHandler
                0x00000000080020c8                DMA1_Channel6_IRQHandler
                0x00000000080020c8                TIM3_IRQHandler
                0x00000000080020c8                RCC_IRQHandler
                0x00000000080020c8                TIM1_TRG_COM_IRQHandler
                0x00000000080020c8                DMA1_Channel1_IRQHandler
                0x00000000080020c8                Default_Handler
                0x00000000080020c8                EXTI15_10_IRQHandler
                0x00000000080020c8                EXTI9_5_IRQHandler
                0x00000000080020c8                SPI2_IRQHandler
                0x00000000080020c8                DMA1_Channel5_IRQHandler
                0x00000000080020c8                EXTI4_IRQHandler
                0x00000000080020c8                USB_LP_CAN1_RX0_IRQHandler
                0x00000000080020c8                USB_HP_CAN1_TX_IRQHandler
                0x00000000080020c8                DMA1_Channel3_IRQHandler
                0x00000000080020c8                TIM1_UP_IRQHandler
                0x00000000080020c8                WWDG_IRQHandler
                0x00000000080020c8                TIM2_IRQHandler
                0x00000000080020c8                TIM1_BRK_IRQHandler
                0x00000000080020c8                EXTI1_IRQHandler
                0x00000000080020c8                USART2_IRQHandler
                0x00000000080020c8                I2C2_ER_IRQHandler
                0x00000000080020c8                DMA1_Channel2_IRQHandler
                0x00000000080020c8                CAN1_SCE_IRQHandler
                0x00000000080020c8                FLASH_IRQHandler
                0x00000000080020c8                USART1_IRQHandler
                0x00000000080020c8                I2C1_ER_IRQHandler
                0x00000000080020c8                USBWakeUp_IRQHandler
 *fill*         0x00000000080020ca        0x2 
 .text.HAL_Init
                0x00000000080020cc       0x2c ./Drivers/STM32F1xx_HAL_Driver/Src/stm32f1xx_hal.o
                0x00000000080020cc                HAL_Init
 .text.HAL_InitTick
                0x00000000080020f8       0x60 ./Drivers/STM32F1xx_HAL_Driver/Src/stm32f1xx_hal.o
                0x00000000080020f8                HAL_InitTick
 .text.HAL_IncTick
                0x0000000008002158       0x24 ./Drivers/STM32F1xx_HAL_Driver/Src/stm32f1xx_hal.o
                0x0000000008002158                HAL_IncTick
 .text.HAL_GetTick
                0x000000000800217c       0x14 ./Drivers/STM32F1xx_HAL_Driver/Src/stm32f1xx_hal.o
                0x000000000800217c                HAL_GetTick
 .text.HAL_Delay
                0x0000000008002190       0x48 ./Drivers/STM32F1xx_HAL_Driver/Src/stm32f1xx_hal.o
                0x0000000008002190                HAL_Delay
 .text.__NVIC_SetPriorityGrouping
                0x00000000080021d8       0x48 ./Drivers/STM32F1xx_HAL_Driver/Src/stm32f1xx_hal_cortex.o
 .text.__NVIC_GetPriorityGrouping
                0x0000000008002220       0x1c ./Drivers/STM32F1xx_HAL_Driver/Src/stm32f1xx_hal_cortex.o
 .text.__NVIC_SetPriority
                0x000000000800223c       0x54 ./Drivers/STM32F1xx_HAL_Driver/Src/stm32f1xx_hal_cortex.o
 .text.NVIC_EncodePriority
                0x0000000008002290       0x64 ./Drivers/STM32F1xx_HAL_Driver/Src/stm32f1xx_hal_cortex.o
 .text.SysTick_Config
                0x00000000080022f4       0x44 ./Drivers/STM32F1xx_HAL_Driver/Src/stm32f1xx_hal_cortex.o
 .text.HAL_NVIC_SetPriorityGrouping
                0x0000000008002338       0x16 ./Drivers/STM32F1xx_HAL_Driver/Src/stm32f1xx_hal_cortex.o
                0x0000000008002338                HAL_NVIC_SetPriorityGrouping
 .text.HAL_NVIC_SetPriority
                0x000000000800234e       0x38 ./Drivers/STM32F1xx_HAL_Driver/Src/stm32f1xx_hal_cortex.o
                0x000000000800234e                HAL_NVIC_SetPriority
 .text.HAL_SYSTICK_Config
                0x0000000008002386       0x18 ./Drivers/STM32F1xx_HAL_Driver/Src/stm32f1xx_hal_cortex.o
                0x0000000008002386                HAL_SYSTICK_Config
 *fill*         0x000000000800239e        0x2 
 .text.HAL_GPIO_Init
                0x00000000080023a0      0x308 ./Drivers/STM32F1xx_HAL_Driver/Src/stm32f1xx_hal_gpio.o
                0x00000000080023a0                HAL_GPIO_Init
 .text.HAL_GPIO_WritePin
                0x00000000080026a8       0x30 ./Drivers/STM32F1xx_HAL_Driver/Src/stm32f1xx_hal_gpio.o
                0x00000000080026a8                HAL_GPIO_WritePin
 .text.HAL_GPIO_TogglePin
                0x00000000080026d8       0x32 ./Drivers/STM32F1xx_HAL_Driver/Src/stm32f1xx_hal_gpio.o
                0x00000000080026d8                HAL_GPIO_TogglePin
 *fill*         0x000000000800270a        0x2 
 .text.HAL_RCC_OscConfig
                0x000000000800270c      0x504 ./Drivers/STM32F1xx_HAL_Driver/Src/stm32f1xx_hal_rcc.o
                0x000000000800270c                HAL_RCC_OscConfig
 .text.HAL_RCC_ClockConfig
                0x0000000008002c10      0x1d4 ./Drivers/STM32F1xx_HAL_Driver/Src/stm32f1xx_hal_rcc.o
                0x0000000008002c10                HAL_RCC_ClockConfig
 .text.HAL_RCC_EnableCSS
                0x0000000008002de4       0x18 ./Drivers/STM32F1xx_HAL_Driver/Src/stm32f1xx_hal_rcc.o
                0x0000000008002de4                HAL_RCC_EnableCSS
 .text.HAL_RCC_GetSysClockFreq
                0x0000000008002dfc       0xa8 ./Drivers/STM32F1xx_HAL_Driver/Src/stm32f1xx_hal_rcc.o
                0x0000000008002dfc                HAL_RCC_GetSysClockFreq
 .text.HAL_RCC_NMI_IRQHandler
                0x0000000008002ea4       0x28 ./Drivers/STM32F1xx_HAL_Driver/Src/stm32f1xx_hal_rcc.o
                0x0000000008002ea4                HAL_RCC_NMI_IRQHandler
 .text.RCC_Delay
                0x0000000008002ecc       0x3c ./Drivers/STM32F1xx_HAL_Driver/Src/stm32f1xx_hal_rcc.o
 .text.HAL_RCC_CSSCallback
                0x0000000008002f08        0xc ./Drivers/STM32F1xx_HAL_Driver/Src/stm32f1xx_hal_rcc.o
                0x0000000008002f08                HAL_RCC_CSSCallback
 .text.HAL_SPI_Init
                0x0000000008002f14      0x108 ./Drivers/STM32F1xx_HAL_Driver/Src/stm32f1xx_hal_spi.o
                0x0000000008002f14                HAL_SPI_Init
 .text.HAL_SPI_Transmit
                0x000000000800301c      0x286 ./Drivers/STM32F1xx_HAL_Driver/Src/stm32f1xx_hal_spi.o
                0x000000000800301c                HAL_SPI_Transmit
 .text.HAL_SPI_Receive
                0x00000000080032a2      0x230 ./Drivers/STM32F1xx_HAL_Driver/Src/stm32f1xx_hal_spi.o
                0x00000000080032a2                HAL_SPI_Receive
 .text.HAL_SPI_TransmitReceive
                0x00000000080034d2      0x360 ./Drivers/STM32F1xx_HAL_Driver/Src/stm32f1xx_hal_spi.o
                0x00000000080034d2                HAL_SPI_TransmitReceive
 *fill*         0x0000000008003832        0x2 
 .text.SPI_WaitFlagStateUntilTimeout
                0x0000000008003834      0x110 ./Drivers/STM32F1xx_HAL_Driver/Src/stm32f1xx_hal_spi.o
 .text.SPI_EndRxTransaction
                0x0000000008003944       0xa4 ./Drivers/STM32F1xx_HAL_Driver/Src/stm32f1xx_hal_spi.o
 .text.SPI_EndRxTxTransaction
                0x00000000080039e8       0x3c ./Drivers/STM32F1xx_HAL_Driver/Src/stm32f1xx_hal_spi.o
 .text.makeFreeRtosPriority
                0x0000000008003a24       0x2e ./Middlewares/Third_Party/FreeRTOS/Source/CMSIS_RTOS/cmsis_os.o
 .text.osKernelStart
                0x0000000008003a52        0xe ./Middlewares/Third_Party/FreeRTOS/Source/CMSIS_RTOS/cmsis_os.o
                0x0000000008003a52                osKernelStart
 .text.osThreadCreate
                0x0000000008003a60       0x98 ./Middlewares/Third_Party/FreeRTOS/Source/CMSIS_RTOS/cmsis_os.o
                0x0000000008003a60                osThreadCreate
 .text.osDelay  0x0000000008003af8       0x28 ./Middlewares/Third_Party/FreeRTOS/Source/CMSIS_RTOS/cmsis_os.o
                0x0000000008003af8                osDelay
 .text.vListInitialise
                0x0000000008003b20       0x3e ./Middlewares/Third_Party/FreeRTOS/Source/list.o
                0x0000000008003b20                vListInitialise
 .text.vListInitialiseItem
                0x0000000008003b5e       0x18 ./Middlewares/Third_Party/FreeRTOS/Source/list.o
                0x0000000008003b5e                vListInitialiseItem
 .text.vListInsertEnd
                0x0000000008003b76       0x46 ./Middlewares/Third_Party/FreeRTOS/Source/list.o
                0x0000000008003b76                vListInsertEnd
 .text.vListInsert
                0x0000000008003bbc       0x70 ./Middlewares/Third_Party/FreeRTOS/Source/list.o
                0x0000000008003bbc                vListInsert
 .text.uxListRemove
                0x0000000008003c2c       0x52 ./Middlewares/Third_Party/FreeRTOS/Source/list.o
                0x0000000008003c2c                uxListRemove
 .text.xTaskCreateStatic
                0x0000000008003c7e       0xb8 ./Middlewares/Third_Party/FreeRTOS/Source/tasks.o
                0x0000000008003c7e                xTaskCreateStatic
 .text.xTaskCreate
                0x0000000008003d36       0x8a ./Middlewares/Third_Party/FreeRTOS/Source/tasks.o
                0x0000000008003d36                xTaskCreate
 .text.prvInitialiseNewTask
                0x0000000008003dc0      0x12c ./Middlewares/Third_Party/FreeRTOS/Source/tasks.o
 .text.prvAddNewTaskToReadyList
                0x0000000008003eec       0xd4 ./Middlewares/Third_Party/FreeRTOS/Source/tasks.o
 .text.vTaskDelay
                0x0000000008003fc0       0x68 ./Middlewares/Third_Party/FreeRTOS/Source/tasks.o
                0x0000000008003fc0                vTaskDelay
 .text.vTaskStartScheduler
                0x0000000008004028       0xd4 ./Middlewares/Third_Party/FreeRTOS/Source/tasks.o
                0x0000000008004028                vTaskStartScheduler
 .text.vTaskSuspendAll
                0x00000000080040fc       0x1c ./Middlewares/Third_Party/FreeRTOS/Source/tasks.o
                0x00000000080040fc                vTaskSuspendAll
 .text.xTaskResumeAll
                0x0000000008004118      0x138 ./Middlewares/Third_Party/FreeRTOS/Source/tasks.o
                0x0000000008004118                xTaskResumeAll
 .text.xTaskIncrementTick
                0x0000000008004250      0x17c ./Middlewares/Third_Party/FreeRTOS/Source/tasks.o
                0x0000000008004250                xTaskIncrementTick
 .text.vTaskSwitchContext
                0x00000000080043cc       0xc4 ./Middlewares/Third_Party/FreeRTOS/Source/tasks.o
                0x00000000080043cc                vTaskSwitchContext
 .text.prvIdleTask
                0x0000000008004490       0x30 ./Middlewares/Third_Party/FreeRTOS/Source/tasks.o
 .text.prvInitialiseTaskLists
                0x00000000080044c0       0x80 ./Middlewares/Third_Party/FreeRTOS/Source/tasks.o
 .text.prvCheckTasksWaitingTermination
                0x0000000008004540       0x5c ./Middlewares/Third_Party/FreeRTOS/Source/tasks.o
 .text.prvDeleteTCB
                0x000000000800459c       0x68 ./Middlewares/Third_Party/FreeRTOS/Source/tasks.o
 .text.prvResetNextTaskUnblockTime
                0x0000000008004604       0x48 ./Middlewares/Third_Party/FreeRTOS/Source/tasks.o
 .text.xTaskGetSchedulerState
                0x000000000800464c       0x3c ./Middlewares/Third_Party/FreeRTOS/Source/tasks.o
                0x000000000800464c                xTaskGetSchedulerState
 .text.prvAddCurrentTaskToDelayedList
                0x0000000008004688       0xcc ./Middlewares/Third_Party/FreeRTOS/Source/tasks.o
 .text.pxPortInitialiseStack
                0x0000000008004754       0x58 ./Middlewares/Third_Party/FreeRTOS/Source/portable/GCC/ARM_CM3/port.o
                0x0000000008004754                pxPortInitialiseStack
 .text.prvTaskExitError
                0x00000000080047ac       0x58 ./Middlewares/Third_Party/FreeRTOS/Source/portable/GCC/ARM_CM3/port.o
 *fill*         0x0000000008004804        0xc 
 .text.SVC_Handler
                0x0000000008004810       0x28 ./Middlewares/Third_Party/FreeRTOS/Source/portable/GCC/ARM_CM3/port.o
                0x0000000008004810                SVC_Handler
 .text.prvPortStartFirstTask
                0x0000000008004838       0x20 ./Middlewares/Third_Party/FreeRTOS/Source/portable/GCC/ARM_CM3/port.o
 .text.xPortStartScheduler
                0x0000000008004858       0xe4 ./Middlewares/Third_Party/FreeRTOS/Source/portable/GCC/ARM_CM3/port.o
                0x0000000008004858                xPortStartScheduler
 .text.vPortEnterCritical
                0x000000000800493c       0x60 ./Middlewares/Third_Party/FreeRTOS/Source/portable/GCC/ARM_CM3/port.o
                0x000000000800493c                vPortEnterCritical
 .text.vPortExitCritical
                0x000000000800499c       0x50 ./Middlewares/Third_Party/FreeRTOS/Source/portable/GCC/ARM_CM3/port.o
                0x000000000800499c                vPortExitCritical
 *fill*         0x00000000080049ec        0x4 
 .text.PendSV_Handler
                0x00000000080049f0       0x48 ./Middlewares/Third_Party/FreeRTOS/Source/portable/GCC/ARM_CM3/port.o
                0x00000000080049f0                PendSV_Handler
 .text.xPortSysTickHandler
                0x0000000008004a38       0x44 ./Middlewares/Third_Party/FreeRTOS/Source/portable/GCC/ARM_CM3/port.o
                0x0000000008004a38                xPortSysTickHandler
 .text.vPortSetupTimerInterrupt
                0x0000000008004a7c       0x44 ./Middlewares/Third_Party/FreeRTOS/Source/portable/GCC/ARM_CM3/port.o
                0x0000000008004a7c                vPortSetupTimerInterrupt
 .text.pvPortMalloc
                0x0000000008004ac0      0x188 ./Middlewares/Third_Party/FreeRTOS/Source/portable/MemMang/heap_4.o
                0x0000000008004ac0                pvPortMalloc
 .text.vPortFree
                0x0000000008004c48       0xb4 ./Middlewares/Third_Party/FreeRTOS/Source/portable/MemMang/heap_4.o
                0x0000000008004c48                vPortFree
 .text.prvHeapInit
                0x0000000008004cfc       0xc4 ./Middlewares/Third_Party/FreeRTOS/Source/portable/MemMang/heap_4.o
 .text.prvInsertBlockIntoFreeList
                0x0000000008004dc0       0xb0 ./Middlewares/Third_Party/FreeRTOS/Source/portable/MemMang/heap_4.o
 .text.memset   0x0000000008004e70       0x10 C:/ST/STM32CubeIDE_1.13.2/STM32CubeIDE/plugins/com.st.stm32cube.ide.mcu.externaltools.gnu-tools-for-stm32.11.3.rel1.win32_1.1.1.202309131626/tools/bin/../lib/gcc/arm-none-eabi/11.3.1/../../../../arm-none-eabi/lib/thumb/v7-m/nofp\libc_nano.a(libc_a-memset.o)
                0x0000000008004e70                memset
 .text._reclaim_reent
                0x0000000008004e80       0xac C:/ST/STM32CubeIDE_1.13.2/STM32CubeIDE/plugins/com.st.stm32cube.ide.mcu.externaltools.gnu-tools-for-stm32.11.3.rel1.win32_1.1.1.202309131626/tools/bin/../lib/gcc/arm-none-eabi/11.3.1/../../../../arm-none-eabi/lib/thumb/v7-m/nofp\libc_nano.a(libc_a-reent.o)
                0x0000000008004e80                _reclaim_reent
 .text.__libc_init_array
                0x0000000008004f2c       0x48 C:/ST/STM32CubeIDE_1.13.2/STM32CubeIDE/plugins/com.st.stm32cube.ide.mcu.externaltools.gnu-tools-for-stm32.11.3.rel1.win32_1.1.1.202309131626/tools/bin/../lib/gcc/arm-none-eabi/11.3.1/../../../../arm-none-eabi/lib/thumb/v7-m/nofp\libc_nano.a(libc_a-init.o)
                0x0000000008004f2c                __libc_init_array
 .text.__retarget_lock_acquire_recursive
                0x0000000008004f74        0x2 C:/ST/STM32CubeIDE_1.13.2/STM32CubeIDE/plugins/com.st.stm32cube.ide.mcu.externaltools.gnu-tools-for-stm32.11.3.rel1.win32_1.1.1.202309131626/tools/bin/../lib/gcc/arm-none-eabi/11.3.1/../../../../arm-none-eabi/lib/thumb/v7-m/nofp\libc_nano.a(libc_a-lock.o)
                0x0000000008004f74                __retarget_lock_acquire_recursive
 .text.__retarget_lock_release_recursive
                0x0000000008004f76        0x2 C:/ST/STM32CubeIDE_1.13.2/STM32CubeIDE/plugins/com.st.stm32cube.ide.mcu.externaltools.gnu-tools-for-stm32.11.3.rel1.win32_1.1.1.202309131626/tools/bin/../lib/gcc/arm-none-eabi/11.3.1/../../../../arm-none-eabi/lib/thumb/v7-m/nofp\libc_nano.a(libc_a-lock.o)
                0x0000000008004f76                __retarget_lock_release_recursive
 .text._free_r  0x0000000008004f78       0x90 C:/ST/STM32CubeIDE_1.13.2/STM32CubeIDE/plugins/com.st.stm32cube.ide.mcu.externaltools.gnu-tools-for-stm32.11.3.rel1.win32_1.1.1.202309131626/tools/bin/../lib/gcc/arm-none-eabi/11.3.1/../../../../arm-none-eabi/lib/thumb/v7-m/nofp\libc_nano.a(libc_a-freer.o)
                0x0000000008004f78                _free_r
 .text.__malloc_lock
                0x0000000008005008        0xc C:/ST/STM32CubeIDE_1.13.2/STM32CubeIDE/plugins/com.st.stm32cube.ide.mcu.externaltools.gnu-tools-for-stm32.11.3.rel1.win32_1.1.1.202309131626/tools/bin/../lib/gcc/arm-none-eabi/11.3.1/../../../../arm-none-eabi/lib/thumb/v7-m/nofp\libc_nano.a(libc_a-mlock.o)
                0x0000000008005008                __malloc_lock
 .text.__malloc_unlock
                0x0000000008005014        0xc C:/ST/STM32CubeIDE_1.13.2/STM32CubeIDE/plugins/com.st.stm32cube.ide.mcu.externaltools.gnu-tools-for-stm32.11.3.rel1.win32_1.1.1.202309131626/tools/bin/../lib/gcc/arm-none-eabi/11.3.1/../../../../arm-none-eabi/lib/thumb/v7-m/nofp\libc_nano.a(libc_a-mlock.o)
                0x0000000008005014                __malloc_unlock
 *(.glue_7)
 .glue_7        0x0000000008005020        0x0 linker stubs
 *(.glue_7t)
 .glue_7t       0x0000000008005020        0x0 linker stubs
 *(.eh_frame)
 .eh_frame      0x0000000008005020        0x0 C:/ST/STM32CubeIDE_1.13.2/STM32CubeIDE/plugins/com.st.stm32cube.ide.mcu.externaltools.gnu-tools-for-stm32.11.3.rel1.win32_1.1.1.202309131626/tools/bin/../lib/gcc/arm-none-eabi/11.3.1/thumb/v7-m/nofp/crtbegin.o
 *(.init)
 .init          0x0000000008005020        0x4 C:/ST/STM32CubeIDE_1.13.2/STM32CubeIDE/plugins/com.st.stm32cube.ide.mcu.externaltools.gnu-tools-for-stm32.11.3.rel1.win32_1.1.1.202309131626/tools/bin/../lib/gcc/arm-none-eabi/11.3.1/thumb/v7-m/nofp/crti.o
                0x0000000008005020                _init
 .init          0x0000000008005024        0x8 C:/ST/STM32CubeIDE_1.13.2/STM32CubeIDE/plugins/com.st.stm32cube.ide.mcu.externaltools.gnu-tools-for-stm32.11.3.rel1.win32_1.1.1.202309131626/tools/bin/../lib/gcc/arm-none-eabi/11.3.1/thumb/v7-m/nofp/crtn.o
 *(.fini)
 .fini          0x000000000800502c        0x4 C:/ST/STM32CubeIDE_1.13.2/STM32CubeIDE/plugins/com.st.stm32cube.ide.mcu.externaltools.gnu-tools-for-stm32.11.3.rel1.win32_1.1.1.202309131626/tools/bin/../lib/gcc/arm-none-eabi/11.3.1/thumb/v7-m/nofp/crti.o
                0x000000000800502c                _fini
 .fini          0x0000000008005030        0x8 C:/ST/STM32CubeIDE_1.13.2/STM32CubeIDE/plugins/com.st.stm32cube.ide.mcu.externaltools.gnu-tools-for-stm32.11.3.rel1.win32_1.1.1.202309131626/tools/bin/../lib/gcc/arm-none-eabi/11.3.1/thumb/v7-m/nofp/crtn.o
                0x0000000008005038                . = ALIGN (0x4)
                0x0000000008005038                _etext = .

.vfp11_veneer   0x0000000008005038        0x0
 .vfp11_veneer  0x0000000008005038        0x0 linker stubs

.v4_bx          0x0000000008005038        0x0
 .v4_bx         0x0000000008005038        0x0 linker stubs

.iplt           0x0000000008005038        0x0
 .iplt          0x0000000008005038        0x0 C:/ST/STM32CubeIDE_1.13.2/STM32CubeIDE/plugins/com.st.stm32cube.ide.mcu.externaltools.gnu-tools-for-stm32.11.3.rel1.win32_1.1.1.202309131626/tools/bin/../lib/gcc/arm-none-eabi/11.3.1/thumb/v7-m/nofp/crtbegin.o

.rodata         0x0000000008005038       0xd4
                0x0000000008005038                . = ALIGN (0x4)
 *(.rodata)
 .rodata        0x0000000008005038       0x54 ./Core/Src/main.o
 .rodata        0x000000000800508c       0x41 ./Core/Src/w5500/TelnetSession.o
 *fill*         0x00000000080050cd        0x3 
 .rodata        0x00000000080050d0       0x10 ./Core/Src/w5500/w5500_spi.o
 .rodata        0x00000000080050e0        0x5 ./Middlewares/Third_Party/FreeRTOS/Source/tasks.o
 *(.rodata*)
 *fill*         0x00000000080050e5        0x3 
 .rodata.AHBPrescTable
                0x00000000080050e8       0x10 ./Core/Src/system_stm32f1xx.o
                0x00000000080050e8                AHBPrescTable
 .rodata.aPLLMULFactorTable.1
                0x00000000080050f8       0x10 ./Drivers/STM32F1xx_HAL_Driver/Src/stm32f1xx_hal_rcc.o
 .rodata.aPredivFactorTable.0
                0x0000000008005108        0x2 ./Drivers/STM32F1xx_HAL_Driver/Src/stm32f1xx_hal_rcc.o
                0x000000000800510c                . = ALIGN (0x4)
 *fill*         0x000000000800510a        0x2 

.rel.dyn        0x000000000800510c        0x0
 .rel.iplt      0x000000000800510c        0x0 C:/ST/STM32CubeIDE_1.13.2/STM32CubeIDE/plugins/com.st.stm32cube.ide.mcu.externaltools.gnu-tools-for-stm32.11.3.rel1.win32_1.1.1.202309131626/tools/bin/../lib/gcc/arm-none-eabi/11.3.1/thumb/v7-m/nofp/crtbegin.o

.ARM.extab      0x000000000800510c        0x0
                0x000000000800510c                . = ALIGN (0x4)
 *(.ARM.extab* .gnu.linkonce.armextab.*)
                0x000000000800510c                . = ALIGN (0x4)

.ARM            0x000000000800510c        0x0
                0x000000000800510c                . = ALIGN (0x4)
                0x000000000800510c                __exidx_start = .
 *(.ARM.exidx*)
                0x000000000800510c                __exidx_end = .
                0x000000000800510c                . = ALIGN (0x4)

.preinit_array  0x000000000800510c        0x0
                0x000000000800510c                . = ALIGN (0x4)
                0x000000000800510c                PROVIDE (__preinit_array_start = .)
 *(.preinit_array*)
                0x000000000800510c                PROVIDE (__preinit_array_end = .)
                0x000000000800510c                . = ALIGN (0x4)

.init_array     0x000000000800510c        0x4
                0x000000000800510c                . = ALIGN (0x4)
                0x000000000800510c                PROVIDE (__init_array_start = .)
 *(SORT_BY_NAME(.init_array.*))
 *(.init_array*)
 .init_array    0x000000000800510c        0x4 C:/ST/STM32CubeIDE_1.13.2/STM32CubeIDE/plugins/com.st.stm32cube.ide.mcu.externaltools.gnu-tools-for-stm32.11.3.rel1.win32_1.1.1.202309131626/tools/bin/../lib/gcc/arm-none-eabi/11.3.1/thumb/v7-m/nofp/crtbegin.o
                0x0000000008005110                PROVIDE (__init_array_end = .)
                0x0000000008005110                . = ALIGN (0x4)

.fini_array     0x0000000008005110        0x4
                0x0000000008005110                . = ALIGN (0x4)
                [!provide]                        PROVIDE (__fini_array_start = .)
 *(SORT_BY_NAME(.fini_array.*))
 *(.fini_array*)
 .fini_array    0x0000000008005110        0x4 C:/ST/STM32CubeIDE_1.13.2/STM32CubeIDE/plugins/com.st.stm32cube.ide.mcu.externaltools.gnu-tools-for-stm32.11.3.rel1.win32_1.1.1.202309131626/tools/bin/../lib/gcc/arm-none-eabi/11.3.1/thumb/v7-m/nofp/crtbegin.o
                [!provide]                        PROVIDE (__fini_array_end = .)
                0x0000000008005114                . = ALIGN (0x4)
                0x0000000008005114                _sidata = LOADADDR (.data)

.data           0x0000000020000000       0xa8 load address 0x0000000008005114
                0x0000000020000000                . = ALIGN (0x4)
                0x0000000020000000                _sdata = .
 *(.data)
 *(.data*)
 .data.gWIZNETINFO2
                0x0000000020000000       0x17 ./Core/Src/main.o
                0x0000000020000000                gWIZNETINFO2
 *fill*         0x0000000020000017        0x1 
 .data.SystemCoreClock
                0x0000000020000018        0x4 ./Core/Src/system_stm32f1xx.o
                0x0000000020000018                SystemCoreClock
 .data.sock_any_port
                0x000000002000001c        0x2 ./Core/Src/w5500/socket.o
 *fill*         0x000000002000001e        0x2 
 .data.WIZCHIP  0x0000000020000020       0x2c ./Core/Src/w5500/wizchip_conf.o
                0x0000000020000020                WIZCHIP
 .data.uwTickPrio
                0x000000002000004c        0x4 ./Drivers/STM32F1xx_HAL_Driver/Src/stm32f1xx_hal.o
                0x000000002000004c                uwTickPrio
 .data.uwTickFreq
                0x0000000020000050        0x1 ./Drivers/STM32F1xx_HAL_Driver/Src/stm32f1xx_hal.o
                0x0000000020000050                uwTickFreq
 *fill*         0x0000000020000051        0x3 
 .data.uxCriticalNesting
                0x0000000020000054        0x4 ./Middlewares/Third_Party/FreeRTOS/Source/portable/GCC/ARM_CM3/port.o
 .data._impure_data
                0x0000000020000058       0x4c C:/ST/STM32CubeIDE_1.13.2/STM32CubeIDE/plugins/com.st.stm32cube.ide.mcu.externaltools.gnu-tools-for-stm32.11.3.rel1.win32_1.1.1.202309131626/tools/bin/../lib/gcc/arm-none-eabi/11.3.1/../../../../arm-none-eabi/lib/thumb/v7-m/nofp\libc_nano.a(libc_a-impure.o)
                0x0000000020000058                _impure_data
 .data._impure_ptr
                0x00000000200000a4        0x4 C:/ST/STM32CubeIDE_1.13.2/STM32CubeIDE/plugins/com.st.stm32cube.ide.mcu.externaltools.gnu-tools-for-stm32.11.3.rel1.win32_1.1.1.202309131626/tools/bin/../lib/gcc/arm-none-eabi/11.3.1/../../../../arm-none-eabi/lib/thumb/v7-m/nofp\libc_nano.a(libc_a-impure.o)
                0x00000000200000a4                _impure_ptr
 *(.RamFunc)
 *(.RamFunc*)
                0x00000000200000a8                . = ALIGN (0x4)
                0x00000000200000a8                _edata = .

.igot.plt       0x00000000200000a8        0x0 load address 0x00000000080051bc
 .igot.plt      0x00000000200000a8        0x0 C:/ST/STM32CubeIDE_1.13.2/STM32CubeIDE/plugins/com.st.stm32cube.ide.mcu.externaltools.gnu-tools-for-stm32.11.3.rel1.win32_1.1.1.202309131626/tools/bin/../lib/gcc/arm-none-eabi/11.3.1/thumb/v7-m/nofp/crtbegin.o
                0x00000000200000a8                . = ALIGN (0x4)

.bss            0x00000000200000a8     0x15d4 load address 0x00000000080051bc
                0x00000000200000a8                _sbss = .
                0x00000000200000a8                __bss_start__ = _sbss
 *(.bss)
 .bss           0x00000000200000a8       0x1c C:/ST/STM32CubeIDE_1.13.2/STM32CubeIDE/plugins/com.st.stm32cube.ide.mcu.externaltools.gnu-tools-for-stm32.11.3.rel1.win32_1.1.1.202309131626/tools/bin/../lib/gcc/arm-none-eabi/11.3.1/thumb/v7-m/nofp/crtbegin.o
 *(.bss*)
 .bss.xIdleTaskTCBBuffer
                0x00000000200000c4       0xa0 ./Core/Src/freertos.o
 .bss.xIdleStack
                0x0000000020000164      0x200 ./Core/Src/freertos.o
 .bss.hspi1     0x0000000020000364       0x58 ./Core/Src/main.o
                0x0000000020000364                hspi1
 .bss.TelnetServerHandle
                0x00000000200003bc        0x4 ./Core/Src/main.o
                0x00000000200003bc                TelnetServerHandle
 .bss.ModbusTaskHandle
                0x00000000200003c0        0x4 ./Core/Src/main.o
                0x00000000200003c0                ModbusTaskHandle
 .bss.buffer    0x00000000200003c4      0x400 ./Core/Src/w5500/TelnetSession.o
                0x00000000200003c4                buffer
 .bss.telnetSocket
                0x00000000200007c4        0x1 ./Core/Src/w5500/TelnetSession.o
                0x00000000200007c4                telnetSocket
 *fill*         0x00000000200007c5        0x1 
 .bss.sock_io_mode
                0x00000000200007c6        0x2 ./Core/Src/w5500/socket.o
 .bss.sock_is_sending
                0x00000000200007c8        0x2 ./Core/Src/w5500/socket.o
 *fill*         0x00000000200007ca        0x2 
 .bss.sock_remained_size
                0x00000000200007cc       0x10 ./Core/Src/w5500/socket.o
 .bss.sock_pack_info
                0x00000000200007dc        0x8 ./Core/Src/w5500/socket.o
                0x00000000200007dc                sock_pack_info
 .bss._DNS_     0x00000000200007e4        0x4 ./Core/Src/w5500/wizchip_conf.o
 .bss._DHCP_    0x00000000200007e8        0x1 ./Core/Src/w5500/wizchip_conf.o
 *fill*         0x00000000200007e9        0x3 
 .bss.uwTick    0x00000000200007ec        0x4 ./Drivers/STM32F1xx_HAL_Driver/Src/stm32f1xx_hal.o
                0x00000000200007ec                uwTick
 .bss.pxCurrentTCB
                0x00000000200007f0        0x4 ./Middlewares/Third_Party/FreeRTOS/Source/tasks.o
                0x00000000200007f0                pxCurrentTCB
 .bss.pxReadyTasksLists
                0x00000000200007f4       0x8c ./Middlewares/Third_Party/FreeRTOS/Source/tasks.o
 .bss.xDelayedTaskList1
                0x0000000020000880       0x14 ./Middlewares/Third_Party/FreeRTOS/Source/tasks.o
 .bss.xDelayedTaskList2
                0x0000000020000894       0x14 ./Middlewares/Third_Party/FreeRTOS/Source/tasks.o
 .bss.pxDelayedTaskList
                0x00000000200008a8        0x4 ./Middlewares/Third_Party/FreeRTOS/Source/tasks.o
 .bss.pxOverflowDelayedTaskList
                0x00000000200008ac        0x4 ./Middlewares/Third_Party/FreeRTOS/Source/tasks.o
 .bss.xPendingReadyList
                0x00000000200008b0       0x14 ./Middlewares/Third_Party/FreeRTOS/Source/tasks.o
 .bss.xTasksWaitingTermination
                0x00000000200008c4       0x14 ./Middlewares/Third_Party/FreeRTOS/Source/tasks.o
 .bss.uxDeletedTasksWaitingCleanUp
                0x00000000200008d8        0x4 ./Middlewares/Third_Party/FreeRTOS/Source/tasks.o
 .bss.xSuspendedTaskList
                0x00000000200008dc       0x14 ./Middlewares/Third_Party/FreeRTOS/Source/tasks.o
 .bss.uxCurrentNumberOfTasks
                0x00000000200008f0        0x4 ./Middlewares/Third_Party/FreeRTOS/Source/tasks.o
 .bss.xTickCount
                0x00000000200008f4        0x4 ./Middlewares/Third_Party/FreeRTOS/Source/tasks.o
 .bss.uxTopReadyPriority
                0x00000000200008f8        0x4 ./Middlewares/Third_Party/FreeRTOS/Source/tasks.o
 .bss.xSchedulerRunning
                0x00000000200008fc        0x4 ./Middlewares/Third_Party/FreeRTOS/Source/tasks.o
 .bss.uxPendedTicks
                0x0000000020000900        0x4 ./Middlewares/Third_Party/FreeRTOS/Source/tasks.o
 .bss.xYieldPending
                0x0000000020000904        0x4 ./Middlewares/Third_Party/FreeRTOS/Source/tasks.o
 .bss.xNumOfOverflows
                0x0000000020000908        0x4 ./Middlewares/Third_Party/FreeRTOS/Source/tasks.o
 .bss.uxTaskNumber
                0x000000002000090c        0x4 ./Middlewares/Third_Party/FreeRTOS/Source/tasks.o
 .bss.xNextTaskUnblockTime
                0x0000000020000910        0x4 ./Middlewares/Third_Party/FreeRTOS/Source/tasks.o
 .bss.xIdleTaskHandle
                0x0000000020000914        0x4 ./Middlewares/Third_Party/FreeRTOS/Source/tasks.o
 .bss.uxSchedulerSuspended
                0x0000000020000918        0x4 ./Middlewares/Third_Party/FreeRTOS/Source/tasks.o
 .bss.ucMaxSysCallPriority
                0x000000002000091c        0x1 ./Middlewares/Third_Party/FreeRTOS/Source/portable/GCC/ARM_CM3/port.o
 *fill*         0x000000002000091d        0x3 
 .bss.ulMaxPRIGROUPValue
                0x0000000020000920        0x4 ./Middlewares/Third_Party/FreeRTOS/Source/portable/GCC/ARM_CM3/port.o
 .bss.ucHeap    0x0000000020000924      0xc00 ./Middlewares/Third_Party/FreeRTOS/Source/portable/MemMang/heap_4.o
 .bss.xStart    0x0000000020001524        0x8 ./Middlewares/Third_Party/FreeRTOS/Source/portable/MemMang/heap_4.o
 .bss.pxEnd     0x000000002000152c        0x4 ./Middlewares/Third_Party/FreeRTOS/Source/portable/MemMang/heap_4.o
 .bss.xFreeBytesRemaining
                0x0000000020001530        0x4 ./Middlewares/Third_Party/FreeRTOS/Source/portable/MemMang/heap_4.o
 .bss.xMinimumEverFreeBytesRemaining
                0x0000000020001534        0x4 ./Middlewares/Third_Party/FreeRTOS/Source/portable/MemMang/heap_4.o
 .bss.xBlockAllocatedBit
                0x0000000020001538        0x4 ./Middlewares/Third_Party/FreeRTOS/Source/portable/MemMang/heap_4.o
 .bss.__sf      0x000000002000153c      0x138 C:/ST/STM32CubeIDE_1.13.2/STM32CubeIDE/plugins/com.st.stm32cube.ide.mcu.externaltools.gnu-tools-for-stm32.11.3.rel1.win32_1.1.1.202309131626/tools/bin/../lib/gcc/arm-none-eabi/11.3.1/../../../../arm-none-eabi/lib/thumb/v7-m/nofp\libc_nano.a(libc_a-findfp.o)
                0x000000002000153c                __sf
 .bss.__lock___malloc_recursive_mutex
                0x0000000020001674        0x1 C:/ST/STM32CubeIDE_1.13.2/STM32CubeIDE/plugins/com.st.stm32cube.ide.mcu.externaltools.gnu-tools-for-stm32.11.3.rel1.win32_1.1.1.202309131626/tools/bin/../lib/gcc/arm-none-eabi/11.3.1/../../../../arm-none-eabi/lib/thumb/v7-m/nofp\libc_nano.a(libc_a-lock.o)
                0x0000000020001674                __lock___malloc_recursive_mutex
 *fill*         0x0000000020001675        0x3 
 .bss.__malloc_free_list
                0x0000000020001678        0x4 C:/ST/STM32CubeIDE_1.13.2/STM32CubeIDE/plugins/com.st.stm32cube.ide.mcu.externaltools.gnu-tools-for-stm32.11.3.rel1.win32_1.1.1.202309131626/tools/bin/../lib/gcc/arm-none-eabi/11.3.1/../../../../arm-none-eabi/lib/thumb/v7-m/nofp\libc_nano.a(libc_a-mallocr.o)
                0x0000000020001678                __malloc_free_list
 *(COMMON)
                0x000000002000167c                . = ALIGN (0x4)
                0x000000002000167c                _ebss = .
                0x000000002000167c                __bss_end__ = _ebss

._user_heap_stack
                0x000000002000167c      0x604 load address 0x00000000080051bc
                0x0000000020001680                . = ALIGN (0x8)
 *fill*         0x000000002000167c        0x4 
                [!provide]                        PROVIDE (end = .)
                0x0000000020001680                PROVIDE (_end = .)
                0x0000000020001880                . = (. + _Min_Heap_Size)
 *fill*         0x0000000020001680      0x200 
                0x0000000020001c80                . = (. + _Min_Stack_Size)
 *fill*         0x0000000020001880      0x400 
                0x0000000020001c80                . = ALIGN (0x8)

/DISCARD/
 libc.a(*)
 libm.a(*)
 libgcc.a(*)

.ARM.attributes
                0x0000000000000000       0x29
 *(.ARM.attributes)
 .ARM.attributes
                0x0000000000000000       0x1d C:/ST/STM32CubeIDE_1.13.2/STM32CubeIDE/plugins/com.st.stm32cube.ide.mcu.externaltools.gnu-tools-for-stm32.11.3.rel1.win32_1.1.1.202309131626/tools/bin/../lib/gcc/arm-none-eabi/11.3.1/thumb/v7-m/nofp/crti.o
 .ARM.attributes
                0x000000000000001d       0x2d C:/ST/STM32CubeIDE_1.13.2/STM32CubeIDE/plugins/com.st.stm32cube.ide.mcu.externaltools.gnu-tools-for-stm32.11.3.rel1.win32_1.1.1.202309131626/tools/bin/../lib/gcc/arm-none-eabi/11.3.1/thumb/v7-m/nofp/crtbegin.o
 .ARM.attributes
                0x000000000000004a       0x2d ./Core/Src/freertos.o
 .ARM.attributes
                0x0000000000000077       0x2d ./Core/Src/main.o
 .ARM.attributes
                0x00000000000000a4       0x2d ./Core/Src/stm32f1xx_hal_msp.o
 .ARM.attributes
                0x00000000000000d1       0x2d ./Core/Src/stm32f1xx_it.o
 .ARM.attributes
                0x00000000000000fe       0x2d ./Core/Src/system_stm32f1xx.o
 .ARM.attributes
                0x000000000000012b       0x2d ./Core/Src/w5500/TelnetSession.o
 .ARM.attributes
                0x0000000000000158       0x2d ./Core/Src/w5500/socket.o
 .ARM.attributes
                0x0000000000000185       0x2d ./Core/Src/w5500/w5500_spi.o
 .ARM.attributes
                0x00000000000001b2       0x2d ./Core/Src/w5500/wizchip_conf.o
 .ARM.attributes
                0x00000000000001df       0x2d ./Core/Src/w5500/W5500/w5500.o
 .ARM.attributes
                0x000000000000020c       0x21 ./Core/Startup/startup_stm32f103c8tx.o
 .ARM.attributes
                0x000000000000022d       0x2d ./Drivers/STM32F1xx_HAL_Driver/Src/stm32f1xx_hal.o
 .ARM.attributes
                0x000000000000025a       0x2d ./Drivers/STM32F1xx_HAL_Driver/Src/stm32f1xx_hal_cortex.o
 .ARM.attributes
                0x0000000000000287       0x2d ./Drivers/STM32F1xx_HAL_Driver/Src/stm32f1xx_hal_gpio.o
 .ARM.attributes
                0x00000000000002b4       0x2d ./Drivers/STM32F1xx_HAL_Driver/Src/stm32f1xx_hal_rcc.o
 .ARM.attributes
                0x00000000000002e1       0x2d ./Drivers/STM32F1xx_HAL_Driver/Src/stm32f1xx_hal_spi.o
 .ARM.attributes
                0x000000000000030e       0x2d ./Middlewares/Third_Party/FreeRTOS/Source/CMSIS_RTOS/cmsis_os.o
 .ARM.attributes
                0x000000000000033b       0x2d ./Middlewares/Third_Party/FreeRTOS/Source/list.o
 .ARM.attributes
                0x0000000000000368       0x2d ./Middlewares/Third_Party/FreeRTOS/Source/tasks.o
 .ARM.attributes
                0x0000000000000395       0x2d ./Middlewares/Third_Party/FreeRTOS/Source/portable/GCC/ARM_CM3/port.o
 .ARM.attributes
                0x00000000000003c2       0x2d ./Middlewares/Third_Party/FreeRTOS/Source/portable/MemMang/heap_4.o
 .ARM.attributes
                0x00000000000003ef       0x2d C:/ST/STM32CubeIDE_1.13.2/STM32CubeIDE/plugins/com.st.stm32cube.ide.mcu.externaltools.gnu-tools-for-stm32.11.3.rel1.win32_1.1.1.202309131626/tools/bin/../lib/gcc/arm-none-eabi/11.3.1/../../../../arm-none-eabi/lib/thumb/v7-m/nofp\libc_nano.a(libc_a-findfp.o)
 .ARM.attributes
                0x000000000000041c       0x2d C:/ST/STM32CubeIDE_1.13.2/STM32CubeIDE/plugins/com.st.stm32cube.ide.mcu.externaltools.gnu-tools-for-stm32.11.3.rel1.win32_1.1.1.202309131626/tools/bin/../lib/gcc/arm-none-eabi/11.3.1/../../../../arm-none-eabi/lib/thumb/v7-m/nofp\libc_nano.a(libc_a-memset.o)
 .ARM.attributes
                0x0000000000000449       0x2d C:/ST/STM32CubeIDE_1.13.2/STM32CubeIDE/plugins/com.st.stm32cube.ide.mcu.externaltools.gnu-tools-for-stm32.11.3.rel1.win32_1.1.1.202309131626/tools/bin/../lib/gcc/arm-none-eabi/11.3.1/../../../../arm-none-eabi/lib/thumb/v7-m/nofp\libc_nano.a(libc_a-reent.o)
 .ARM.attributes
                0x0000000000000476       0x2d C:/ST/STM32CubeIDE_1.13.2/STM32CubeIDE/plugins/com.st.stm32cube.ide.mcu.externaltools.gnu-tools-for-stm32.11.3.rel1.win32_1.1.1.202309131626/tools/bin/../lib/gcc/arm-none-eabi/11.3.1/../../../../arm-none-eabi/lib/thumb/v7-m/nofp\libc_nano.a(libc_a-impure.o)
 .ARM.attributes
                0x00000000000004a3       0x2d C:/ST/STM32CubeIDE_1.13.2/STM32CubeIDE/plugins/com.st.stm32cube.ide.mcu.externaltools.gnu-tools-for-stm32.11.3.rel1.win32_1.1.1.202309131626/tools/bin/../lib/gcc/arm-none-eabi/11.3.1/../../../../arm-none-eabi/lib/thumb/v7-m/nofp\libc_nano.a(libc_a-init.o)
 .ARM.attributes
                0x00000000000004d0       0x2d C:/ST/STM32CubeIDE_1.13.2/STM32CubeIDE/plugins/com.st.stm32cube.ide.mcu.externaltools.gnu-tools-for-stm32.11.3.rel1.win32_1.1.1.202309131626/tools/bin/../lib/gcc/arm-none-eabi/11.3.1/../../../../arm-none-eabi/lib/thumb/v7-m/nofp\libc_nano.a(libc_a-lock.o)
 .ARM.attributes
                0x00000000000004fd       0x17 C:/ST/STM32CubeIDE_1.13.2/STM32CubeIDE/plugins/com.st.stm32cube.ide.mcu.externaltools.gnu-tools-for-stm32.11.3.rel1.win32_1.1.1.202309131626/tools/bin/../lib/gcc/arm-none-eabi/11.3.1/../../../../arm-none-eabi/lib/thumb/v7-m/nofp\libc_nano.a(libc_a-strlen.o)
 .ARM.attributes
                0x0000000000000514       0x2d C:/ST/STM32CubeIDE_1.13.2/STM32CubeIDE/plugins/com.st.stm32cube.ide.mcu.externaltools.gnu-tools-for-stm32.11.3.rel1.win32_1.1.1.202309131626/tools/bin/../lib/gcc/arm-none-eabi/11.3.1/../../../../arm-none-eabi/lib/thumb/v7-m/nofp\libc_nano.a(libc_a-freer.o)
 .ARM.attributes
                0x0000000000000541       0x2d C:/ST/STM32CubeIDE_1.13.2/STM32CubeIDE/plugins/com.st.stm32cube.ide.mcu.externaltools.gnu-tools-for-stm32.11.3.rel1.win32_1.1.1.202309131626/tools/bin/../lib/gcc/arm-none-eabi/11.3.1/../../../../arm-none-eabi/lib/thumb/v7-m/nofp\libc_nano.a(libc_a-mallocr.o)
 .ARM.attributes
                0x000000000000056e       0x2d C:/ST/STM32CubeIDE_1.13.2/STM32CubeIDE/plugins/com.st.stm32cube.ide.mcu.externaltools.gnu-tools-for-stm32.11.3.rel1.win32_1.1.1.202309131626/tools/bin/../lib/gcc/arm-none-eabi/11.3.1/../../../../arm-none-eabi/lib/thumb/v7-m/nofp\libc_nano.a(libc_a-mlock.o)
 .ARM.attributes
                0x000000000000059b       0x1d C:/ST/STM32CubeIDE_1.13.2/STM32CubeIDE/plugins/com.st.stm32cube.ide.mcu.externaltools.gnu-tools-for-stm32.11.3.rel1.win32_1.1.1.202309131626/tools/bin/../lib/gcc/arm-none-eabi/11.3.1/thumb/v7-m/nofp/crtn.o
OUTPUT(ModbusTelnet.elf elf32-littlearm)
LOAD linker stubs
LOAD C:/ST/STM32CubeIDE_1.13.2/STM32CubeIDE/plugins/com.st.stm32cube.ide.mcu.externaltools.gnu-tools-for-stm32.11.3.rel1.win32_1.1.1.202309131626/tools/bin/../lib/gcc/arm-none-eabi/11.3.1/../../../../arm-none-eabi/lib/thumb/v7-m/nofp\libc.a
LOAD C:/ST/STM32CubeIDE_1.13.2/STM32CubeIDE/plugins/com.st.stm32cube.ide.mcu.externaltools.gnu-tools-for-stm32.11.3.rel1.win32_1.1.1.202309131626/tools/bin/../lib/gcc/arm-none-eabi/11.3.1/../../../../arm-none-eabi/lib/thumb/v7-m/nofp\libm.a
LOAD C:/ST/STM32CubeIDE_1.13.2/STM32CubeIDE/plugins/com.st.stm32cube.ide.mcu.externaltools.gnu-tools-for-stm32.11.3.rel1.win32_1.1.1.202309131626/tools/bin/../lib/gcc/arm-none-eabi/11.3.1/thumb/v7-m/nofp\libgcc.a

.comment        0x0000000000000000       0x43
 .comment       0x0000000000000000       0x43 C:/ST/STM32CubeIDE_1.13.2/STM32CubeIDE/plugins/com.st.stm32cube.ide.mcu.externaltools.gnu-tools-for-stm32.11.3.rel1.win32_1.1.1.202309131626/tools/bin/../lib/gcc/arm-none-eabi/11.3.1/thumb/v7-m/nofp/crtbegin.o
                                         0x44 (size before relaxing)
 .comment       0x0000000000000043       0x44 ./Core/Src/freertos.o
 .comment       0x0000000000000043       0x44 ./Core/Src/main.o
 .comment       0x0000000000000043       0x44 ./Core/Src/stm32f1xx_hal_msp.o
 .comment       0x0000000000000043       0x44 ./Core/Src/stm32f1xx_it.o
 .comment       0x0000000000000043       0x44 ./Core/Src/system_stm32f1xx.o
 .comment       0x0000000000000043       0x44 ./Core/Src/w5500/TelnetSession.o
 .comment       0x0000000000000043       0x44 ./Core/Src/w5500/socket.o
 .comment       0x0000000000000043       0x44 ./Core/Src/w5500/w5500_spi.o
 .comment       0x0000000000000043       0x44 ./Core/Src/w5500/wizchip_conf.o
 .comment       0x0000000000000043       0x44 ./Core/Src/w5500/W5500/w5500.o
 .comment       0x0000000000000043       0x44 ./Drivers/STM32F1xx_HAL_Driver/Src/stm32f1xx_hal.o
 .comment       0x0000000000000043       0x44 ./Drivers/STM32F1xx_HAL_Driver/Src/stm32f1xx_hal_cortex.o
 .comment       0x0000000000000043       0x44 ./Drivers/STM32F1xx_HAL_Driver/Src/stm32f1xx_hal_gpio.o
 .comment       0x0000000000000043       0x44 ./Drivers/STM32F1xx_HAL_Driver/Src/stm32f1xx_hal_rcc.o
 .comment       0x0000000000000043       0x44 ./Drivers/STM32F1xx_HAL_Driver/Src/stm32f1xx_hal_spi.o
 .comment       0x0000000000000043       0x44 ./Middlewares/Third_Party/FreeRTOS/Source/CMSIS_RTOS/cmsis_os.o
 .comment       0x0000000000000043       0x44 ./Middlewares/Third_Party/FreeRTOS/Source/list.o
 .comment       0x0000000000000043       0x44 ./Middlewares/Third_Party/FreeRTOS/Source/tasks.o
 .comment       0x0000000000000043       0x44 ./Middlewares/Third_Party/FreeRTOS/Source/portable/GCC/ARM_CM3/port.o
 .comment       0x0000000000000043       0x44 ./Middlewares/Third_Party/FreeRTOS/Source/portable/MemMang/heap_4.o

.debug_info     0x0000000000000000     0xd492
 .debug_info    0x0000000000000000      0x918 ./Core/Src/freertos.o
 .debug_info    0x0000000000000918     0x15ef ./Core/Src/main.o
 .debug_info    0x0000000000001f07      0x986 ./Core/Src/stm32f1xx_hal_msp.o
 .debug_info    0x000000000000288d      0x122 ./Core/Src/stm32f1xx_it.o
 .debug_info    0x00000000000029af      0x222 ./Core/Src/system_stm32f1xx.o
 .debug_info    0x0000000000002bd1      0x35b ./Core/Src/w5500/TelnetSession.o
 .debug_info    0x0000000000002f2c      0x727 ./Core/Src/w5500/socket.o
 .debug_info    0x0000000000003653      0x8ee ./Core/Src/w5500/w5500_spi.o
 .debug_info    0x0000000000003f41      0xc76 ./Core/Src/w5500/wizchip_conf.o
 .debug_info    0x0000000000004bb7      0x539 ./Core/Src/w5500/W5500/w5500.o
 .debug_info    0x00000000000050f0       0x23 ./Core/Startup/startup_stm32f103c8tx.o
 .debug_info    0x0000000000005113      0x704 ./Drivers/STM32F1xx_HAL_Driver/Src/stm32f1xx_hal.o
 .debug_info    0x0000000000005817      0xa87 ./Drivers/STM32F1xx_HAL_Driver/Src/stm32f1xx_hal_cortex.o
 .debug_info    0x000000000000629e      0x5ab ./Drivers/STM32F1xx_HAL_Driver/Src/stm32f1xx_hal_gpio.o
 .debug_info    0x0000000000006849      0x7d5 ./Drivers/STM32F1xx_HAL_Driver/Src/stm32f1xx_hal_rcc.o
 .debug_info    0x000000000000701e     0x1503 ./Drivers/STM32F1xx_HAL_Driver/Src/stm32f1xx_hal_spi.o
 .debug_info    0x0000000000008521     0x21be ./Middlewares/Third_Party/FreeRTOS/Source/CMSIS_RTOS/cmsis_os.o
 .debug_info    0x000000000000a6df      0x2aa ./Middlewares/Third_Party/FreeRTOS/Source/list.o
 .debug_info    0x000000000000a989     0x22b2 ./Middlewares/Third_Party/FreeRTOS/Source/tasks.o
 .debug_info    0x000000000000cc3b      0x494 ./Middlewares/Third_Party/FreeRTOS/Source/portable/GCC/ARM_CM3/port.o
 .debug_info    0x000000000000d0cf      0x3c3 ./Middlewares/Third_Party/FreeRTOS/Source/portable/MemMang/heap_4.o

.debug_abbrev   0x0000000000000000     0x2c7c
 .debug_abbrev  0x0000000000000000      0x16f ./Core/Src/freertos.o
 .debug_abbrev  0x000000000000016f      0x31c ./Core/Src/main.o
 .debug_abbrev  0x000000000000048b      0x1c2 ./Core/Src/stm32f1xx_hal_msp.o
 .debug_abbrev  0x000000000000064d       0xac ./Core/Src/stm32f1xx_it.o
 .debug_abbrev  0x00000000000006f9      0x13f ./Core/Src/system_stm32f1xx.o
 .debug_abbrev  0x0000000000000838      0x1a9 ./Core/Src/w5500/TelnetSession.o
 .debug_abbrev  0x00000000000009e1      0x1c1 ./Core/Src/w5500/socket.o
 .debug_abbrev  0x0000000000000ba2      0x256 ./Core/Src/w5500/w5500_spi.o
 .debug_abbrev  0x0000000000000df8      0x321 ./Core/Src/w5500/wizchip_conf.o
 .debug_abbrev  0x0000000000001119      0x21f ./Core/Src/w5500/W5500/w5500.o
 .debug_abbrev  0x0000000000001338       0x12 ./Core/Startup/startup_stm32f103c8tx.o
 .debug_abbrev  0x000000000000134a      0x201 ./Drivers/STM32F1xx_HAL_Driver/Src/stm32f1xx_hal.o
 .debug_abbrev  0x000000000000154b      0x2f8 ./Drivers/STM32F1xx_HAL_Driver/Src/stm32f1xx_hal_cortex.o
 .debug_abbrev  0x0000000000001843      0x1ca ./Drivers/STM32F1xx_HAL_Driver/Src/stm32f1xx_hal_gpio.o
 .debug_abbrev  0x0000000000001a0d      0x2b3 ./Drivers/STM32F1xx_HAL_Driver/Src/stm32f1xx_hal_rcc.o
 .debug_abbrev  0x0000000000001cc0      0x284 ./Drivers/STM32F1xx_HAL_Driver/Src/stm32f1xx_hal_spi.o
 .debug_abbrev  0x0000000000001f44      0x416 ./Middlewares/Third_Party/FreeRTOS/Source/CMSIS_RTOS/cmsis_os.o
 .debug_abbrev  0x000000000000235a       0xf5 ./Middlewares/Third_Party/FreeRTOS/Source/list.o
 .debug_abbrev  0x000000000000244f      0x3d0 ./Middlewares/Third_Party/FreeRTOS/Source/tasks.o
 .debug_abbrev  0x000000000000281f      0x258 ./Middlewares/Third_Party/FreeRTOS/Source/portable/GCC/ARM_CM3/port.o
 .debug_abbrev  0x0000000000002a77      0x205 ./Middlewares/Third_Party/FreeRTOS/Source/portable/MemMang/heap_4.o

.debug_aranges  0x0000000000000000      0xd00
 .debug_aranges
                0x0000000000000000       0x20 ./Core/Src/freertos.o
 .debug_aranges
                0x0000000000000020       0x50 ./Core/Src/main.o
 .debug_aranges
                0x0000000000000070       0x30 ./Core/Src/stm32f1xx_hal_msp.o
 .debug_aranges
                0x00000000000000a0       0x50 ./Core/Src/stm32f1xx_it.o
 .debug_aranges
                0x00000000000000f0       0x28 ./Core/Src/system_stm32f1xx.o
 .debug_aranges
                0x0000000000000118       0x40 ./Core/Src/w5500/TelnetSession.o
 .debug_aranges
                0x0000000000000158       0x78 ./Core/Src/w5500/socket.o
 .debug_aranges
                0x00000000000001d0       0x50 ./Core/Src/w5500/w5500_spi.o
 .debug_aranges
                0x0000000000000220      0x138 ./Core/Src/w5500/wizchip_conf.o
 .debug_aranges
                0x0000000000000358       0x60 ./Core/Src/w5500/W5500/w5500.o
 .debug_aranges
                0x00000000000003b8       0x28 ./Core/Startup/startup_stm32f103c8tx.o
 .debug_aranges
                0x00000000000003e0       0xe0 ./Drivers/STM32F1xx_HAL_Driver/Src/stm32f1xx_hal.o
 .debug_aranges
                0x00000000000004c0      0x100 ./Drivers/STM32F1xx_HAL_Driver/Src/stm32f1xx_hal_cortex.o
 .debug_aranges
                0x00000000000005c0       0x58 ./Drivers/STM32F1xx_HAL_Driver/Src/stm32f1xx_hal_gpio.o
 .debug_aranges
                0x0000000000000618       0x90 ./Drivers/STM32F1xx_HAL_Driver/Src/stm32f1xx_hal_rcc.o
 .debug_aranges
                0x00000000000006a8      0x1d0 ./Drivers/STM32F1xx_HAL_Driver/Src/stm32f1xx_hal_spi.o
 .debug_aranges
                0x0000000000000878      0x1d8 ./Middlewares/Third_Party/FreeRTOS/Source/CMSIS_RTOS/cmsis_os.o
 .debug_aranges
                0x0000000000000a50       0x40 ./Middlewares/Third_Party/FreeRTOS/Source/list.o
 .debug_aranges
                0x0000000000000a90      0x1a8 ./Middlewares/Third_Party/FreeRTOS/Source/tasks.o
 .debug_aranges
                0x0000000000000c38       0x78 ./Middlewares/Third_Party/FreeRTOS/Source/portable/GCC/ARM_CM3/port.o
 .debug_aranges
                0x0000000000000cb0       0x50 ./Middlewares/Third_Party/FreeRTOS/Source/portable/MemMang/heap_4.o

.debug_rnglists
                0x0000000000000000      0x9d1
 .debug_rnglists
                0x0000000000000000       0x13 ./Core/Src/freertos.o
 .debug_rnglists
                0x0000000000000013       0x3a ./Core/Src/main.o
 .debug_rnglists
                0x000000000000004d       0x20 ./Core/Src/stm32f1xx_hal_msp.o
 .debug_rnglists
                0x000000000000006d       0x37 ./Core/Src/stm32f1xx_it.o
 .debug_rnglists
                0x00000000000000a4       0x1a ./Core/Src/system_stm32f1xx.o
 .debug_rnglists
                0x00000000000000be       0x2c ./Core/Src/w5500/TelnetSession.o
 .debug_rnglists
                0x00000000000000ea       0x6d ./Core/Src/w5500/socket.o
 .debug_rnglists
                0x0000000000000157       0x38 ./Core/Src/w5500/w5500_spi.o
 .debug_rnglists
                0x000000000000018f       0xed ./Core/Src/w5500/wizchip_conf.o
 .debug_rnglists
                0x000000000000027c       0x4c ./Core/Src/w5500/W5500/w5500.o
 .debug_rnglists
                0x00000000000002c8       0x19 ./Core/Startup/startup_stm32f103c8tx.o
 .debug_rnglists
                0x00000000000002e1       0xa3 ./Drivers/STM32F1xx_HAL_Driver/Src/stm32f1xx_hal.o
 .debug_rnglists
                0x0000000000000384       0xbb ./Drivers/STM32F1xx_HAL_Driver/Src/stm32f1xx_hal_cortex.o
 .debug_rnglists
                0x000000000000043f       0x3f ./Drivers/STM32F1xx_HAL_Driver/Src/stm32f1xx_hal_gpio.o
 .debug_rnglists
                0x000000000000047e       0x6c ./Drivers/STM32F1xx_HAL_Driver/Src/stm32f1xx_hal_rcc.o
 .debug_rnglists
                0x00000000000004ea      0x16e ./Drivers/STM32F1xx_HAL_Driver/Src/stm32f1xx_hal_spi.o
 .debug_rnglists
                0x0000000000000658      0x16a ./Middlewares/Third_Party/FreeRTOS/Source/CMSIS_RTOS/cmsis_os.o
 .debug_rnglists
                0x00000000000007c2       0x2b ./Middlewares/Third_Party/FreeRTOS/Source/list.o
 .debug_rnglists
                0x00000000000007ed      0x153 ./Middlewares/Third_Party/FreeRTOS/Source/tasks.o
 .debug_rnglists
                0x0000000000000940       0x56 ./Middlewares/Third_Party/FreeRTOS/Source/portable/GCC/ARM_CM3/port.o
 .debug_rnglists
                0x0000000000000996       0x3b ./Middlewares/Third_Party/FreeRTOS/Source/portable/MemMang/heap_4.o

.debug_macro    0x0000000000000000    0x19129
 .debug_macro   0x0000000000000000      0x29d ./Core/Src/freertos.o
 .debug_macro   0x000000000000029d      0xa9c ./Core/Src/freertos.o
 .debug_macro   0x0000000000000d39      0x174 ./Core/Src/freertos.o
 .debug_macro   0x0000000000000ead       0x22 ./Core/Src/freertos.o
 .debug_macro   0x0000000000000ecf       0x8e ./Core/Src/freertos.o
 .debug_macro   0x0000000000000f5d       0x51 ./Core/Src/freertos.o
 .debug_macro   0x0000000000000fae      0x103 ./Core/Src/freertos.o
 .debug_macro   0x00000000000010b1       0x6a ./Core/Src/freertos.o
 .debug_macro   0x000000000000111b      0x1df ./Core/Src/freertos.o
 .debug_macro   0x00000000000012fa       0xd6 ./Core/Src/freertos.o
 .debug_macro   0x00000000000013d0      0x15a ./Core/Src/freertos.o
 .debug_macro   0x000000000000152a       0xd7 ./Core/Src/freertos.o
 .debug_macro   0x0000000000001601       0x10 ./Core/Src/freertos.o
 .debug_macro   0x0000000000001611       0x1f ./Core/Src/freertos.o
 .debug_macro   0x0000000000001630       0x61 ./Core/Src/freertos.o
 .debug_macro   0x0000000000001691       0x24 ./Core/Src/freertos.o
 .debug_macro   0x00000000000016b5       0x43 ./Core/Src/freertos.o
 .debug_macro   0x00000000000016f8       0x34 ./Core/Src/freertos.o
 .debug_macro   0x000000000000172c       0x16 ./Core/Src/freertos.o
 .debug_macro   0x0000000000001742       0x43 ./Core/Src/freertos.o
 .debug_macro   0x0000000000001785       0x34 ./Core/Src/freertos.o
 .debug_macro   0x00000000000017b9       0x10 ./Core/Src/freertos.o
 .debug_macro   0x00000000000017c9       0x58 ./Core/Src/freertos.o
 .debug_macro   0x0000000000001821       0x8e ./Core/Src/freertos.o
 .debug_macro   0x00000000000018af       0x1c ./Core/Src/freertos.o
 .debug_macro   0x00000000000018cb      0x177 ./Core/Src/freertos.o
 .debug_macro   0x0000000000001a42       0x10 ./Core/Src/freertos.o
 .debug_macro   0x0000000000001a52       0x35 ./Core/Src/freertos.o
 .debug_macro   0x0000000000001a87      0x4b1 ./Core/Src/freertos.o
 .debug_macro   0x0000000000001f38       0xb5 ./Core/Src/freertos.o
 .debug_macro   0x0000000000001fed       0x8c ./Core/Src/freertos.o
 .debug_macro   0x0000000000002079      0x215 ./Core/Src/freertos.o
 .debug_macro   0x000000000000228e       0x2e ./Core/Src/freertos.o
 .debug_macro   0x00000000000022bc       0x22 ./Core/Src/freertos.o
 .debug_macro   0x00000000000022de       0x1c ./Core/Src/freertos.o
 .debug_macro   0x00000000000022fa       0x22 ./Core/Src/freertos.o
 .debug_macro   0x000000000000231c       0xbd ./Core/Src/freertos.o
 .debug_macro   0x00000000000023d9      0xd23 ./Core/Src/freertos.o
 .debug_macro   0x00000000000030fc     0xe09e ./Core/Src/freertos.o
 .debug_macro   0x000000000001119a       0x6d ./Core/Src/freertos.o
 .debug_macro   0x0000000000011207     0x348d ./Core/Src/freertos.o
 .debug_macro   0x0000000000014694       0x5c ./Core/Src/freertos.o
 .debug_macro   0x00000000000146f0      0x5bc ./Core/Src/freertos.o
 .debug_macro   0x0000000000014cac      0x289 ./Core/Src/freertos.o
 .debug_macro   0x0000000000014f35      0x1cb ./Core/Src/freertos.o
 .debug_macro   0x0000000000015100      0x114 ./Core/Src/freertos.o
 .debug_macro   0x0000000000015214      0x1b2 ./Core/Src/freertos.o
 .debug_macro   0x00000000000153c6       0x27 ./Core/Src/freertos.o
 .debug_macro   0x00000000000153ed      0x136 ./Core/Src/freertos.o
 .debug_macro   0x0000000000015523      0x1bc ./Core/Src/freertos.o
 .debug_macro   0x00000000000156df       0x34 ./Core/Src/freertos.o
 .debug_macro   0x0000000000015713       0x3c ./Core/Src/freertos.o
 .debug_macro   0x000000000001574f       0x57 ./Core/Src/freertos.o
 .debug_macro   0x00000000000157a6       0x87 ./Core/Src/freertos.o
 .debug_macro   0x000000000001582d      0x240 ./Core/Src/freertos.o
 .debug_macro   0x0000000000015a6d      0x140 ./Core/Src/freertos.o
 .debug_macro   0x0000000000015bad      0x217 ./Core/Src/freertos.o
 .debug_macro   0x0000000000015dc4       0x83 ./Core/Src/freertos.o
 .debug_macro   0x0000000000015e47      0x374 ./Core/Src/main.o
 .debug_macro   0x00000000000161bb       0x6c ./Core/Src/main.o
 .debug_macro   0x0000000000016227      0x5e7 ./Core/Src/main.o
 .debug_macro   0x000000000001680e       0x66 ./Core/Src/main.o
 .debug_macro   0x0000000000016874       0xd8 ./Core/Src/main.o
 .debug_macro   0x000000000001694c      0x369 ./Core/Src/main.o
 .debug_macro   0x0000000000016cb5       0x10 ./Core/Src/main.o
 .debug_macro   0x0000000000016cc5       0x20 ./Core/Src/main.o
 .debug_macro   0x0000000000016ce5       0xd6 ./Core/Src/main.o
 .debug_macro   0x0000000000016dbb       0x16 ./Core/Src/main.o
 .debug_macro   0x0000000000016dd1       0x91 ./Core/Src/main.o
 .debug_macro   0x0000000000016e62       0x8d ./Core/Src/main.o
 .debug_macro   0x0000000000016eef       0x7e ./Core/Src/main.o
 .debug_macro   0x0000000000016f6d       0x19 ./Core/Src/main.o
 .debug_macro   0x0000000000016f86       0xf2 ./Core/Src/main.o
 .debug_macro   0x0000000000017078      0x198 ./Core/Src/stm32f1xx_hal_msp.o
 .debug_macro   0x0000000000017210      0x2a7 ./Core/Src/stm32f1xx_it.o
 .debug_macro   0x00000000000174b7      0x18e ./Core/Src/system_stm32f1xx.o
 .debug_macro   0x0000000000017645      0x2ad ./Core/Src/w5500/TelnetSession.o
 .debug_macro   0x00000000000178f2       0x66 ./Core/Src/w5500/TelnetSession.o
 .debug_macro   0x0000000000017958       0xb8 ./Core/Src/w5500/socket.o
 .debug_macro   0x0000000000017a10      0x288 ./Core/Src/w5500/w5500_spi.o
 .debug_macro   0x0000000000017c98       0x16 ./Core/Src/w5500/w5500_spi.o
 .debug_macro   0x0000000000017cae       0x16 ./Core/Src/w5500/w5500_spi.o
 .debug_macro   0x0000000000017cc4       0x94 ./Core/Src/w5500/wizchip_conf.o
 .debug_macro   0x0000000000017d58       0x9d ./Core/Src/w5500/W5500/w5500.o
 .debug_macro   0x0000000000017df5      0x1b2 ./Drivers/STM32F1xx_HAL_Driver/Src/stm32f1xx_hal.o
 .debug_macro   0x0000000000017fa7      0x18e ./Drivers/STM32F1xx_HAL_Driver/Src/stm32f1xx_hal_cortex.o
 .debug_macro   0x0000000000018135      0x1f9 ./Drivers/STM32F1xx_HAL_Driver/Src/stm32f1xx_hal_gpio.o
 .debug_macro   0x000000000001832e      0x1a0 ./Drivers/STM32F1xx_HAL_Driver/Src/stm32f1xx_hal_rcc.o
 .debug_macro   0x00000000000184ce      0x196 ./Drivers/STM32F1xx_HAL_Driver/Src/stm32f1xx_hal_spi.o
 .debug_macro   0x0000000000018664      0x210 ./Middlewares/Third_Party/FreeRTOS/Source/CMSIS_RTOS/cmsis_os.o
 .debug_macro   0x0000000000018874       0xab ./Middlewares/Third_Party/FreeRTOS/Source/CMSIS_RTOS/cmsis_os.o
 .debug_macro   0x000000000001891f      0x199 ./Middlewares/Third_Party/FreeRTOS/Source/list.o
 .debug_macro   0x0000000000018ab8      0x292 ./Middlewares/Third_Party/FreeRTOS/Source/tasks.o
 .debug_macro   0x0000000000018d4a       0x10 ./Middlewares/Third_Party/FreeRTOS/Source/tasks.o
 .debug_macro   0x0000000000018d5a      0x20f ./Middlewares/Third_Party/FreeRTOS/Source/portable/GCC/ARM_CM3/port.o
 .debug_macro   0x0000000000018f69      0x1c0 ./Middlewares/Third_Party/FreeRTOS/Source/portable/MemMang/heap_4.o

.debug_line     0x0000000000000000     0xee4b
 .debug_line    0x0000000000000000      0x8f7 ./Core/Src/freertos.o
 .debug_line    0x00000000000008f7      0xb8f ./Core/Src/main.o
 .debug_line    0x0000000000001486      0x720 ./Core/Src/stm32f1xx_hal_msp.o
 .debug_line    0x0000000000001ba6      0x9a4 ./Core/Src/stm32f1xx_it.o
 .debug_line    0x000000000000254a      0x749 ./Core/Src/system_stm32f1xx.o
 .debug_line    0x0000000000002c93      0x979 ./Core/Src/w5500/TelnetSession.o
 .debug_line    0x000000000000360c      0xd85 ./Core/Src/w5500/socket.o
 .debug_line    0x0000000000004391      0x93e ./Core/Src/w5500/w5500_spi.o
 .debug_line    0x0000000000004ccf      0xb6f ./Core/Src/w5500/wizchip_conf.o
 .debug_line    0x000000000000583e      0x768 ./Core/Src/w5500/W5500/w5500.o
 .debug_line    0x0000000000005fa6       0x78 ./Core/Startup/startup_stm32f103c8tx.o
 .debug_line    0x000000000000601e      0x976 ./Drivers/STM32F1xx_HAL_Driver/Src/stm32f1xx_hal.o
 .debug_line    0x0000000000006994      0xb5e ./Drivers/STM32F1xx_HAL_Driver/Src/stm32f1xx_hal_cortex.o
 .debug_line    0x00000000000074f2      0xa0f ./Drivers/STM32F1xx_HAL_Driver/Src/stm32f1xx_hal_gpio.o
 .debug_line    0x0000000000007f01      0xd7f ./Drivers/STM32F1xx_HAL_Driver/Src/stm32f1xx_hal_rcc.o
 .debug_line    0x0000000000008c80     0x1bfe ./Drivers/STM32F1xx_HAL_Driver/Src/stm32f1xx_hal_spi.o
 .debug_line    0x000000000000a87e     0x1266 ./Middlewares/Third_Party/FreeRTOS/Source/CMSIS_RTOS/cmsis_os.o
 .debug_line    0x000000000000bae4      0x796 ./Middlewares/Third_Party/FreeRTOS/Source/list.o
 .debug_line    0x000000000000c27a     0x197c ./Middlewares/Third_Party/FreeRTOS/Source/tasks.o
 .debug_line    0x000000000000dbf6      0x8fd ./Middlewares/Third_Party/FreeRTOS/Source/portable/GCC/ARM_CM3/port.o
 .debug_line    0x000000000000e4f3      0x958 ./Middlewares/Third_Party/FreeRTOS/Source/portable/MemMang/heap_4.o

.debug_str      0x0000000000000000    0x8d505
 .debug_str     0x0000000000000000    0x81601 ./Core/Src/freertos.o
                                      0x819c5 (size before relaxing)
 .debug_str     0x0000000000081601     0x70af ./Core/Src/main.o
                                      0x88a41 (size before relaxing)
 .debug_str     0x00000000000886b0      0x314 ./Core/Src/stm32f1xx_hal_msp.o
                                      0x7c7e4 (size before relaxing)
 .debug_str     0x00000000000889c4       0xf0 ./Core/Src/stm32f1xx_it.o
                                      0x8161e (size before relaxing)
 .debug_str     0x0000000000088ab4       0x7e ./Core/Src/system_stm32f1xx.o
                                      0x7c0c0 (size before relaxing)
 .debug_str     0x0000000000088b32       0xef ./Core/Src/w5500/TelnetSession.o
                                      0x821a7 (size before relaxing)
 .debug_str     0x0000000000088c21      0x42e ./Core/Src/w5500/socket.o
                                       0x7032 (size before relaxing)
 .debug_str     0x000000000008904f      0x868 ./Core/Src/w5500/w5500_spi.o
                                      0x828ee (size before relaxing)
 .debug_str     0x00000000000898b7      0x45d ./Core/Src/w5500/wizchip_conf.o
                                       0x72a9 (size before relaxing)
 .debug_str     0x0000000000089d14       0xad ./Core/Src/w5500/W5500/w5500.o
                                       0x69f3 (size before relaxing)
 .debug_str     0x0000000000089dc1       0x34 ./Core/Startup/startup_stm32f103c8tx.o
                                         0x76 (size before relaxing)
 .debug_str     0x0000000000089df5      0x37a ./Drivers/STM32F1xx_HAL_Driver/Src/stm32f1xx_hal.o
                                      0x7c7f3 (size before relaxing)
 .debug_str     0x000000000008a16f      0x2a8 ./Drivers/STM32F1xx_HAL_Driver/Src/stm32f1xx_hal_cortex.o
                                      0x7c73f (size before relaxing)
 .debug_str     0x000000000008a417      0x2d3 ./Drivers/STM32F1xx_HAL_Driver/Src/stm32f1xx_hal_gpio.o
                                      0x7c446 (size before relaxing)
 .debug_str     0x000000000008a6ea      0x200 ./Drivers/STM32F1xx_HAL_Driver/Src/stm32f1xx_hal_rcc.o
                                      0x7c4ef (size before relaxing)
 .debug_str     0x000000000008a8ea      0x550 ./Drivers/STM32F1xx_HAL_Driver/Src/stm32f1xx_hal_spi.o
                                      0x7c9ec (size before relaxing)
 .debug_str     0x000000000008ae3a      0xa4b ./Middlewares/Third_Party/FreeRTOS/Source/CMSIS_RTOS/cmsis_os.o
                                       0xe42d (size before relaxing)
 .debug_str     0x000000000008b885      0x21b ./Middlewares/Third_Party/FreeRTOS/Source/list.o
                                       0xa720 (size before relaxing)
 .debug_str     0x000000000008baa0     0x11b4 ./Middlewares/Third_Party/FreeRTOS/Source/tasks.o
                                       0xcd61 (size before relaxing)
 .debug_str     0x000000000008cc54      0x66e ./Middlewares/Third_Party/FreeRTOS/Source/portable/GCC/ARM_CM3/port.o
                                       0x9cf3 (size before relaxing)
 .debug_str     0x000000000008d2c2      0x243 ./Middlewares/Third_Party/FreeRTOS/Source/portable/MemMang/heap_4.o
                                       0xae6d (size before relaxing)

.debug_frame    0x0000000000000000     0x35c0
 .debug_frame   0x0000000000000000       0x38 ./Core/Src/freertos.o
 .debug_frame   0x0000000000000038       0xf0 ./Core/Src/main.o
 .debug_frame   0x0000000000000128       0x7c ./Core/Src/stm32f1xx_hal_msp.o
 .debug_frame   0x00000000000001a4       0xc8 ./Core/Src/stm32f1xx_it.o
 .debug_frame   0x000000000000026c       0x58 ./Core/Src/system_stm32f1xx.o
 .debug_frame   0x00000000000002c4       0xb8 ./Core/Src/w5500/TelnetSession.o
 .debug_frame   0x000000000000037c      0x1d4 ./Core/Src/w5500/socket.o
 .debug_frame   0x0000000000000550      0x104 ./Core/Src/w5500/w5500_spi.o
 .debug_frame   0x0000000000000654      0x534 ./Core/Src/w5500/wizchip_conf.o
 .debug_frame   0x0000000000000b88      0x16c ./Core/Src/w5500/W5500/w5500.o
 .debug_frame   0x0000000000000cf4      0x334 ./Drivers/STM32F1xx_HAL_Driver/Src/stm32f1xx_hal.o
 .debug_frame   0x0000000000001028      0x428 ./Drivers/STM32F1xx_HAL_Driver/Src/stm32f1xx_hal_cortex.o
 .debug_frame   0x0000000000001450      0x14c ./Drivers/STM32F1xx_HAL_Driver/Src/stm32f1xx_hal_gpio.o
 .debug_frame   0x000000000000159c      0x218 ./Drivers/STM32F1xx_HAL_Driver/Src/stm32f1xx_hal_rcc.o
 .debug_frame   0x00000000000017b4      0x824 ./Drivers/STM32F1xx_HAL_Driver/Src/stm32f1xx_hal_spi.o
 .debug_frame   0x0000000000001fd8      0x80c ./Middlewares/Third_Party/FreeRTOS/Source/CMSIS_RTOS/cmsis_os.o
 .debug_frame   0x00000000000027e4       0xd8 ./Middlewares/Third_Party/FreeRTOS/Source/list.o
 .debug_frame   0x00000000000028bc      0x734 ./Middlewares/Third_Party/FreeRTOS/Source/tasks.o
 .debug_frame   0x0000000000002ff0      0x198 ./Middlewares/Third_Party/FreeRTOS/Source/portable/GCC/ARM_CM3/port.o
 .debug_frame   0x0000000000003188      0x108 ./Middlewares/Third_Party/FreeRTOS/Source/portable/MemMang/heap_4.o
 .debug_frame   0x0000000000003290      0x144 C:/ST/STM32CubeIDE_1.13.2/STM32CubeIDE/plugins/com.st.stm32cube.ide.mcu.externaltools.gnu-tools-for-stm32.11.3.rel1.win32_1.1.1.202309131626/tools/bin/../lib/gcc/arm-none-eabi/11.3.1/../../../../arm-none-eabi/lib/thumb/v7-m/nofp\libc_nano.a(libc_a-findfp.o)
 .debug_frame   0x00000000000033d4       0x20 C:/ST/STM32CubeIDE_1.13.2/STM32CubeIDE/plugins/com.st.stm32cube.ide.mcu.externaltools.gnu-tools-for-stm32.11.3.rel1.win32_1.1.1.202309131626/tools/bin/../lib/gcc/arm-none-eabi/11.3.1/../../../../arm-none-eabi/lib/thumb/v7-m/nofp\libc_nano.a(libc_a-memset.o)
 .debug_frame   0x00000000000033f4       0x38 C:/ST/STM32CubeIDE_1.13.2/STM32CubeIDE/plugins/com.st.stm32cube.ide.mcu.externaltools.gnu-tools-for-stm32.11.3.rel1.win32_1.1.1.202309131626/tools/bin/../lib/gcc/arm-none-eabi/11.3.1/../../../../arm-none-eabi/lib/thumb/v7-m/nofp\libc_nano.a(libc_a-reent.o)
 .debug_frame   0x000000000000342c       0x2c C:/ST/STM32CubeIDE_1.13.2/STM32CubeIDE/plugins/com.st.stm32cube.ide.mcu.externaltools.gnu-tools-for-stm32.11.3.rel1.win32_1.1.1.202309131626/tools/bin/../lib/gcc/arm-none-eabi/11.3.1/../../../../arm-none-eabi/lib/thumb/v7-m/nofp\libc_nano.a(libc_a-init.o)
 .debug_frame   0x0000000000003458       0xb0 C:/ST/STM32CubeIDE_1.13.2/STM32CubeIDE/plugins/com.st.stm32cube.ide.mcu.externaltools.gnu-tools-for-stm32.11.3.rel1.win32_1.1.1.202309131626/tools/bin/../lib/gcc/arm-none-eabi/11.3.1/../../../../arm-none-eabi/lib/thumb/v7-m/nofp\libc_nano.a(libc_a-lock.o)
 .debug_frame   0x0000000000003508       0x38 C:/ST/STM32CubeIDE_1.13.2/STM32CubeIDE/plugins/com.st.stm32cube.ide.mcu.externaltools.gnu-tools-for-stm32.11.3.rel1.win32_1.1.1.202309131626/tools/bin/../lib/gcc/arm-none-eabi/11.3.1/../../../../arm-none-eabi/lib/thumb/v7-m/nofp\libc_nano.a(libc_a-freer.o)
 .debug_frame   0x0000000000003540       0x50 C:/ST/STM32CubeIDE_1.13.2/STM32CubeIDE/plugins/com.st.stm32cube.ide.mcu.externaltools.gnu-tools-for-stm32.11.3.rel1.win32_1.1.1.202309131626/tools/bin/../lib/gcc/arm-none-eabi/11.3.1/../../../../arm-none-eabi/lib/thumb/v7-m/nofp\libc_nano.a(libc_a-mallocr.o)
 .debug_frame   0x0000000000003590       0x30 C:/ST/STM32CubeIDE_1.13.2/STM32CubeIDE/plugins/com.st.stm32cube.ide.mcu.externaltools.gnu-tools-for-stm32.11.3.rel1.win32_1.1.1.202309131626/tools/bin/../lib/gcc/arm-none-eabi/11.3.1/../../../../arm-none-eabi/lib/thumb/v7-m/nofp\libc_nano.a(libc_a-mlock.o)

.debug_line_str
                0x0000000000000000       0x6a
 .debug_line_str
                0x0000000000000000       0x6a ./Core/Startup/startup_stm32f103c8tx.o
                                         0x82 (size before relaxing)
